<html>
<body>
<pre>
<h1>礦ision Build Log</h1>
<h2>Tool Versions:</h2>
IDE-Version: μVision V5.34.0.0
Copyright (C) 2021 ARM Ltd and ARM Germany GmbH. All rights reserved.
License Information:   ,  , LIC=14HV2-9A503-BS1YX-H5ENL-ND0A2-Q1KLT
 
Tool Versions:
Toolchain:       MDK-ARM Plus  Version: 5.34.0.0
Toolchain Path:  D:\Keil_v5\ARM\ARMCC\Bin
C Compiler:      Armcc.exe V5.06 update 7 (build 960)
Assembler:       Armasm.exe V5.06 update 7 (build 960)
Linker/Locator:  ArmLink.exe V5.06 update 7 (build 960)
Library Manager: ArmAr.exe V5.06 update 7 (build 960)
Hex Converter:   FromElf.exe V5.06 update 7 (build 960)
CPU DLL:         SARMCM3.DLL V5.34.0.0
Dialog DLL:      DCM.DLL V1.17.3.0
Target DLL:      STLink\ST-LINKIII-KEIL_SWO.dll V3.0.8.0
Dialog DLL:      TCM.DLL V1.48.0.0
 
<h2>Project:</h2>
D:\embedded\freeRTOS\rtos_notify\MDK-ARM\rtos_notify.uvprojx
Project File Date:  10/05/2023

<h2>Output:</h2>
*** Using Compiler 'V5.06 update 7 (build 960)', folder: 'D:\Keil_v5\ARM\ARMCC\Bin'
Build target 'rtos_notify'
compiling freertos.c...
../Core/Src/freertos.c(142): warning:  #223-D: function "printf" declared implicitly
  				printf("按键1\r\n");
../Core/Src/freertos.c(152): warning:  #223-D: function "printf" declared implicitly
  				printf("按键2\r\n");
../Core/Src/freertos.c(132): warning:  #177-D: variable "rtn"  was declared but never referenced
  	uint32_t rtn = 0;
../Core/Src/freertos.c(216): warning:  #223-D: function "printf" declared implicitly
  		printf("接收到的通知值为：%d\r\n", notify_val);
../Core/Src/freertos.c(210): warning:  #177-D: variable "rev"  was declared but never referenced
  	uint32_t rev = 0;
../Core/Src/freertos.c(211): warning:  #177-D: variable "event_bit"  was declared but never referenced
  	uint32_t notify_val = 0, event_bit = 0;
../Core/Src/freertos.c: 6 warnings, 0 errors
linking...
Program Size: Code=8068 RO-data=384 RW-data=128 ZI-data=5080  
FromELF: creating hex file...
"rtos_notify\rtos_notify.axf" - 0 Error(s), 6 Warning(s).

<h2>Software Packages used:</h2>

Package Vendor: ARM
                http://www.keil.com/pack/ARM.CMSIS.5.7.0.pack
                ARM.CMSIS.5.7.0
                CMSIS (Cortex Microcontroller Software Interface Standard)
   * Component: CORE Version: 5.4.0

Package Vendor: Keil
                http://www.keil.com/pack/Keil.STM32F1xx_DFP.2.4.0.pack
                Keil.STM32F1xx_DFP.2.4.0
                STMicroelectronics STM32F1 Series Device Support, Drivers and Examples

<h2>Collection of Component include folders:</h2>
  .\RTE\_rtos_notify
  D:\Keil_v5\Arm\Packs\ARM\CMSIS\5.7.0\CMSIS\Core\Include
  D:\Keil_v5\Arm\Packs\Keil\STM32F1xx_DFP\2.4.0\Device\Include

<h2>Collection of Component Files used:</h2>

   * Component: ARM::CMSIS:CORE:5.4.0
      Include file:  CMSIS\Core\Include\tz_context.h
Build Time Elapsed:  00:00:02
</pre>
</body>
</html>
