Component: ARM Compiler 5.06 update 7 (build 960) Tool: armlink [4d3601]

==============================================================================

Section Cross References

    startup_stm32f103xb.o(RESET) refers to startup_stm32f103xb.o(STACK) for __initial_sp
    startup_stm32f103xb.o(RESET) refers to startup_stm32f103xb.o(.text) for Reset_Handler
    startup_stm32f103xb.o(RESET) refers to stm32f1xx_it.o(i.NMI_Handler) for NMI_Handler
    startup_stm32f103xb.o(RESET) refers to stm32f1xx_it.o(i.HardFault_Handler) for HardFault_Handler
    startup_stm32f103xb.o(RESET) refers to stm32f1xx_it.o(i.MemManage_Handler) for MemManage_Handler
    startup_stm32f103xb.o(RESET) refers to stm32f1xx_it.o(i.BusFault_Handler) for BusFault_Handler
    startup_stm32f103xb.o(RESET) refers to stm32f1xx_it.o(i.UsageFault_Handler) for UsageFault_Handler
    startup_stm32f103xb.o(RESET) refers to stm32f1xx_it.o(i.SVC_Handler) for SVC_Handler
    startup_stm32f103xb.o(RESET) refers to stm32f1xx_it.o(i.DebugMon_Handler) for DebugMon_Handler
    startup_stm32f103xb.o(RESET) refers to stm32f1xx_it.o(i.PendSV_Handler) for PendSV_Handler
    startup_stm32f103xb.o(RESET) refers to stm32f1xx_it.o(i.SysTick_Handler) for SysTick_Handler
    startup_stm32f103xb.o(RESET) refers to stm32f1xx_it.o(i.TIM3_IRQHandler) for TIM3_IRQHandler
    startup_stm32f103xb.o(RESET) refers to stm32f1xx_it.o(i.USART1_IRQHandler) for USART1_IRQHandler
    startup_stm32f103xb.o(RESET) refers to stm32f1xx_it.o(i.EXTI15_10_IRQHandler) for EXTI15_10_IRQHandler
    startup_stm32f103xb.o(.text) refers to system_stm32f1xx_1.o(i.SystemInit) for SystemInit
    startup_stm32f103xb.o(.text) refers to entry.o(.ARM.Collect$$$$00000000) for __main
    motor.o(i.backward) refers to stm32f1xx_hal_gpio.o(i.HAL_GPIO_WritePin) for HAL_GPIO_WritePin
    motor.o(i.backward) refers to motor.o(.data) for .data
    motor.o(i.changeMode) refers to tim.o(i.MX_TIM2_Init) for MX_TIM2_Init
    motor.o(i.changeMode) refers to stm32f1xx_hal_tim.o(i.HAL_TIM_PWM_Start) for HAL_TIM_PWM_Start
    motor.o(i.changeMode) refers to stm32f1xx_hal.o(i.HAL_Delay) for HAL_Delay
    motor.o(i.changeMode) refers to stm32f1xx_hal_tim.o(i.HAL_TIM_PWM_Stop) for HAL_TIM_PWM_Stop
    motor.o(i.changeMode) refers to motor.o(i.init_port) for init_port
    motor.o(i.changeMode) refers to motor.o(.data) for .data
    motor.o(i.changeMode) refers to tim.o(.bss) for htim2
    motor.o(i.forward) refers to stm32f1xx_hal_gpio.o(i.HAL_GPIO_WritePin) for HAL_GPIO_WritePin
    motor.o(i.forward) refers to motor.o(.data) for .data
    motor.o(i.forward) refers to tim.o(.bss) for htim2
    motor.o(i.init_port) refers to stm32f1xx_hal_gpio.o(i.HAL_GPIO_WritePin) for HAL_GPIO_WritePin
    motor.o(i.init_port) refers to stm32f1xx_hal_gpio.o(i.HAL_GPIO_Init) for HAL_GPIO_Init
    motor.o(i.leftward) refers to stm32f1xx_hal_gpio.o(i.HAL_GPIO_WritePin) for HAL_GPIO_WritePin
    motor.o(i.leftward) refers to motor.o(.data) for .data
    motor.o(i.leftward) refers to tim.o(.bss) for htim2
    motor.o(i.rightward) refers to stm32f1xx_hal_gpio.o(i.HAL_GPIO_WritePin) for HAL_GPIO_WritePin
    motor.o(i.rightward) refers to motor.o(.data) for .data
    motor.o(i.rightward) refers to tim.o(.bss) for htim2
    motor.o(i.stop) refers to stm32f1xx_hal_gpio.o(i.HAL_GPIO_WritePin) for HAL_GPIO_WritePin
    motor.o(i.stop) refers to motor.o(.data) for .data
    motor.o(i.stop) refers to tim.o(.bss) for htim2
    main.o(i.HAL_GPIO_EXTI_Callback) refers to stm32f1xx_hal_gpio.o(i.HAL_GPIO_ReadPin) for HAL_GPIO_ReadPin
    main.o(i.HAL_GPIO_EXTI_Callback) refers to main.o(.data) for .data
    main.o(i.HAL_TIM_PeriodElapsedCallback) refers to printf6.o(i.__0sprintf$6) for __2sprintf
    main.o(i.HAL_TIM_PeriodElapsedCallback) refers to oled.o(i.oled_show_string) for oled_show_string
    main.o(i.HAL_TIM_PeriodElapsedCallback) refers to main.o(.data) for .data
    main.o(i.HAL_TIM_PeriodElapsedCallback) refers to main.o(.bss) for .bss
    main.o(i.SystemClock_Config) refers to memseta.o(.text) for __aeabi_memclr4
    main.o(i.SystemClock_Config) refers to stm32f1xx_hal_rcc.o(i.HAL_RCC_OscConfig) for HAL_RCC_OscConfig
    main.o(i.SystemClock_Config) refers to stm32f1xx_hal_rcc.o(i.HAL_RCC_ClockConfig) for HAL_RCC_ClockConfig
    main.o(i.fputc) refers to stm32f1xx_hal_uart.o(i.HAL_UART_Transmit) for HAL_UART_Transmit
    main.o(i.fputc) refers to usart.o(.bss) for huart1
    main.o(i.main) refers to stm32f1xx_hal.o(i.HAL_Init) for HAL_Init
    main.o(i.main) refers to main.o(i.SystemClock_Config) for SystemClock_Config
    main.o(i.main) refers to gpio.o(i.MX_GPIO_Init) for MX_GPIO_Init
    main.o(i.main) refers to usart.o(i.MX_USART1_UART_Init) for MX_USART1_UART_Init
    main.o(i.main) refers to tim.o(i.MX_TIM2_Init) for MX_TIM2_Init
    main.o(i.main) refers to tim.o(i.MX_TIM4_Init) for MX_TIM4_Init
    main.o(i.main) refers to tim.o(i.MX_TIM1_Init) for MX_TIM1_Init
    main.o(i.main) refers to tim.o(i.MX_TIM3_Init) for MX_TIM3_Init
[...]
    Removing stm32f1xx_hal_exti.o(i.HAL_EXTI_ClearPending), (20 bytes).
    Removing stm32f1xx_hal_exti.o(i.HAL_EXTI_GenerateSWI), (20 bytes).
    Removing stm32f1xx_hal_exti.o(i.HAL_EXTI_GetConfigLine), (140 bytes).
    Removing stm32f1xx_hal_exti.o(i.HAL_EXTI_GetHandle), (12 bytes).
    Removing stm32f1xx_hal_exti.o(i.HAL_EXTI_GetPending), (24 bytes).
    Removing stm32f1xx_hal_exti.o(i.HAL_EXTI_IRQHandler), (36 bytes).
    Removing stm32f1xx_hal_exti.o(i.HAL_EXTI_RegisterCallback), (14 bytes).
    Removing stm32f1xx_hal_exti.o(i.HAL_EXTI_SetConfigLine), (164 bytes).
    Removing stm32f1xx_hal_i2c.o(.rev16_text), (4 bytes).
    Removing stm32f1xx_hal_i2c.o(.revsh_text), (4 bytes).
    Removing stm32f1xx_hal_i2c.o(.rrx_text), (6 bytes).
    Removing stm32f1xx_hal_i2c.o(i.HAL_I2C_AbortCpltCallback), (2 bytes).
    Removing stm32f1xx_hal_i2c.o(i.HAL_I2C_AddrCallback), (2 bytes).
    Removing stm32f1xx_hal_i2c.o(i.HAL_I2C_DeInit), (50 bytes).
    Removing stm32f1xx_hal_i2c.o(i.HAL_I2C_DisableListen_IT), (68 bytes).
    Removing stm32f1xx_hal_i2c.o(i.HAL_I2C_ER_IRQHandler), (196 bytes).
    Removing stm32f1xx_hal_i2c.o(i.HAL_I2C_EV_IRQHandler), (560 bytes).
    Removing stm32f1xx_hal_i2c.o(i.HAL_I2C_EnableListen_IT), (58 bytes).
    Removing stm32f1xx_hal_i2c.o(i.HAL_I2C_ErrorCallback), (2 bytes).
    Removing stm32f1xx_hal_i2c.o(i.HAL_I2C_GetError), (4 bytes).
    Removing stm32f1xx_hal_i2c.o(i.HAL_I2C_GetMode), (6 bytes).
    Removing stm32f1xx_hal_i2c.o(i.HAL_I2C_GetState), (6 bytes).
    Removing stm32f1xx_hal_i2c.o(i.HAL_I2C_IsDeviceReady), (364 bytes).
    Removing stm32f1xx_hal_i2c.o(i.HAL_I2C_ListenCpltCallback), (2 bytes).
    Removing stm32f1xx_hal_i2c.o(i.HAL_I2C_MasterRxCpltCallback), (2 bytes).
    Removing stm32f1xx_hal_i2c.o(i.HAL_I2C_MasterTxCpltCallback), (2 bytes).
    Removing stm32f1xx_hal_i2c.o(i.HAL_I2C_Master_Abort_IT), (94 bytes).
    Removing stm32f1xx_hal_i2c.o(i.HAL_I2C_Master_Receive), (592 bytes).
    Removing stm32f1xx_hal_i2c.o(i.HAL_I2C_Master_Receive_DMA), (340 bytes).
    Removing stm32f1xx_hal_i2c.o(i.HAL_I2C_Master_Receive_IT), (196 bytes).
    Removing stm32f1xx_hal_i2c.o(i.HAL_I2C_Master_Seq_Receive_DMA), (552 bytes).
    Removing stm32f1xx_hal_i2c.o(i.HAL_I2C_Master_Seq_Receive_IT), (320 bytes).
    Removing stm32f1xx_hal_i2c.o(i.HAL_I2C_Master_Seq_Transmit_DMA), (452 bytes).
    Removing stm32f1xx_hal_i2c.o(i.HAL_I2C_Master_Seq_Transmit_IT), (212 bytes).
    Removing stm32f1xx_hal_i2c.o(i.HAL_I2C_Master_Transmit), (300 bytes).
    Removing stm32f1xx_hal_i2c.o(i.HAL_I2C_Master_Transmit_DMA), (340 bytes).
    Removing stm32f1xx_hal_i2c.o(i.HAL_I2C_Master_Transmit_IT), (184 bytes).
    Removing stm32f1xx_hal_i2c.o(i.HAL_I2C_MemRxCpltCallback), (2 bytes).
    Removing stm32f1xx_hal_i2c.o(i.HAL_I2C_MemTxCpltCallback), (2 bytes).
    Removing stm32f1xx_hal_i2c.o(i.HAL_I2C_Mem_Read), (592 bytes).
    Removing stm32f1xx_hal_i2c.o(i.HAL_I2C_Mem_Read_DMA), (452 bytes).
    Removing stm32f1xx_hal_i2c.o(i.HAL_I2C_Mem_Read_IT), (220 bytes).
    Removing stm32f1xx_hal_i2c.o(i.HAL_I2C_Mem_Write_DMA), (400 bytes).
    Removing stm32f1xx_hal_i2c.o(i.HAL_I2C_Mem_Write_IT), (208 bytes).
    Removing stm32f1xx_hal_i2c.o(i.HAL_I2C_MspDeInit), (2 bytes).
    Removing stm32f1xx_hal_i2c.o(i.HAL_I2C_MspInit), (2 bytes).
    Removing stm32f1xx_hal_i2c.o(i.HAL_I2C_SlaveRxCpltCallback), (2 bytes).
    Removing stm32f1xx_hal_i2c.o(i.HAL_I2C_SlaveTxCpltCallback), (2 bytes).
    Removing stm32f1xx_hal_i2c.o(i.HAL_I2C_Slave_Receive), (372 bytes).
    Removing stm32f1xx_hal_i2c.o(i.HAL_I2C_Slave_Receive_DMA), (228 bytes).
    Removing stm32f1xx_hal_i2c.o(i.HAL_I2C_Slave_Receive_IT), (124 bytes).
    Removing stm32f1xx_hal_i2c.o(i.HAL_I2C_Slave_Seq_Receive_DMA), (352 bytes).
    Removing stm32f1xx_hal_i2c.o(i.HAL_I2C_Slave_Seq_Receive_IT), (116 bytes).
    Removing stm32f1xx_hal_i2c.o(i.HAL_I2C_Slave_Seq_Transmit_DMA), (352 bytes).
    Removing stm32f1xx_hal_i2c.o(i.HAL_I2C_Slave_Seq_Transmit_IT), (116 bytes).
    Removing stm32f1xx_hal_i2c.o(i.HAL_I2C_Slave_Transmit), (348 bytes).
    Removing stm32f1xx_hal_i2c.o(i.HAL_I2C_Slave_Transmit_DMA), (228 bytes).
    Removing stm32f1xx_hal_i2c.o(i.HAL_I2C_Slave_Transmit_IT), (124 bytes).
    Removing stm32f1xx_hal_i2c.o(i.I2C_DMAAbort), (188 bytes).
    Removing stm32f1xx_hal_i2c.o(i.I2C_DMAError), (54 bytes).
    Removing stm32f1xx_hal_i2c.o(i.I2C_DMAXferCplt), (266 bytes).
    Removing stm32f1xx_hal_i2c.o(i.I2C_Flush_DR), (16 bytes).
    Removing stm32f1xx_hal_i2c.o(i.I2C_ITError), (344 bytes).
    Removing stm32f1xx_hal_i2c.o(i.I2C_MasterReceive_BTF), (210 bytes).
    Removing stm32f1xx_hal_i2c.o(i.I2C_MasterReceive_RXNE), (232 bytes).
    Removing stm32f1xx_hal_i2c.o(i.I2C_MasterRequestRead), (236 bytes).
    Removing stm32f1xx_hal_i2c.o(i.I2C_MasterRequestWrite), (156 bytes).
    Removing stm32f1xx_hal_i2c.o(i.I2C_MasterTransmit_BTF), (130 bytes).
    Removing stm32f1xx_hal_i2c.o(i.I2C_MasterTransmit_TXE), (182 bytes).
    Removing stm32f1xx_hal_i2c.o(i.I2C_Master_ADDR), (344 bytes).
    Removing stm32f1xx_hal_i2c.o(i.I2C_Master_SB), (140 bytes).
    Removing stm32f1xx_hal_i2c.o(i.I2C_MemoryTransmit_TXE_BTF), (168 bytes).
    Removing stm32f1xx_hal_i2c.o(i.I2C_RequestMemoryRead), (252 bytes).
    Removing stm32f1xx_hal_i2c.o(i.I2C_Slave_ADDR), (70 bytes).
    Removing stm32f1xx_hal_i2c.o(i.I2C_Slave_AF), (144 bytes).
    Removing stm32f1xx_hal_i2c.o(i.I2C_Slave_STOPF), (348 bytes).
    Removing stm32f1xx_hal_i2c.o(i.I2C_WaitOnRXNEFlagUntilTimeout), (112 bytes).
    Removing system_stm32f1xx_1.o(.rev16_text), (4 bytes).
    Removing system_stm32f1xx_1.o(.revsh_text), (4 bytes).
    Removing system_stm32f1xx_1.o(.rrx_text), (6 bytes).
    Removing system_stm32f1xx_1.o(i.SystemCoreClockUpdate), (104 bytes).
    Removing dadd.o(.text), (334 bytes).
    Removing ddiv.o(.text), (222 bytes).
    Removing dfixul.o(.text), (48 bytes).

476 unused section(s) (total 39903 bytes) removed from the image.

==============================================================================

Image Symbol Table

    Local Symbols

    Symbol Name                              Value     Ov Type        Size  Object(Section)

    ../Core/Src/gpio.c                       0x00000000   Number         0  gpio.o ABSOLUTE
    ../Core/Src/main.c                       0x00000000   Number         0  main.o ABSOLUTE
    ../Core/Src/stm32f1xx_hal_msp.c          0x00000000   Number         0  stm32f1xx_hal_msp.o ABSOLUTE
    ../Core/Src/stm32f1xx_it.c               0x00000000   Number         0  stm32f1xx_it.o ABSOLUTE
    ../Core/Src/system_stm32f1xx.c           0x00000000   Number         0  system_stm32f1xx_1.o ABSOLUTE
    ../Core/Src/usart.c                      0x00000000   Number         0  usart.o ABSOLUTE
    ../Drivers/STM32F1xx_HAL_Driver/Src/stm32f1xx_hal.c 0x00000000   Number         0  stm32f1xx_hal.o ABSOLUTE
    ../Drivers/STM32F1xx_HAL_Driver/Src/stm32f1xx_hal_cortex.c 0x00000000   Number         0  stm32f1xx_hal_cortex.o ABSOLUTE
    ../Drivers/STM32F1xx_HAL_Driver/Src/stm32f1xx_hal_dma.c 0x00000000   Number         0  stm32f1xx_hal_dma.o ABSOLUTE
    ../Drivers/STM32F1xx_HAL_Driver/Src/stm32f1xx_hal_exti.c 0x00000000   Number         0  stm32f1xx_hal_exti.o ABSOLUTE
    ../Drivers/STM32F1xx_HAL_Driver/Src/stm32f1xx_hal_flash.c 0x00000000   Number         0  stm32f1xx_hal_flash.o ABSOLUTE
    ../Drivers/STM32F1xx_HAL_Driver/Src/stm32f1xx_hal_flash_ex.c 0x00000000   Number         0  stm32f1xx_hal_flash_ex.o ABSOLUTE
    ../Drivers/STM32F1xx_HAL_Driver/Src/stm32f1xx_hal_gpio.c 0x00000000   Number         0  stm32f1xx_hal_gpio.o ABSOLUTE
    ../Drivers/STM32F1xx_HAL_Driver/Src/stm32f1xx_hal_gpio_ex.c 0x00000000   Number         0  stm32f1xx_hal_gpio_ex.o ABSOLUTE
    ../Drivers/STM32F1xx_HAL_Driver/Src/stm32f1xx_hal_pwr.c 0x00000000   Number         0  stm32f1xx_hal_pwr.o ABSOLUTE
    ../Drivers/STM32F1xx_HAL_Driver/Src/stm32f1xx_hal_rcc.c 0x00000000   Number         0  stm32f1xx_hal_rcc.o ABSOLUTE
    ../Drivers/STM32F1xx_HAL_Driver/Src/stm32f1xx_hal_rcc_ex.c 0x00000000   Number         0  stm32f1xx_hal_rcc_ex.o ABSOLUTE
    ../Drivers/STM32F1xx_HAL_Driver/Src/stm32f1xx_hal_tim.c 0x00000000   Number         0  stm32f1xx_hal_tim.o ABSOLUTE
    ../Drivers/STM32F1xx_HAL_Driver/Src/stm32f1xx_hal_tim_ex.c 0x00000000   Number         0  stm32f1xx_hal_tim_ex.o ABSOLUTE
    ../Drivers/STM32F1xx_HAL_Driver/Src/stm32f1xx_hal_uart.c 0x00000000   Number         0  stm32f1xx_hal_uart.o ABSOLUTE
    ../clib/microlib/division.c              0x00000000   Number         0  uldiv.o ABSOLUTE
    ../clib/microlib/division.c              0x00000000   Number         0  uidiv.o ABSOLUTE
    ../clib/microlib/init/entry.s            0x00000000   Number         0  entry8b.o ABSOLUTE
    ../clib/microlib/init/entry.s            0x00000000   Number         0  entry8a.o ABSOLUTE
    ../clib/microlib/init/entry.s            0x00000000   Number         0  entry11b.o ABSOLUTE
    ../clib/microlib/init/entry.s            0x00000000   Number         0  entry12a.o ABSOLUTE
    ../clib/microlib/init/entry.s            0x00000000   Number         0  entry10b.o ABSOLUTE
    ../clib/microlib/init/entry.s            0x00000000   Number         0  entry7b.o ABSOLUTE
    ../clib/microlib/init/entry.s            0x00000000   Number         0  entry7a.o ABSOLUTE
    ../clib/microlib/init/entry.s            0x00000000   Number         0  entry2.o ABSOLUTE
    ../clib/microlib/init/entry.s            0x00000000   Number         0  entry9b.o ABSOLUTE
    ../clib/microlib/init/entry.s            0x00000000   Number         0  entry10a.o ABSOLUTE
    ../clib/microlib/init/entry.s            0x00000000   Number         0  entry5.o ABSOLUTE
    ../clib/microlib/init/entry.s            0x00000000   Number         0  entry11a.o ABSOLUTE
    ../clib/microlib/init/entry.s            0x00000000   Number         0  entry.o ABSOLUTE
    ../clib/microlib/init/entry.s            0x00000000   Number         0  entry9a.o ABSOLUTE
    ../clib/microlib/init/entry.s            0x00000000   Number         0  entry12b.o ABSOLUTE
    ../clib/microlib/longlong.c              0x00000000   Number         0  llsshr.o ABSOLUTE
    ../clib/microlib/longlong.c              0x00000000   Number         0  llushr.o ABSOLUTE
    ../clib/microlib/longlong.c              0x00000000   Number         0  llshl.o ABSOLUTE
    ../clib/microlib/printf/printf.c         0x00000000   Number         0  printfb.o ABSOLUTE
    ../clib/microlib/printf/printf.c         0x00000000   Number         0  printf5.o ABSOLUTE
    ../clib/microlib/printf/printf.c         0x00000000   Number         0  printf0.o ABSOLUTE
    ../clib/microlib/printf/printf.c         0x00000000   Number         0  printf1.o ABSOLUTE
    ../clib/microlib/printf/printf.c         0x00000000   Number         0  printf2.o ABSOLUTE
    ../clib/microlib/printf/printf.c         0x00000000   Number         0  printf3.o ABSOLUTE
    ../clib/microlib/printf/printf.c         0x00000000   Number         0  printf4.o ABSOLUTE
    ../clib/microlib/printf/printf.c         0x00000000   Number         0  printf8.o ABSOLUTE
    ../clib/microlib/printf/printf.c         0x00000000   Number         0  printfa.o ABSOLUTE
    ../clib/microlib/printf/printf.c         0x00000000   Number         0  printf6.o ABSOLUTE
    ../clib/microlib/printf/printf.c         0x00000000   Number         0  printf7.o ABSOLUTE
    ../clib/microlib/printf/stubs.s          0x00000000   Number         0  stubs.o ABSOLUTE
    ../clib/microlib/stdio/streams.c         0x00000000   Number         0  stdout.o ABSOLUTE
    ../clib/microlib/string/memset.c         0x00000000   Number         0  memseta.o ABSOLUTE
    ../clib/microlib/string/strcmp.c         0x00000000   Number         0  strcmp.o ABSOLUTE
    ../clib/microlib/stubs.s                 0x00000000   Number         0  iusefp.o ABSOLUTE
    ../fplib/microlib/fpadd.c                0x00000000   Number         0  dadd.o ABSOLUTE
    ../fplib/microlib/fpdiv.c                0x00000000   Number         0  ddiv.o ABSOLUTE
    ../fplib/microlib/fpepilogue.c           0x00000000   Number         0  depilogue.o ABSOLUTE
    ../fplib/microlib/fpfix.c                0x00000000   Number         0  dfixul.o ABSOLUTE
    ../fplib/microlib/fpflt.c                0x00000000   Number         0  dflti.o ABSOLUTE
    ../fplib/microlib/fpmul.c                0x00000000   Number         0  dmul.o ABSOLUTE
    ../fplib/microlib/fpscalb.c              0x00000000   Number         0  dscalb.o ABSOLUTE
    ..\Core\Src\car_function.c               0x00000000   Number         0  car_function.o ABSOLUTE
    ..\Core\Src\dht11.c                      0x00000000   Number         0  dht11.o ABSOLUTE
    ..\Core\Src\gpio.c                       0x00000000   Number         0  gpio.o ABSOLUTE
    ..\Core\Src\i2c.c                        0x00000000   Number         0  i2c.o ABSOLUTE
    ..\Core\Src\main.c                       0x00000000   Number         0  main.o ABSOLUTE
    ..\Core\Src\motor.c                      0x00000000   Number         0  motor.o ABSOLUTE
    ..\Core\Src\oled.c                       0x00000000   Number         0  oled.o ABSOLUTE
    ..\Core\Src\sensor.c                     0x00000000   Number         0  sensor.o ABSOLUTE
    ..\Core\Src\sg90.c                       0x00000000   Number         0  sg90.o ABSOLUTE
    ..\Core\Src\sr04.c                       0x00000000   Number         0  sr04.o ABSOLUTE
    ..\Core\Src\stm32f1xx_hal_msp.c          0x00000000   Number         0  stm32f1xx_hal_msp.o ABSOLUTE
    ..\Core\Src\stm32f1xx_it.c               0x00000000   Number         0  stm32f1xx_it.o ABSOLUTE
    ..\Core\Src\su03.c                       0x00000000   Number         0  su03.o ABSOLUTE
    ..\Core\Src\system_stm32f1xx.c           0x00000000   Number         0  system_stm32f1xx_1.o ABSOLUTE
    ..\Core\Src\tim.c                        0x00000000   Number         0  tim.o ABSOLUTE
    ..\Core\Src\usart.c                      0x00000000   Number         0  usart.o ABSOLUTE
    ..\Drivers\STM32F1xx_HAL_Driver\Src\stm32f1xx_hal.c 0x00000000   Number         0  stm32f1xx_hal.o ABSOLUTE
    ..\Drivers\STM32F1xx_HAL_Driver\Src\stm32f1xx_hal_cortex.c 0x00000000   Number         0  stm32f1xx_hal_cortex.o ABSOLUTE
    ..\Drivers\STM32F1xx_HAL_Driver\Src\stm32f1xx_hal_dma.c 0x00000000   Number         0  stm32f1xx_hal_dma.o ABSOLUTE
    ..\Drivers\STM32F1xx_HAL_Driver\Src\stm32f1xx_hal_exti.c 0x00000000   Number         0  stm32f1xx_hal_exti.o ABSOLUTE
    ..\Drivers\STM32F1xx_HAL_Driver\Src\stm32f1xx_hal_flash.c 0x00000000   Number         0  stm32f1xx_hal_flash.o ABSOLUTE
    ..\Drivers\STM32F1xx_HAL_Driver\Src\stm32f1xx_hal_flash_ex.c 0x00000000   Number         0  stm32f1xx_hal_flash_ex.o ABSOLUTE
    ..\Drivers\STM32F1xx_HAL_Driver\Src\stm32f1xx_hal_gpio.c 0x00000000   Number         0  stm32f1xx_hal_gpio.o ABSOLUTE
    ..\Drivers\STM32F1xx_HAL_Driver\Src\stm32f1xx_hal_gpio_ex.c 0x00000000   Number         0  stm32f1xx_hal_gpio_ex.o ABSOLUTE
    ..\Drivers\STM32F1xx_HAL_Driver\Src\stm32f1xx_hal_i2c.c 0x00000000   Number         0  stm32f1xx_hal_i2c.o ABSOLUTE
    ..\Drivers\STM32F1xx_HAL_Driver\Src\stm32f1xx_hal_pwr.c 0x00000000   Number         0  stm32f1xx_hal_pwr.o ABSOLUTE
    ..\Drivers\STM32F1xx_HAL_Driver\Src\stm32f1xx_hal_rcc.c 0x00000000   Number         0  stm32f1xx_hal_rcc.o ABSOLUTE
    ..\Drivers\STM32F1xx_HAL_Driver\Src\stm32f1xx_hal_rcc_ex.c 0x00000000   Number         0  stm32f1xx_hal_rcc_ex.o ABSOLUTE
    ..\Drivers\STM32F1xx_HAL_Driver\Src\stm32f1xx_hal_tim.c 0x00000000   Number         0  stm32f1xx_hal_tim.o ABSOLUTE
    ..\Drivers\STM32F1xx_HAL_Driver\Src\stm32f1xx_hal_tim_ex.c 0x00000000   Number         0  stm32f1xx_hal_tim_ex.o ABSOLUTE
    ..\Drivers\STM32F1xx_HAL_Driver\Src\stm32f1xx_hal_uart.c 0x00000000   Number         0  stm32f1xx_hal_uart.o ABSOLUTE
    ..\\Core\\Src\\car_function.c            0x00000000   Number         0  car_function.o ABSOLUTE
    ..\\Core\\Src\\dht11.c                   0x00000000   Number         0  dht11.o ABSOLUTE
    ..\\Core\\Src\\i2c.c                     0x00000000   Number         0  i2c.o ABSOLUTE
    ..\\Core\\Src\\motor.c                   0x00000000   Number         0  motor.o ABSOLUTE
    ..\\Core\\Src\\oled.c                    0x00000000   Number         0  oled.o ABSOLUTE
    ..\\Core\\Src\\sensor.c                  0x00000000   Number         0  sensor.o ABSOLUTE
    ..\\Core\\Src\\sg90.c                    0x00000000   Number         0  sg90.o ABSOLUTE
    ..\\Core\\Src\\sr04.c                    0x00000000   Number         0  sr04.o ABSOLUTE
    ..\\Core\\Src\\su03.c                    0x00000000   Number         0  su03.o ABSOLUTE
    ..\\Core\\Src\\tim.c                     0x00000000   Number         0  tim.o ABSOLUTE
    ..\\Drivers\\STM32F1xx_HAL_Driver\\Src\\stm32f1xx_hal_i2c.c 0x00000000   Number         0  stm32f1xx_hal_i2c.o ABSOLUTE
    cdcmple.s                                0x00000000   Number         0  cdcmple.o ABSOLUTE
    cdrcmple.s                               0x00000000   Number         0  cdrcmple.o ABSOLUTE
    dc.s                                     0x00000000   Number         0  dc.o ABSOLUTE
    handlers.s                               0x00000000   Number         0  handlers.o ABSOLUTE
    init.s                                   0x00000000   Number         0  init.o ABSOLUTE
    startup_stm32f103xb.s                    0x00000000   Number         0  startup_stm32f103xb.o ABSOLUTE
    RESET                                    0x08000000   Section      236  startup_stm32f103xb.o(RESET)
    .ARM.Collect$$$$00000000                 0x080000ec   Section        0  entry.o(.ARM.Collect$$$$00000000)
    .ARM.Collect$$$$00000001                 0x080000ec   Section        4  entry2.o(.ARM.Collect$$$$00000001)
    .ARM.Collect$$$$00000004                 0x080000f0   Section        4  entry5.o(.ARM.Collect$$$$00000004)
    .ARM.Collect$$$$00000008                 0x080000f4   Section        0  entry7b.o(.ARM.Collect$$$$00000008)
    .ARM.Collect$$$$0000000A                 0x080000f4   Section        0  entry8b.o(.ARM.Collect$$$$0000000A)
    .ARM.Collect$$$$0000000B                 0x080000f4   Section        8  entry9a.o(.ARM.Collect$$$$0000000B)
    .ARM.Collect$$$$0000000E                 0x080000fc   Section        4  entry12b.o(.ARM.Collect$$$$0000000E)
    .ARM.Collect$$$$0000000F                 0x08000100   Section        0  entry10a.o(.ARM.Collect$$$$0000000F)
    .ARM.Collect$$$$00000011                 0x08000100   Section        0  entry11a.o(.ARM.Collect$$$$00000011)
    .ARM.Collect$$$$00002712                 0x08000100   Section        4  entry2.o(.ARM.Collect$$$$00002712)
    __lit__00000000                          0x08000100   Data           4  entry2.o(.ARM.Collect$$$$00002712)
    .text                                    0x08000104   Section       36  startup_stm32f103xb.o(.text)
    .text                                    0x08000128   Section        0  llushr.o(.text)
    .text                                    0x08000148   Section        0  memseta.o(.text)
    .text                                    0x0800016c   Section        0  strcmp.o(.text)
    .text                                    0x08000188   Section        0  dmul.o(.text)
    .text                                    0x0800026c   Section        0  dscalb.o(.text)
    .text                                    0x0800029a   Section        0  dflti.o(.text)
    .text                                    0x080002bc   Section       48  cdcmple.o(.text)
    .text                                    0x080002ec   Section       48  cdrcmple.o(.text)
    .text                                    0x0800031c   Section        0  uidiv.o(.text)
    .text                                    0x08000348   Section        0  iusefp.o(.text)
    .text                                    0x08000348   Section        0  depilogue.o(.text)
    .text                                    0x08000404   Section       36  init.o(.text)
    .text                                    0x08000428   Section        0  llshl.o(.text)
    i.BusFault_Handler                       0x08000446   Section        0  stm32f1xx_it.o(i.BusFault_Handler)
    i.DebugMon_Handler                       0x08000448   Section        0  stm32f1xx_it.o(i.DebugMon_Handler)
    i.EXTI15_10_IRQHandler                   0x0800044a   Section        0  stm32f1xx_it.o(i.EXTI15_10_IRQHandler)
    i.Error_Handler                          0x08000452   Section        0  main.o(i.Error_Handler)
    i.HAL_DMA_Abort                          0x08000456   Section        0  stm32f1xx_hal_dma.o(i.HAL_DMA_Abort)
    i.HAL_DMA_Abort_IT                       0x0800049c   Section        0  stm32f1xx_hal_dma.o(i.HAL_DMA_Abort_IT)
    i.HAL_Delay                              0x08000534   Section        0  stm32f1xx_hal.o(i.HAL_Delay)
    i.HAL_GPIO_EXTI_Callback                 0x08000558   Section        0  main.o(i.HAL_GPIO_EXTI_Callback)
    i.HAL_GPIO_EXTI_IRQHandler               0x08000580   Section        0  stm32f1xx_hal_gpio.o(i.HAL_GPIO_EXTI_IRQHandler)
    i.HAL_GPIO_Init                          0x08000598   Section        0  stm32f1xx_hal_gpio.o(i.HAL_GPIO_Init)
    i.HAL_GPIO_ReadPin                       0x08000778   Section        0  stm32f1xx_hal_gpio.o(i.HAL_GPIO_ReadPin)
    i.HAL_GPIO_WritePin                      0x08000782   Section        0  stm32f1xx_hal_gpio.o(i.HAL_GPIO_WritePin)
    i.HAL_GetTick                            0x0800078c   Section        0  stm32f1xx_hal.o(i.HAL_GetTick)
    i.HAL_I2C_Init                           0x08000798   Section        0  stm32f1xx_hal_i2c.o(i.HAL_I2C_Init)
    i.HAL_I2C_Mem_Write                      0x08000920   Section        0  stm32f1xx_hal_i2c.o(i.HAL_I2C_Mem_Write)
    i.HAL_I2C_MspInit                        0x08000a50   Section        0  i2c.o(i.HAL_I2C_MspInit)
    i.HAL_IncTick                            0x08000aac   Section        0  stm32f1xx_hal.o(i.HAL_IncTick)
    i.HAL_Init                               0x08000abc   Section        0  stm32f1xx_hal.o(i.HAL_Init)
    i.HAL_InitTick                           0x08000ae0   Section        0  stm32f1xx_hal.o(i.HAL_InitTick)
    i.HAL_MspInit                            0x08000b20   Section        0  stm32f1xx_hal_msp.o(i.HAL_MspInit)
    i.HAL_NVIC_EnableIRQ                     0x08000b5c   Section        0  stm32f1xx_hal_cortex.o(i.HAL_NVIC_EnableIRQ)
    i.HAL_NVIC_SetPriority                   0x08000b78   Section        0  stm32f1xx_hal_cortex.o(i.HAL_NVIC_SetPriority)
    i.HAL_NVIC_SetPriorityGrouping           0x08000bb8   Section        0  stm32f1xx_hal_cortex.o(i.HAL_NVIC_SetPriorityGrouping)
    i.HAL_RCC_ClockConfig                    0x08000bdc   Section        0  stm32f1xx_hal_rcc.o(i.HAL_RCC_ClockConfig)
    i.HAL_RCC_GetPCLK1Freq                   0x08000d08   Section        0  stm32f1xx_hal_rcc.o(i.HAL_RCC_GetPCLK1Freq)
    i.HAL_RCC_GetPCLK2Freq                   0x08000d28   Section        0  stm32f1xx_hal_rcc.o(i.HAL_RCC_GetPCLK2Freq)
    i.HAL_RCC_GetSysClockFreq                0x08000d48   Section        0  stm32f1xx_hal_rcc.o(i.HAL_RCC_GetSysClockFreq)
    i.HAL_RCC_OscConfig                      0x08000d94   Section        0  stm32f1xx_hal_rcc.o(i.HAL_RCC_OscConfig)
    i.HAL_SYSTICK_Config                     0x080010b4   Section        0  stm32f1xx_hal_cortex.o(i.HAL_SYSTICK_Config)
    i.HAL_TIMEx_BreakCallback                0x080010dc   Section        0  stm32f1xx_hal_tim_ex.o(i.HAL_TIMEx_BreakCallback)
    i.HAL_TIMEx_CommutCallback               0x080010de   Section        0  stm32f1xx_hal_tim_ex.o(i.HAL_TIMEx_CommutCallback)
    i.HAL_TIMEx_MasterConfigSynchronization  0x080010e0   Section        0  stm32f1xx_hal_tim_ex.o(i.HAL_TIMEx_MasterConfigSynchronization)
    i.HAL_TIM_Base_Init                      0x08001148   Section        0  stm32f1xx_hal_tim.o(i.HAL_TIM_Base_Init)
    i.HAL_TIM_Base_MspInit                   0x080011a4   Section        0  tim.o(i.HAL_TIM_Base_MspInit)
    i.HAL_TIM_Base_Start                     0x08001228   Section        0  stm32f1xx_hal_tim.o(i.HAL_TIM_Base_Start)
    i.HAL_TIM_Base_Start_IT                  0x08001278   Section        0  stm32f1xx_hal_tim.o(i.HAL_TIM_Base_Start_IT)
    i.HAL_TIM_Base_Stop                      0x080012d0   Section        0  stm32f1xx_hal_tim.o(i.HAL_TIM_Base_Stop)
    i.HAL_TIM_ConfigClockSource              0x080012f6   Section        0  stm32f1xx_hal_tim.o(i.HAL_TIM_ConfigClockSource)
    i.HAL_TIM_IC_CaptureCallback             0x080013d2   Section        0  stm32f1xx_hal_tim.o(i.HAL_TIM_IC_CaptureCallback)
    i.HAL_TIM_IRQHandler                     0x080013d4   Section        0  stm32f1xx_hal_tim.o(i.HAL_TIM_IRQHandler)
    i.HAL_TIM_MspPostInit                    0x0800153c   Section        0  tim.o(i.HAL_TIM_MspPostInit)
    i.HAL_TIM_OC_DelayElapsedCallback        0x080015b0   Section        0  stm32f1xx_hal_tim.o(i.HAL_TIM_OC_DelayElapsedCallback)
    i.HAL_TIM_PWM_ConfigChannel              0x080015b2   Section        0  stm32f1xx_hal_tim.o(i.HAL_TIM_PWM_ConfigChannel)
    i.HAL_TIM_PWM_Init                       0x0800167e   Section        0  stm32f1xx_hal_tim.o(i.HAL_TIM_PWM_Init)
    i.HAL_TIM_PWM_MspInit                    0x080016d8   Section        0  stm32f1xx_hal_tim.o(i.HAL_TIM_PWM_MspInit)
    i.HAL_TIM_PWM_PulseFinishedCallback      0x080016da   Section        0  stm32f1xx_hal_tim.o(i.HAL_TIM_PWM_PulseFinishedCallback)
    i.HAL_TIM_PWM_Start                      0x080016dc   Section        0  stm32f1xx_hal_tim.o(i.HAL_TIM_PWM_Start)
    i.HAL_TIM_PWM_Stop                       0x08001778   Section        0  stm32f1xx_hal_tim.o(i.HAL_TIM_PWM_Stop)
    i.HAL_TIM_PeriodElapsedCallback          0x080017e8   Section        0  main.o(i.HAL_TIM_PeriodElapsedCallback)
    i.HAL_TIM_TriggerCallback                0x08001820   Section        0  stm32f1xx_hal_tim.o(i.HAL_TIM_TriggerCallback)
    i.HAL_UARTEx_RxEventCallback             0x08001822   Section        0  stm32f1xx_hal_uart.o(i.HAL_UARTEx_RxEventCallback)
    i.HAL_UART_ErrorCallback                 0x08001824   Section        0  stm32f1xx_hal_uart.o(i.HAL_UART_ErrorCallback)
    i.HAL_UART_IRQHandler                    0x08001828   Section        0  stm32f1xx_hal_uart.o(i.HAL_UART_IRQHandler)
    i.HAL_UART_Init                          0x08001a94   Section        0  stm32f1xx_hal_uart.o(i.HAL_UART_Init)
    i.HAL_UART_MspInit                       0x08001af8   Section        0  usart.o(i.HAL_UART_MspInit)
    i.HAL_UART_Receive_IT                    0x08001b78   Section        0  stm32f1xx_hal_uart.o(i.HAL_UART_Receive_IT)
    i.HAL_UART_RxCpltCallback                0x08001b94   Section        0  usart.o(i.HAL_UART_RxCpltCallback)
    i.HAL_UART_TxCpltCallback                0x08001c54   Section        0  stm32f1xx_hal_uart.o(i.HAL_UART_TxCpltCallback)
    i.HardFault_Handler                      0x08001c56   Section        0  stm32f1xx_it.o(i.HardFault_Handler)
    i.I2C_IsAcknowledgeFailed                0x08001c58   Section        0  stm32f1xx_hal_i2c.o(i.I2C_IsAcknowledgeFailed)
    I2C_IsAcknowledgeFailed                  0x08001c59   Thumb Code    46  stm32f1xx_hal_i2c.o(i.I2C_IsAcknowledgeFailed)
    i.I2C_RequestMemoryWrite                 0x08001c88   Section        0  stm32f1xx_hal_i2c.o(i.I2C_RequestMemoryWrite)
    I2C_RequestMemoryWrite                   0x08001c89   Thumb Code   162  stm32f1xx_hal_i2c.o(i.I2C_RequestMemoryWrite)
    i.I2C_WaitOnBTFFlagUntilTimeout          0x08001d30   Section        0  stm32f1xx_hal_i2c.o(i.I2C_WaitOnBTFFlagUntilTimeout)
    I2C_WaitOnBTFFlagUntilTimeout            0x08001d31   Thumb Code    86  stm32f1xx_hal_i2c.o(i.I2C_WaitOnBTFFlagUntilTimeout)
    i.I2C_WaitOnFlagUntilTimeout             0x08001d88   Section        0  stm32f1xx_hal_i2c.o(i.I2C_WaitOnFlagUntilTimeout)
    I2C_WaitOnFlagUntilTimeout               0x08001d89   Thumb Code   144  stm32f1xx_hal_i2c.o(i.I2C_WaitOnFlagUntilTimeout)
    i.I2C_WaitOnMasterAddressFlagUntilTimeout 0x08001e18   Section        0  stm32f1xx_hal_i2c.o(i.I2C_WaitOnMasterAddressFlagUntilTimeout)
    I2C_WaitOnMasterAddressFlagUntilTimeout  0x08001e19   Thumb Code   188  stm32f1xx_hal_i2c.o(i.I2C_WaitOnMasterAddressFlagUntilTimeout)
    i.I2C_WaitOnTXEFlagUntilTimeout          0x08001ed4   Section        0  stm32f1xx_hal_i2c.o(i.I2C_WaitOnTXEFlagUntilTimeout)
    I2C_WaitOnTXEFlagUntilTimeout            0x08001ed5   Thumb Code    86  stm32f1xx_hal_i2c.o(i.I2C_WaitOnTXEFlagUntilTimeout)
    i.MX_GPIO_Init                           0x08001f2c   Section        0  gpio.o(i.MX_GPIO_Init)
    i.MX_I2C1_Init                           0x08002010   Section        0  i2c.o(i.MX_I2C1_Init)
    i.MX_TIM1_Init                           0x08002050   Section        0  tim.o(i.MX_TIM1_Init)
    i.MX_TIM2_Init                           0x080020bc   Section        0  tim.o(i.MX_TIM2_Init)
    i.MX_TIM3_Init                           0x08002164   Section        0  tim.o(i.MX_TIM3_Init)
    i.MX_TIM4_Init                           0x080021d0   Section        0  tim.o(i.MX_TIM4_Init)
    i.MX_USART1_UART_Init                    0x0800226c   Section        0  usart.o(i.MX_USART1_UART_Init)
    i.MemManage_Handler                      0x080022a4   Section        0  stm32f1xx_it.o(i.MemManage_Handler)
    i.NMI_Handler                            0x080022a6   Section        0  stm32f1xx_it.o(i.NMI_Handler)
    i.Oled_Show_Char                         0x080022a8   Section        0  oled.o(i.Oled_Show_Char)
    i.PendSV_Handler                         0x08002334   Section        0  stm32f1xx_it.o(i.PendSV_Handler)
    i.SVC_Handler                            0x08002336   Section        0  stm32f1xx_it.o(i.SVC_Handler)
    i.SysTick_Handler                        0x08002338   Section        0  stm32f1xx_it.o(i.SysTick_Handler)
    i.SystemClock_Config                     0x0800233c   Section        0  main.o(i.SystemClock_Config)
    i.SystemInit                             0x0800239a   Section        0  system_stm32f1xx_1.o(i.SystemInit)
    i.TIM3_IRQHandler                        0x0800239c   Section        0  stm32f1xx_it.o(i.TIM3_IRQHandler)
    i.TIM_Base_SetConfig                     0x080023a8   Section        0  stm32f1xx_hal_tim.o(i.TIM_Base_SetConfig)
    i.TIM_CCxChannelCmd                      0x08002414   Section        0  stm32f1xx_hal_tim.o(i.TIM_CCxChannelCmd)
    i.TIM_ETR_SetConfig                      0x0800242e   Section        0  stm32f1xx_hal_tim.o(i.TIM_ETR_SetConfig)
    i.TIM_ITRx_SetConfig                     0x08002442   Section        0  stm32f1xx_hal_tim.o(i.TIM_ITRx_SetConfig)
    TIM_ITRx_SetConfig                       0x08002443   Thumb Code    16  stm32f1xx_hal_tim.o(i.TIM_ITRx_SetConfig)
    i.TIM_OC1_SetConfig                      0x08002454   Section        0  stm32f1xx_hal_tim.o(i.TIM_OC1_SetConfig)
    TIM_OC1_SetConfig                        0x08002455   Thumb Code    74  stm32f1xx_hal_tim.o(i.TIM_OC1_SetConfig)
    i.TIM_OC2_SetConfig                      0x080024a4   Section        0  stm32f1xx_hal_tim.o(i.TIM_OC2_SetConfig)
    i.TIM_OC3_SetConfig                      0x080024fc   Section        0  stm32f1xx_hal_tim.o(i.TIM_OC3_SetConfig)
    TIM_OC3_SetConfig                        0x080024fd   Thumb Code    82  stm32f1xx_hal_tim.o(i.TIM_OC3_SetConfig)
    i.TIM_OC4_SetConfig                      0x08002554   Section        0  stm32f1xx_hal_tim.o(i.TIM_OC4_SetConfig)
    TIM_OC4_SetConfig                        0x08002555   Thumb Code    64  stm32f1xx_hal_tim.o(i.TIM_OC4_SetConfig)
    i.TIM_TI1_ConfigInputStage               0x08002598   Section        0  stm32f1xx_hal_tim.o(i.TIM_TI1_ConfigInputStage)
    TIM_TI1_ConfigInputStage                 0x08002599   Thumb Code    34  stm32f1xx_hal_tim.o(i.TIM_TI1_ConfigInputStage)
    i.TIM_TI2_ConfigInputStage               0x080025ba   Section        0  stm32f1xx_hal_tim.o(i.TIM_TI2_ConfigInputStage)
    TIM_TI2_ConfigInputStage                 0x080025bb   Thumb Code    36  stm32f1xx_hal_tim.o(i.TIM_TI2_ConfigInputStage)
    i.UART_DMAAbortOnError                   0x080025de   Section        0  stm32f1xx_hal_uart.o(i.UART_DMAAbortOnError)
    UART_DMAAbortOnError                     0x080025df   Thumb Code    16  stm32f1xx_hal_uart.o(i.UART_DMAAbortOnError)
    i.UART_EndRxTransfer                     0x080025ee   Section        0  stm32f1xx_hal_uart.o(i.UART_EndRxTransfer)
    UART_EndRxTransfer                       0x080025ef   Thumb Code    78  stm32f1xx_hal_uart.o(i.UART_EndRxTransfer)
    i.UART_Receive_IT                        0x0800263c   Section        0  stm32f1xx_hal_uart.o(i.UART_Receive_IT)
    UART_Receive_IT                          0x0800263d   Thumb Code   194  stm32f1xx_hal_uart.o(i.UART_Receive_IT)
    i.UART_SetConfig                         0x08002700   Section        0  stm32f1xx_hal_uart.o(i.UART_SetConfig)
    UART_SetConfig                           0x08002701   Thumb Code   178  stm32f1xx_hal_uart.o(i.UART_SetConfig)
    i.UART_Start_Receive_IT                  0x080027b8   Section        0  stm32f1xx_hal_uart.o(i.UART_Start_Receive_IT)
    i.USART1_IRQHandler                      0x080027f0   Section        0  stm32f1xx_it.o(i.USART1_IRQHandler)
    i.UsageFault_Handler                     0x080027fc   Section        0  stm32f1xx_it.o(i.UsageFault_Handler)
    i.__0sprintf$6                           0x08002800   Section        0  printf6.o(i.__0sprintf$6)
    i.__NVIC_SetPriority                     0x08002828   Section        0  stm32f1xx_hal_cortex.o(i.__NVIC_SetPriority)
    __NVIC_SetPriority                       0x08002829   Thumb Code    32  stm32f1xx_hal_cortex.o(i.__NVIC_SetPriority)
    i.__scatterload_copy                     0x08002848   Section       14  handlers.o(i.__scatterload_copy)
    i.__scatterload_null                     0x08002856   Section        2  handlers.o(i.__scatterload_null)
    i.__scatterload_zeroinit                 0x08002858   Section       14  handlers.o(i.__scatterload_zeroinit)
    i._printf_core                           0x08002868   Section        0  printf6.o(i._printf_core)
    _printf_core                             0x08002869   Thumb Code   748  printf6.o(i._printf_core)
    i._printf_post_padding                   0x08002b58   Section        0  printf6.o(i._printf_post_padding)
    _printf_post_padding                     0x08002b59   Thumb Code    36  printf6.o(i._printf_post_padding)
    i._printf_pre_padding                    0x08002b7c   Section        0  printf6.o(i._printf_pre_padding)
    _printf_pre_padding                      0x08002b7d   Thumb Code    46  printf6.o(i._printf_pre_padding)
    i._sputc                                 0x08002baa   Section        0  printf6.o(i._sputc)
    _sputc                                   0x08002bab   Thumb Code    10  printf6.o(i._sputc)
    i.avoid                                  0x08002bb4   Section        0  car_function.o(i.avoid)
    i.backward                               0x08002cbc   Section        0  motor.o(i.backward)
    i.changeMode                             0x08002d04   Section        0  motor.o(i.changeMode)
    i.follow                                 0x08002d4c   Section        0  car_function.o(i.follow)
    i.forward                                0x08002ddc   Section        0  motor.o(i.forward)
    i.get_distance                           0x08002e34   Section        0  sr04.o(i.get_distance)
    i.get_mode                               0x08002ebc   Section        0  su03.o(i.get_mode)
    i.iic_write_cmd                          0x08002f70   Section        0  oled.o(i.iic_write_cmd)
    i.iic_write_data                         0x08002f94   Section        0  oled.o(i.iic_write_data)
    i.init_port                              0x08002fb8   Section        0  motor.o(i.init_port)
    i.leftFollowValue                        0x08003008   Section        0  sensor.o(i.leftFollowValue)
    i.leftTraceValue                         0x08003014   Section        0  sensor.o(i.leftTraceValue)
    i.leftward                               0x08003020   Section        0  motor.o(i.leftward)
    i.main                                   0x08003078   Section        0  main.o(i.main)
    i.oled_clear                             0x08003118   Section        0  oled.o(i.oled_clear)
    i.oled_clear_1_line                      0x08003124   Section        0  oled.o(i.oled_clear_1_line)
    i.oled_clear_base                        0x08003130   Section        0  oled.o(i.oled_clear_base)
    i.oled_init                              0x0800317c   Section        0  oled.o(i.oled_init)
    i.oled_show_string                       0x08003224   Section        0  oled.o(i.oled_show_string)
    i.rightFollowValue                       0x08003244   Section        0  sensor.o(i.rightFollowValue)
    i.rightTraceValue                        0x08003254   Section        0  sensor.o(i.rightTraceValue)
    i.rightward                              0x08003260   Section        0  motor.o(i.rightward)
    i.sg90_init                              0x080032b8   Section        0  sg90.o(i.sg90_init)
    i.stop                                   0x080032d0   Section        0  motor.o(i.stop)
    i.stop_car                               0x08003328   Section        0  car_function.o(i.stop_car)
    i.time1_delay_us                         0x08003360   Section        0  sr04.o(i.time1_delay_us)
    i.traceing                               0x0800339c   Section        0  car_function.o(i.traceing)
    i.turn_0_degree                          0x08003430   Section        0  sg90.o(i.turn_0_degree)
    i.turn_180_degree                        0x08003440   Section        0  sg90.o(i.turn_180_degree)
    i.turn_90_degree                         0x08003450   Section        0  sg90.o(i.turn_90_degree)
    .constdata                               0x08003460   Section     1520  oled.o(.constdata)
    .constdata                               0x08003a50   Section       18  stm32f1xx_hal_rcc.o(.constdata)
    aPredivFactorTable                       0x08003a50   Data           2  stm32f1xx_hal_rcc.o(.constdata)
    aPLLMULFactorTable                       0x08003a52   Data          16  stm32f1xx_hal_rcc.o(.constdata)
    .constdata                               0x08003a62   Section       16  system_stm32f1xx_1.o(.constdata)
    .constdata                               0x08003a72   Section        8  system_stm32f1xx_1.o(.constdata)
    .data                                    0x20000000   Section        1  motor.o(.data)
    .data                                    0x20000004   Section        4  main.o(.data)
    .data                                    0x20000008   Section        4  usart.o(.data)
    .data                                    0x2000000c   Section        1  su03.o(.data)
    .data                                    0x20000010   Section       32  car_function.o(.data)
    .data                                    0x20000030   Section       12  stm32f1xx_hal.o(.data)
    .data                                    0x2000003c   Section        4  system_stm32f1xx_1.o(.data)
    .bss                                     0x20000040   Section       24  main.o(.bss)
    .bss                                     0x20000058   Section      272  usart.o(.bss)
    .bss                                     0x20000168   Section      288  tim.o(.bss)
    .bss                                     0x20000288   Section       84  i2c.o(.bss)
    STACK                                    0x200002e0   Section     1024  startup_stm32f103xb.o(STACK)

    Global Symbols

    Symbol Name                              Value     Ov Type        Size  Object(Section)

    BuildAttributes$$THM_ISAv4$P$D$K$B$S$PE$A:L22UL41UL21$X:L11$S22US41US21$IEEE1$IW$USESV6$~STKCKD$USESV7$~SHL$OSPACE$ROPI$EBA8$MICROLIB$REQ8$PRES8$EABIv2 0x00000000   Number         0  anon$$obj.o ABSOLUTE
    __ARM_use_no_argv                        0x00000000   Number         0  main.o ABSOLUTE
    _printf_a                                0x00000000   Number         0  stubs.o ABSOLUTE
    _printf_c                                0x00000000   Number         0  stubs.o ABSOLUTE
    _printf_charcount                        0x00000000   Number         0  stubs.o ABSOLUTE
    _printf_d                                0x00000000   Number         0  stubs.o ABSOLUTE
    _printf_e                                0x00000000   Number         0  stubs.o ABSOLUTE
    _printf_f                                0x00000000   Number         0  stubs.o ABSOLUTE
    _printf_flags                            0x00000000   Number         0  stubs.o ABSOLUTE
    _printf_fp_dec                           0x00000000   Number         0  stubs.o ABSOLUTE
    _printf_fp_hex                           0x00000000   Number         0  stubs.o ABSOLUTE
    _printf_g                                0x00000000   Number         0  stubs.o ABSOLUTE
    _printf_i                                0x00000000   Number         0  stubs.o ABSOLUTE
    _printf_int_dec                          0x00000000   Number         0  stubs.o ABSOLUTE
    _printf_l                                0x00000000   Number         0  stubs.o ABSOLUTE
    _printf_lc                               0x00000000   Number         0  stubs.o ABSOLUTE
    _printf_ll                               0x00000000   Number         0  stubs.o ABSOLUTE
    _printf_lld                              0x00000000   Number         0  stubs.o ABSOLUTE
    _printf_lli                              0x00000000   Number         0  stubs.o ABSOLUTE
    _printf_llo                              0x00000000   Number         0  stubs.o ABSOLUTE
    _printf_llu                              0x00000000   Number         0  stubs.o ABSOLUTE
    _printf_llx                              0x00000000   Number         0  stubs.o ABSOLUTE
    _printf_longlong_dec                     0x00000000   Number         0  stubs.o ABSOLUTE
    _printf_longlong_hex                     0x00000000   Number         0  stubs.o ABSOLUTE
    _printf_longlong_oct                     0x00000000   Number         0  stubs.o ABSOLUTE
    _printf_ls                               0x00000000   Number         0  stubs.o ABSOLUTE
    _printf_mbtowc                           0x00000000   Number         0  stubs.o ABSOLUTE
    _printf_n                                0x00000000   Number         0  stubs.o ABSOLUTE
    _printf_o                                0x00000000   Number         0  stubs.o ABSOLUTE
    _printf_p                                0x00000000   Number         0  stubs.o ABSOLUTE
    _printf_percent                          0x00000000   Number         0  stubs.o ABSOLUTE
    _printf_pre_padding                      0x00000000   Number         0  stubs.o ABSOLUTE
    _printf_return_value                     0x00000000   Number         0  stubs.o ABSOLUTE
    _printf_s                                0x00000000   Number         0  stubs.o ABSOLUTE
    _printf_sizespec                         0x00000000   Number         0  stubs.o ABSOLUTE
    _printf_str                              0x00000000   Number         0  stubs.o ABSOLUTE
    _printf_truncate_signed                  0x00000000   Number         0  stubs.o ABSOLUTE
    _printf_truncate_unsigned                0x00000000   Number         0  stubs.o ABSOLUTE
    _printf_u                                0x00000000   Number         0  stubs.o ABSOLUTE
    _printf_wc                               0x00000000   Number         0  stubs.o ABSOLUTE
    _printf_wctomb                           0x00000000   Number         0  stubs.o ABSOLUTE
    _printf_widthprec                        0x00000000   Number         0  stubs.o ABSOLUTE
    _printf_x                                0x00000000   Number         0  stubs.o ABSOLUTE
    __arm_fini_                               - Undefined Weak Reference
    __cpp_initialize__aeabi_                  - Undefined Weak Reference
    __cxa_finalize                            - Undefined Weak Reference
    __decompress                              - Undefined Weak Reference
    _clock_init                               - Undefined Weak Reference
    _microlib_exit                            - Undefined Weak Reference
    __Vectors_Size                           0x000000ec   Number         0  startup_stm32f103xb.o ABSOLUTE
    __Vectors                                0x08000000   Data           4  startup_stm32f103xb.o(RESET)
    __Vectors_End                            0x080000ec   Data           0  startup_stm32f103xb.o(RESET)
    __main                                   0x080000ed   Thumb Code     0  entry.o(.ARM.Collect$$$$00000000)
    _main_stk                                0x080000ed   Thumb Code     0  entry2.o(.ARM.Collect$$$$00000001)
    _main_scatterload                        0x080000f1   Thumb Code     0  entry5.o(.ARM.Collect$$$$00000004)
    __main_after_scatterload                 0x080000f5   Thumb Code     0  entry5.o(.ARM.Collect$$$$00000004)
    _main_clock                              0x080000f5   Thumb Code     0  entry7b.o(.ARM.Collect$$$$00000008)
    _main_cpp_init                           0x080000f5   Thumb Code     0  entry8b.o(.ARM.Collect$$$$0000000A)
    _main_init                               0x080000f5   Thumb Code     0  entry9a.o(.ARM.Collect$$$$0000000B)
    __rt_lib_shutdown_fini                   0x080000fd   Thumb Code     0  entry12b.o(.ARM.Collect$$$$0000000E)
    __rt_final_cpp                           0x08000101   Thumb Code     0  entry10a.o(.ARM.Collect$$$$0000000F)
    __rt_final_exit                          0x08000101   Thumb Code     0  entry11a.o(.ARM.Collect$$$$00000011)
    Reset_Handler                            0x08000105   Thumb Code     8  startup_stm32f103xb.o(.text)
    ADC1_2_IRQHandler                        0x0800011f   Thumb Code     0  startup_stm32f103xb.o(.text)
    CAN1_RX1_IRQHandler                      0x0800011f   Thumb Code     0  startup_stm32f103xb.o(.text)
    CAN1_SCE_IRQHandler                      0x0800011f   Thumb Code     0  startup_stm32f103xb.o(.text)
    DMA1_Channel1_IRQHandler                 0x0800011f   Thumb Code     0  startup_stm32f103xb.o(.text)
    DMA1_Channel2_IRQHandler                 0x0800011f   Thumb Code     0  startup_stm32f103xb.o(.text)
    DMA1_Channel3_IRQHandler                 0x0800011f   Thumb Code     0  startup_stm32f103xb.o(.text)
    DMA1_Channel4_IRQHandler                 0x0800011f   Thumb Code     0  startup_stm32f103xb.o(.text)
    DMA1_Channel5_IRQHandler                 0x0800011f   Thumb Code     0  startup_stm32f103xb.o(.text)
    DMA1_Channel6_IRQHandler                 0x0800011f   Thumb Code     0  startup_stm32f103xb.o(.text)
    DMA1_Channel7_IRQHandler                 0x0800011f   Thumb Code     0  startup_stm32f103xb.o(.text)
    EXTI0_IRQHandler                         0x0800011f   Thumb Code     0  startup_stm32f103xb.o(.text)
    EXTI1_IRQHandler                         0x0800011f   Thumb Code     0  startup_stm32f103xb.o(.text)
    EXTI2_IRQHandler                         0x0800011f   Thumb Code     0  startup_stm32f103xb.o(.text)
    EXTI3_IRQHandler                         0x0800011f   Thumb Code     0  startup_stm32f103xb.o(.text)
    EXTI4_IRQHandler                         0x0800011f   Thumb Code     0  startup_stm32f103xb.o(.text)
    EXTI9_5_IRQHandler                       0x0800011f   Thumb Code     0  startup_stm32f103xb.o(.text)
    FLASH_IRQHandler                         0x0800011f   Thumb Code     0  startup_stm32f103xb.o(.text)
    I2C1_ER_IRQHandler                       0x0800011f   Thumb Code     0  startup_stm32f103xb.o(.text)
    I2C1_EV_IRQHandler                       0x0800011f   Thumb Code     0  startup_stm32f103xb.o(.text)
    I2C2_ER_IRQHandler                       0x0800011f   Thumb Code     0  startup_stm32f103xb.o(.text)
    I2C2_EV_IRQHandler                       0x0800011f   Thumb Code     0  startup_stm32f103xb.o(.text)
    PVD_IRQHandler                           0x0800011f   Thumb Code     0  startup_stm32f103xb.o(.text)
    RCC_IRQHandler                           0x0800011f   Thumb Code     0  startup_stm32f103xb.o(.text)
    RTC_Alarm_IRQHandler                     0x0800011f   Thumb Code     0  startup_stm32f103xb.o(.text)
    RTC_IRQHandler                           0x0800011f   Thumb Code     0  startup_stm32f103xb.o(.text)
    SPI1_IRQHandler                          0x0800011f   Thumb Code     0  startup_stm32f103xb.o(.text)
    SPI2_IRQHandler                          0x0800011f   Thumb Code     0  startup_stm32f103xb.o(.text)
    TAMPER_IRQHandler                        0x0800011f   Thumb Code     0  startup_stm32f103xb.o(.text)
    TIM1_BRK_IRQHandler                      0x0800011f   Thumb Code     0  startup_stm32f103xb.o(.text)
    TIM1_CC_IRQHandler                       0x0800011f   Thumb Code     0  startup_stm32f103xb.o(.text)
    TIM1_TRG_COM_IRQHandler                  0x0800011f   Thumb Code     0  startup_stm32f103xb.o(.text)
    TIM1_UP_IRQHandler                       0x0800011f   Thumb Code     0  startup_stm32f103xb.o(.text)
    TIM2_IRQHandler                          0x0800011f   Thumb Code     0  startup_stm32f103xb.o(.text)
    TIM4_IRQHandler                          0x0800011f   Thumb Code     0  startup_stm32f103xb.o(.text)
    USART2_IRQHandler                        0x0800011f   Thumb Code     0  startup_stm32f103xb.o(.text)
    USART3_IRQHandler                        0x0800011f   Thumb Code     0  startup_stm32f103xb.o(.text)
    USBWakeUp_IRQHandler                     0x0800011f   Thumb Code     0  startup_stm32f103xb.o(.text)
    USB_HP_CAN1_TX_IRQHandler                0x0800011f   Thumb Code     0  startup_stm32f103xb.o(.text)
    USB_LP_CAN1_RX0_IRQHandler               0x0800011f   Thumb Code     0  startup_stm32f103xb.o(.text)
    WWDG_IRQHandler                          0x0800011f   Thumb Code     0  startup_stm32f103xb.o(.text)
    __aeabi_llsr                             0x08000129   Thumb Code    32  llushr.o(.text)
    _ll_ushift_r                             0x08000129   Thumb Code     0  llushr.o(.text)
    __aeabi_memset                           0x08000149   Thumb Code    14  memseta.o(.text)
    __aeabi_memset4                          0x08000149   Thumb Code     0  memseta.o(.text)
    __aeabi_memset8                          0x08000149   Thumb Code     0  memseta.o(.text)
    __aeabi_memclr                           0x08000157   Thumb Code     4  memseta.o(.text)
    __aeabi_memclr4                          0x08000157   Thumb Code     0  memseta.o(.text)
    __aeabi_memclr8                          0x08000157   Thumb Code     0  memseta.o(.text)
    _memset$wrapper                          0x0800015b   Thumb Code    18  memseta.o(.text)
    strcmp                                   0x0800016d   Thumb Code    28  strcmp.o(.text)
    __aeabi_dmul                             0x08000189   Thumb Code   228  dmul.o(.text)
    __ARM_scalbn                             0x0800026d   Thumb Code    46  dscalb.o(.text)
    scalbn                                   0x0800026d   Thumb Code     0  dscalb.o(.text)
    __aeabi_i2d                              0x0800029b   Thumb Code    34  dflti.o(.text)
    __aeabi_cdcmpeq                          0x080002bd   Thumb Code     0  cdcmple.o(.text)
    __aeabi_cdcmple                          0x080002bd   Thumb Code    48  cdcmple.o(.text)
    __aeabi_cdrcmple                         0x080002ed   Thumb Code    48  cdrcmple.o(.text)
    __aeabi_uidiv                            0x0800031d   Thumb Code     0  uidiv.o(.text)
    __aeabi_uidivmod                         0x0800031d   Thumb Code    44  uidiv.o(.text)
    __I$use$fp                               0x08000349   Thumb Code     0  iusefp.o(.text)
    _double_round                            0x08000349   Thumb Code    30  depilogue.o(.text)
    _double_epilogue                         0x08000367   Thumb Code   156  depilogue.o(.text)
    __scatterload                            0x08000405   Thumb Code    28  init.o(.text)
    __scatterload_rt2                        0x08000405   Thumb Code     0  init.o(.text)
    __aeabi_llsl                             0x08000429   Thumb Code    30  llshl.o(.text)
    _ll_shift_l                              0x08000429   Thumb Code     0  llshl.o(.text)
    BusFault_Handler                         0x08000447   Thumb Code     2  stm32f1xx_it.o(i.BusFault_Handler)
    DebugMon_Handler                         0x08000449   Thumb Code     2  stm32f1xx_it.o(i.DebugMon_Handler)
    EXTI15_10_IRQHandler                     0x0800044b   Thumb Code     8  stm32f1xx_it.o(i.EXTI15_10_IRQHandler)
    Error_Handler                            0x08000453   Thumb Code     4  main.o(i.Error_Handler)
    HAL_DMA_Abort                            0x08000457   Thumb Code    70  stm32f1xx_hal_dma.o(i.HAL_DMA_Abort)
    HAL_DMA_Abort_IT                         0x0800049d   Thumb Code   148  stm32f1xx_hal_dma.o(i.HAL_DMA_Abort_IT)
    HAL_Delay                                0x08000535   Thumb Code    32  stm32f1xx_hal.o(i.HAL_Delay)
    HAL_GPIO_EXTI_Callback                   0x08000559   Thumb Code    30  main.o(i.HAL_GPIO_EXTI_Callback)
    HAL_GPIO_EXTI_IRQHandler                 0x08000581   Thumb Code    18  stm32f1xx_hal_gpio.o(i.HAL_GPIO_EXTI_IRQHandler)
    HAL_GPIO_Init                            0x08000599   Thumb Code   446  stm32f1xx_hal_gpio.o(i.HAL_GPIO_Init)
    HAL_GPIO_ReadPin                         0x08000779   Thumb Code    10  stm32f1xx_hal_gpio.o(i.HAL_GPIO_ReadPin)
    HAL_GPIO_WritePin                        0x08000783   Thumb Code    10  stm32f1xx_hal_gpio.o(i.HAL_GPIO_WritePin)
    HAL_GetTick                              0x0800078d   Thumb Code     6  stm32f1xx_hal.o(i.HAL_GetTick)
    HAL_I2C_Init                             0x08000799   Thumb Code   376  stm32f1xx_hal_i2c.o(i.HAL_I2C_Init)
    HAL_I2C_Mem_Write                        0x08000921   Thumb Code   294  stm32f1xx_hal_i2c.o(i.HAL_I2C_Mem_Write)
    HAL_I2C_MspInit                          0x08000a51   Thumb Code    80  i2c.o(i.HAL_I2C_MspInit)
    HAL_IncTick                              0x08000aad   Thumb Code    12  stm32f1xx_hal.o(i.HAL_IncTick)
    HAL_Init                                 0x08000abd   Thumb Code    32  stm32f1xx_hal.o(i.HAL_Init)
    HAL_InitTick                             0x08000ae1   Thumb Code    54  stm32f1xx_hal.o(i.HAL_InitTick)
    HAL_MspInit                              0x08000b21   Thumb Code    52  stm32f1xx_hal_msp.o(i.HAL_MspInit)
    HAL_NVIC_EnableIRQ                       0x08000b5d   Thumb Code    26  stm32f1xx_hal_cortex.o(i.HAL_NVIC_EnableIRQ)
    HAL_NVIC_SetPriority                     0x08000b79   Thumb Code    60  stm32f1xx_hal_cortex.o(i.HAL_NVIC_SetPriority)
    HAL_NVIC_SetPriorityGrouping             0x08000bb9   Thumb Code    26  stm32f1xx_hal_cortex.o(i.HAL_NVIC_SetPriorityGrouping)
    HAL_RCC_ClockConfig                      0x08000bdd   Thumb Code   280  stm32f1xx_hal_rcc.o(i.HAL_RCC_ClockConfig)
    HAL_RCC_GetPCLK1Freq                     0x08000d09   Thumb Code    20  stm32f1xx_hal_rcc.o(i.HAL_RCC_GetPCLK1Freq)
    HAL_RCC_GetPCLK2Freq                     0x08000d29   Thumb Code    20  stm32f1xx_hal_rcc.o(i.HAL_RCC_GetPCLK2Freq)
    HAL_RCC_GetSysClockFreq                  0x08000d49   Thumb Code    58  stm32f1xx_hal_rcc.o(i.HAL_RCC_GetSysClockFreq)
    HAL_RCC_OscConfig                        0x08000d95   Thumb Code   778  stm32f1xx_hal_rcc.o(i.HAL_RCC_OscConfig)
    HAL_SYSTICK_Config                       0x080010b5   Thumb Code    40  stm32f1xx_hal_cortex.o(i.HAL_SYSTICK_Config)
    HAL_TIMEx_BreakCallback                  0x080010dd   Thumb Code     2  stm32f1xx_hal_tim_ex.o(i.HAL_TIMEx_BreakCallback)
    HAL_TIMEx_CommutCallback                 0x080010df   Thumb Code     2  stm32f1xx_hal_tim_ex.o(i.HAL_TIMEx_CommutCallback)
    HAL_TIMEx_MasterConfigSynchronization    0x080010e1   Thumb Code    92  stm32f1xx_hal_tim_ex.o(i.HAL_TIMEx_MasterConfigSynchronization)
    HAL_TIM_Base_Init                        0x08001149   Thumb Code    90  stm32f1xx_hal_tim.o(i.HAL_TIM_Base_Init)
    HAL_TIM_Base_MspInit                     0x080011a5   Thumb Code   116  tim.o(i.HAL_TIM_Base_MspInit)
    HAL_TIM_Base_Start                       0x08001229   Thumb Code    66  stm32f1xx_hal_tim.o(i.HAL_TIM_Base_Start)
    HAL_TIM_Base_Start_IT                    0x08001279   Thumb Code    76  stm32f1xx_hal_tim.o(i.HAL_TIM_Base_Start_IT)
    HAL_TIM_Base_Stop                        0x080012d1   Thumb Code    38  stm32f1xx_hal_tim.o(i.HAL_TIM_Base_Stop)
    HAL_TIM_ConfigClockSource                0x080012f7   Thumb Code   220  stm32f1xx_hal_tim.o(i.HAL_TIM_ConfigClockSource)
    HAL_TIM_IC_CaptureCallback               0x080013d3   Thumb Code     2  stm32f1xx_hal_tim.o(i.HAL_TIM_IC_CaptureCallback)
    HAL_TIM_IRQHandler                       0x080013d5   Thumb Code   358  stm32f1xx_hal_tim.o(i.HAL_TIM_IRQHandler)
    HAL_TIM_MspPostInit                      0x0800153d   Thumb Code    98  tim.o(i.HAL_TIM_MspPostInit)
    HAL_TIM_OC_DelayElapsedCallback          0x080015b1   Thumb Code     2  stm32f1xx_hal_tim.o(i.HAL_TIM_OC_DelayElapsedCallback)
    HAL_TIM_PWM_ConfigChannel                0x080015b3   Thumb Code   204  stm32f1xx_hal_tim.o(i.HAL_TIM_PWM_ConfigChannel)
    HAL_TIM_PWM_Init                         0x0800167f   Thumb Code    90  stm32f1xx_hal_tim.o(i.HAL_TIM_PWM_Init)
    HAL_TIM_PWM_MspInit                      0x080016d9   Thumb Code     2  stm32f1xx_hal_tim.o(i.HAL_TIM_PWM_MspInit)
    HAL_TIM_PWM_PulseFinishedCallback        0x080016db   Thumb Code     2  stm32f1xx_hal_tim.o(i.HAL_TIM_PWM_PulseFinishedCallback)
    HAL_TIM_PWM_Start                        0x080016dd   Thumb Code   144  stm32f1xx_hal_tim.o(i.HAL_TIM_PWM_Start)
    HAL_TIM_PWM_Stop                         0x08001779   Thumb Code   108  stm32f1xx_hal_tim.o(i.HAL_TIM_PWM_Stop)
    HAL_TIM_PeriodElapsedCallback            0x080017e9   Thumb Code    30  main.o(i.HAL_TIM_PeriodElapsedCallback)
    HAL_TIM_TriggerCallback                  0x08001821   Thumb Code     2  stm32f1xx_hal_tim.o(i.HAL_TIM_TriggerCallback)
    HAL_UARTEx_RxEventCallback               0x08001823   Thumb Code     2  stm32f1xx_hal_uart.o(i.HAL_UARTEx_RxEventCallback)
    HAL_UART_ErrorCallback                   0x08001825   Thumb Code     2  stm32f1xx_hal_uart.o(i.HAL_UART_ErrorCallback)
    HAL_UART_IRQHandler                      0x08001829   Thumb Code   616  stm32f1xx_hal_uart.o(i.HAL_UART_IRQHandler)
    HAL_UART_Init                            0x08001a95   Thumb Code   100  stm32f1xx_hal_uart.o(i.HAL_UART_Init)
    HAL_UART_MspInit                         0x08001af9   Thumb Code   116  usart.o(i.HAL_UART_MspInit)
    HAL_UART_Receive_IT                      0x08001b79   Thumb Code    28  stm32f1xx_hal_uart.o(i.HAL_UART_Receive_IT)
    HAL_UART_RxCpltCallback                  0x08001b95   Thumb Code   158  usart.o(i.HAL_UART_RxCpltCallback)
    HAL_UART_TxCpltCallback                  0x08001c55   Thumb Code     2  stm32f1xx_hal_uart.o(i.HAL_UART_TxCpltCallback)
    HardFault_Handler                        0x08001c57   Thumb Code     2  stm32f1xx_it.o(i.HardFault_Handler)
    MX_GPIO_Init                             0x08001f2d   Thumb Code   212  gpio.o(i.MX_GPIO_Init)
    MX_I2C1_Init                             0x08002011   Thumb Code    50  i2c.o(i.MX_I2C1_Init)
    MX_TIM1_Init                             0x08002051   Thumb Code    98  tim.o(i.MX_TIM1_Init)
    MX_TIM2_Init                             0x080020bd   Thumb Code   162  tim.o(i.MX_TIM2_Init)
    MX_TIM3_Init                             0x08002165   Thumb Code    98  tim.o(i.MX_TIM3_Init)
    MX_TIM4_Init                             0x080021d1   Thumb Code   146  tim.o(i.MX_TIM4_Init)
    MX_USART1_UART_Init                      0x0800226d   Thumb Code    48  usart.o(i.MX_USART1_UART_Init)
    MemManage_Handler                        0x080022a5   Thumb Code     2  stm32f1xx_it.o(i.MemManage_Handler)
    NMI_Handler                              0x080022a7   Thumb Code     2  stm32f1xx_it.o(i.NMI_Handler)
    Oled_Show_Char                           0x080022a9   Thumb Code   130  oled.o(i.Oled_Show_Char)
    PendSV_Handler                           0x08002335   Thumb Code     2  stm32f1xx_it.o(i.PendSV_Handler)
    SVC_Handler                              0x08002337   Thumb Code     2  stm32f1xx_it.o(i.SVC_Handler)
    SysTick_Handler                          0x08002339   Thumb Code     4  stm32f1xx_it.o(i.SysTick_Handler)
    SystemClock_Config                       0x0800233d   Thumb Code    94  main.o(i.SystemClock_Config)
    SystemInit                               0x0800239b   Thumb Code     2  system_stm32f1xx_1.o(i.SystemInit)
    TIM3_IRQHandler                          0x0800239d   Thumb Code     6  stm32f1xx_it.o(i.TIM3_IRQHandler)
    TIM_Base_SetConfig                       0x080023a9   Thumb Code    94  stm32f1xx_hal_tim.o(i.TIM_Base_SetConfig)
    TIM_CCxChannelCmd                        0x08002415   Thumb Code    26  stm32f1xx_hal_tim.o(i.TIM_CCxChannelCmd)
    TIM_ETR_SetConfig                        0x0800242f   Thumb Code    20  stm32f1xx_hal_tim.o(i.TIM_ETR_SetConfig)
    TIM_OC2_SetConfig                        0x080024a5   Thumb Code    84  stm32f1xx_hal_tim.o(i.TIM_OC2_SetConfig)
    UART_Start_Receive_IT                    0x080027b9   Thumb Code    54  stm32f1xx_hal_uart.o(i.UART_Start_Receive_IT)
    USART1_IRQHandler                        0x080027f1   Thumb Code     6  stm32f1xx_it.o(i.USART1_IRQHandler)
    UsageFault_Handler                       0x080027fd   Thumb Code     2  stm32f1xx_it.o(i.UsageFault_Handler)
    __0sprintf$6                             0x08002801   Thumb Code    34  printf6.o(i.__0sprintf$6)
    __1sprintf$6                             0x08002801   Thumb Code     0  printf6.o(i.__0sprintf$6)
    __2sprintf                               0x08002801   Thumb Code     0  printf6.o(i.__0sprintf$6)
    __scatterload_copy                       0x08002849   Thumb Code    14  handlers.o(i.__scatterload_copy)
    __scatterload_null                       0x08002857   Thumb Code     2  handlers.o(i.__scatterload_null)
    __scatterload_zeroinit                   0x08002859   Thumb Code    14  handlers.o(i.__scatterload_zeroinit)
    avoid                                    0x08002bb5   Thumb Code   230  car_function.o(i.avoid)
    backward                                 0x08002cbd   Thumb Code    60  motor.o(i.backward)
    changeMode                               0x08002d05   Thumb Code    64  motor.o(i.changeMode)
    follow                                   0x08002d4d   Thumb Code   120  car_function.o(i.follow)
    forward                                  0x08002ddd   Thumb Code    72  motor.o(i.forward)
    get_distance                             0x08002e35   Thumb Code   114  sr04.o(i.get_distance)
    get_mode                                 0x08002ebd   Thumb Code   170  su03.o(i.get_mode)
    iic_write_cmd                            0x08002f71   Thumb Code    30  oled.o(i.iic_write_cmd)
    iic_write_data                           0x08002f95   Thumb Code    30  oled.o(i.iic_write_data)
    init_port                                0x08002fb9   Thumb Code    70  motor.o(i.init_port)
    leftFollowValue                          0x08003009   Thumb Code     8  sensor.o(i.leftFollowValue)
    leftTraceValue                           0x08003015   Thumb Code     8  sensor.o(i.leftTraceValue)
    leftward                                 0x08003021   Thumb Code    72  motor.o(i.leftward)
    main                                     0x08003079   Thumb Code   130  main.o(i.main)
    oled_clear                               0x08003119   Thumb Code    12  oled.o(i.oled_clear)
    oled_clear_1_line                        0x08003125   Thumb Code    12  oled.o(i.oled_clear_1_line)
    oled_clear_base                          0x08003131   Thumb Code    76  oled.o(i.oled_clear_base)
    oled_init                                0x0800317d   Thumb Code   168  oled.o(i.oled_init)
    oled_show_string                         0x08003225   Thumb Code    32  oled.o(i.oled_show_string)
    rightFollowValue                         0x08003245   Thumb Code    10  sensor.o(i.rightFollowValue)
    rightTraceValue                          0x08003255   Thumb Code     8  sensor.o(i.rightTraceValue)
    rightward                                0x08003261   Thumb Code    72  motor.o(i.rightward)
    sg90_init                                0x080032b9   Thumb Code    20  sg90.o(i.sg90_init)
    stop                                     0x080032d1   Thumb Code    70  motor.o(i.stop)
    stop_car                                 0x08003329   Thumb Code    36  car_function.o(i.stop_car)
    time1_delay_us                           0x08003361   Thumb Code    56  sr04.o(i.time1_delay_us)
    traceing                                 0x0800339d   Thumb Code   122  car_function.o(i.traceing)
    turn_0_degree                            0x08003431   Thumb Code    10  sg90.o(i.turn_0_degree)
    turn_180_degree                          0x08003441   Thumb Code    10  sg90.o(i.turn_180_degree)
    turn_90_degree                           0x08003451   Thumb Code    10  sg90.o(i.turn_90_degree)
    F8X16                                    0x08003460   Data        1520  oled.o(.constdata)
    AHBPrescTable                            0x08003a62   Data          16  system_stm32f1xx_1.o(.constdata)
    APBPrescTable                            0x08003a72   Data           8  system_stm32f1xx_1.o(.constdata)
    Region$$Table$$Base                      0x08003a7c   Number         0  anon$$obj.o(Region$$Table)
    Region$$Table$$Limit                     0x08003a9c   Number         0  anon$$obj.o(Region$$Table)
    mode                                     0x20000000   Data           1  motor.o(.data)
    speedCnt                                 0x20000004   Data           4  main.o(.data)
    buf                                      0x20000008   Data           1  usart.o(.data)
    UART1_RX_STA                             0x2000000a   Data           2  usart.o(.data)
    runMode                                  0x2000000c   Data           1  su03.o(.data)
    dir                                      0x20000010   Data           1  car_function.o(.data)
    lastMode                                 0x20000011   Data           1  car_function.o(.data)
    disLeft                                  0x20000018   Data           8  car_function.o(.data)
    disMiddle                                0x20000020   Data           8  car_function.o(.data)
    disRight                                 0x20000028   Data           8  car_function.o(.data)
    uwTickFreq                               0x20000030   Data           1  stm32f1xx_hal.o(.data)
    uwTickPrio                               0x20000034   Data           4  stm32f1xx_hal.o(.data)
    uwTick                                   0x20000038   Data           4  stm32f1xx_hal.o(.data)
    SystemCoreClock                          0x2000003c   Data           4  system_stm32f1xx_1.o(.data)
    speedString                              0x20000040   Data          24  main.o(.bss)
    UART1_RX_Buffer                          0x20000058   Data         200  usart.o(.bss)
    huart1                                   0x20000120   Data          72  usart.o(.bss)
    htim1                                    0x20000168   Data          72  tim.o(.bss)
    htim2                                    0x200001b0   Data          72  tim.o(.bss)
    htim3                                    0x200001f8   Data          72  tim.o(.bss)
    htim4                                    0x20000240   Data          72  tim.o(.bss)
    hi2c1                                    0x20000288   Data          84  i2c.o(.bss)
    __initial_sp                             0x200006e0   Data           0  startup_stm32f103xb.o(STACK)



==============================================================================

Memory Map of the image

  Image Entry point : 0x080000ed

  Load Region LR_IROM1 (Base: 0x08000000, Size: 0x00003adc, Max: 0x00010000, ABSOLUTE)

    Execution Region ER_IROM1 (Exec base: 0x08000000, Load base: 0x08000000, Size: 0x00003a9c, Max: 0x00010000, ABSOLUTE)

    Exec Addr    Load Addr    Size         Type   Attr      Idx    E Section Name        Object

    0x08000000   0x08000000   0x000000ec   Data   RO            3    RESET               startup_stm32f103xb.o
    0x080000ec   0x080000ec   0x00000000   Code   RO         3757  * .ARM.Collect$$$$00000000  mc_w.l(entry.o)
    0x080000ec   0x080000ec   0x00000004   Code   RO         4037    .ARM.Collect$$$$00000001  mc_w.l(entry2.o)
    0x080000f0   0x080000f0   0x00000004   Code   RO         4040    .ARM.Collect$$$$00000004  mc_w.l(entry5.o)
    0x080000f4   0x080000f4   0x00000000   Code   RO         4042    .ARM.Collect$$$$00000008  mc_w.l(entry7b.o)
    0x080000f4   0x080000f4   0x00000000   Code   RO         4044    .ARM.Collect$$$$0000000A  mc_w.l(entry8b.o)
    0x080000f4   0x080000f4   0x00000008   Code   RO         4045    .ARM.Collect$$$$0000000B  mc_w.l(entry9a.o)
    0x080000fc   0x080000fc   0x00000004   Code   RO         4052    .ARM.Collect$$$$0000000E  mc_w.l(entry12b.o)
    0x08000100   0x08000100   0x00000000   Code   RO         4047    .ARM.Collect$$$$0000000F  mc_w.l(entry10a.o)
    0x08000100   0x08000100   0x00000000   Code   RO         4049    .ARM.Collect$$$$00000011  mc_w.l(entry11a.o)
    0x08000100   0x08000100   0x00000004   Code   RO         4038    .ARM.Collect$$$$00002712  mc_w.l(entry2.o)
    0x08000104   0x08000104   0x00000024   Code   RO            4    .text               startup_stm32f103xb.o
    0x08000128   0x08000128   0x00000020   Code   RO         3760    .text               mc_w.l(llushr.o)
    0x08000148   0x08000148   0x00000024   Code   RO         3762    .text               mc_w.l(memseta.o)
    0x0800016c   0x0800016c   0x0000001c   Code   RO         3764    .text               mc_w.l(strcmp.o)
    0x08000188   0x08000188   0x000000e4   Code   RO         4027    .text               mf_w.l(dmul.o)
    0x0800026c   0x0800026c   0x0000002e   Code   RO         4029    .text               mf_w.l(dscalb.o)
    0x0800029a   0x0800029a   0x00000022   Code   RO         4031    .text               mf_w.l(dflti.o)
    0x080002bc   0x080002bc   0x00000030   Code   RO         4033    .text               mf_w.l(cdcmple.o)
    0x080002ec   0x080002ec   0x00000030   Code   RO         4035    .text               mf_w.l(cdrcmple.o)
    0x0800031c   0x0800031c   0x0000002c   Code   RO         4054    .text               mc_w.l(uidiv.o)
    0x08000348   0x08000348   0x00000000   Code   RO         4058    .text               mc_w.l(iusefp.o)
    0x08000348   0x08000348   0x000000ba   Code   RO         4059    .text               mf_w.l(depilogue.o)
    0x08000402   0x08000402   0x00000002   PAD
    0x08000404   0x08000404   0x00000024   Code   RO         4067    .text               mc_w.l(init.o)
    0x08000428   0x08000428   0x0000001e   Code   RO         4069    .text               mc_w.l(llshl.o)
    0x08000446   0x08000446   0x00000002   Code   RO          345    i.BusFault_Handler  stm32f1xx_it.o
    0x08000448   0x08000448   0x00000002   Code   RO          346    i.DebugMon_Handler  stm32f1xx_it.o
    0x0800044a   0x0800044a   0x00000008   Code   RO          347    i.EXTI15_10_IRQHandler  stm32f1xx_it.o
    0x08000452   0x08000452   0x00000004   Code   RO          177    i.Error_Handler     main.o
    0x08000456   0x08000456   0x00000046   Code   RO         2689    i.HAL_DMA_Abort     stm32f1xx_hal_dma.o
    0x0800049c   0x0800049c   0x00000098   Code   RO         2690    i.HAL_DMA_Abort_IT  stm32f1xx_hal_dma.o
    0x08000534   0x08000534   0x00000024   Code   RO         2315    i.HAL_Delay         stm32f1xx_hal.o
    0x08000558   0x08000558   0x00000028   Code   RO          178    i.HAL_GPIO_EXTI_Callback  main.o
    0x08000580   0x08000580   0x00000018   Code   RO         2624    i.HAL_GPIO_EXTI_IRQHandler  stm32f1xx_hal_gpio.o
    0x08000598   0x08000598   0x000001e0   Code   RO         2625    i.HAL_GPIO_Init     stm32f1xx_hal_gpio.o
    0x08000778   0x08000778   0x0000000a   Code   RO         2627    i.HAL_GPIO_ReadPin  stm32f1xx_hal_gpio.o
    0x08000782   0x08000782   0x0000000a   Code   RO         2629    i.HAL_GPIO_WritePin  stm32f1xx_hal_gpio.o
    0x0800078c   0x0800078c   0x0000000c   Code   RO         2319    i.HAL_GetTick       stm32f1xx_hal.o
    0x08000798   0x08000798   0x00000188   Code   RO         3296    i.HAL_I2C_Init      stm32f1xx_hal_i2c.o
    0x08000920   0x08000920   0x00000130   Code   RO         3317    i.HAL_I2C_Mem_Write  stm32f1xx_hal_i2c.o
    0x08000a50   0x08000a50   0x0000005c   Code   RO          838    i.HAL_I2C_MspInit   i2c.o
    0x08000aac   0x08000aac   0x00000010   Code   RO         2325    i.HAL_IncTick       stm32f1xx_hal.o
    0x08000abc   0x08000abc   0x00000024   Code   RO         2326    i.HAL_Init          stm32f1xx_hal.o
    0x08000ae0   0x08000ae0   0x00000040   Code   RO         2327    i.HAL_InitTick      stm32f1xx_hal.o
    0x08000b20   0x08000b20   0x0000003c   Code   RO          439    i.HAL_MspInit       stm32f1xx_hal_msp.o
    0x08000b5c   0x08000b5c   0x0000001a   Code   RO         2785    i.HAL_NVIC_EnableIRQ  stm32f1xx_hal_cortex.o
    0x08000b76   0x08000b76   0x00000002   PAD
    0x08000b78   0x08000b78   0x00000040   Code   RO         2791    i.HAL_NVIC_SetPriority  stm32f1xx_hal_cortex.o
    0x08000bb8   0x08000bb8   0x00000024   Code   RO         2792    i.HAL_NVIC_SetPriorityGrouping  stm32f1xx_hal_cortex.o
    0x08000bdc   0x08000bdc   0x0000012c   Code   RO         2483    i.HAL_RCC_ClockConfig  stm32f1xx_hal_rcc.o
    0x08000d08   0x08000d08   0x00000020   Code   RO         2490    i.HAL_RCC_GetPCLK1Freq  stm32f1xx_hal_rcc.o
    0x08000d28   0x08000d28   0x00000020   Code   RO         2491    i.HAL_RCC_GetPCLK2Freq  stm32f1xx_hal_rcc.o
    0x08000d48   0x08000d48   0x0000004c   Code   RO         2492    i.HAL_RCC_GetSysClockFreq  stm32f1xx_hal_rcc.o
    0x08000d94   0x08000d94   0x00000320   Code   RO         2495    i.HAL_RCC_OscConfig  stm32f1xx_hal_rcc.o
    0x080010b4   0x080010b4   0x00000028   Code   RO         2796    i.HAL_SYSTICK_Config  stm32f1xx_hal_cortex.o
    0x080010dc   0x080010dc   0x00000002   Code   RO         1678    i.HAL_TIMEx_BreakCallback  stm32f1xx_hal_tim_ex.o
    0x080010de   0x080010de   0x00000002   Code   RO         1679    i.HAL_TIMEx_CommutCallback  stm32f1xx_hal_tim_ex.o
    0x080010e0   0x080010e0   0x00000068   Code   RO         1697    i.HAL_TIMEx_MasterConfigSynchronization  stm32f1xx_hal_tim_ex.o
    0x08001148   0x08001148   0x0000005a   Code   RO          974    i.HAL_TIM_Base_Init  stm32f1xx_hal_tim.o
    0x080011a2   0x080011a2   0x00000002   PAD
    0x080011a4   0x080011a4   0x00000084   Code   RO          554    i.HAL_TIM_Base_MspInit  tim.o
    0x08001228   0x08001228   0x00000050   Code   RO          977    i.HAL_TIM_Base_Start  stm32f1xx_hal_tim.o
    0x08001278   0x08001278   0x00000058   Code   RO          979    i.HAL_TIM_Base_Start_IT  stm32f1xx_hal_tim.o
    0x080012d0   0x080012d0   0x00000026   Code   RO          980    i.HAL_TIM_Base_Stop  stm32f1xx_hal_tim.o
    0x080012f6   0x080012f6   0x000000dc   Code   RO          983    i.HAL_TIM_ConfigClockSource  stm32f1xx_hal_tim.o
    0x080013d2   0x080013d2   0x00000002   Code   RO         1008    i.HAL_TIM_IC_CaptureCallback  stm32f1xx_hal_tim.o
    0x080013d4   0x080013d4   0x00000166   Code   RO         1022    i.HAL_TIM_IRQHandler  stm32f1xx_hal_tim.o
    0x0800153a   0x0800153a   0x00000002   PAD
    0x0800153c   0x0800153c   0x00000074   Code   RO          555    i.HAL_TIM_MspPostInit  tim.o
    0x080015b0   0x080015b0   0x00000002   Code   RO         1025    i.HAL_TIM_OC_DelayElapsedCallback  stm32f1xx_hal_tim.o
    0x080015b2   0x080015b2   0x000000cc   Code   RO         1046    i.HAL_TIM_PWM_ConfigChannel  stm32f1xx_hal_tim.o
    0x0800167e   0x0800167e   0x0000005a   Code   RO         1049    i.HAL_TIM_PWM_Init  stm32f1xx_hal_tim.o
    0x080016d8   0x080016d8   0x00000002   Code   RO         1051    i.HAL_TIM_PWM_MspInit  stm32f1xx_hal_tim.o
    0x080016da   0x080016da   0x00000002   Code   RO         1052    i.HAL_TIM_PWM_PulseFinishedCallback  stm32f1xx_hal_tim.o
    0x080016dc   0x080016dc   0x0000009c   Code   RO         1054    i.HAL_TIM_PWM_Start  stm32f1xx_hal_tim.o
    0x08001778   0x08001778   0x00000070   Code   RO         1057    i.HAL_TIM_PWM_Stop  stm32f1xx_hal_tim.o
    0x080017e8   0x080017e8   0x00000038   Code   RO          179    i.HAL_TIM_PeriodElapsedCallback  main.o
    0x08001820   0x08001820   0x00000002   Code   RO         1065    i.HAL_TIM_TriggerCallback  stm32f1xx_hal_tim.o
    0x08001822   0x08001822   0x00000002   Code   RO         1957    i.HAL_UARTEx_RxEventCallback  stm32f1xx_hal_uart.o
    0x08001824   0x08001824   0x00000002   Code   RO         1971    i.HAL_UART_ErrorCallback  stm32f1xx_hal_uart.o
    0x08001826   0x08001826   0x00000002   PAD
    0x08001828   0x08001828   0x0000026c   Code   RO         1974    i.HAL_UART_IRQHandler  stm32f1xx_hal_uart.o
    0x08001a94   0x08001a94   0x00000064   Code   RO         1975    i.HAL_UART_Init     stm32f1xx_hal_uart.o
    0x08001af8   0x08001af8   0x00000080   Code   RO          294    i.HAL_UART_MspInit  usart.o
    0x08001b78   0x08001b78   0x0000001c   Code   RO         1980    i.HAL_UART_Receive_IT  stm32f1xx_hal_uart.o
    0x08001b94   0x08001b94   0x000000c0   Code   RO          295    i.HAL_UART_RxCpltCallback  usart.o
    0x08001c54   0x08001c54   0x00000002   Code   RO         1986    i.HAL_UART_TxCpltCallback  stm32f1xx_hal_uart.o
    0x08001c56   0x08001c56   0x00000002   Code   RO          348    i.HardFault_Handler  stm32f1xx_it.o
    0x08001c58   0x08001c58   0x0000002e   Code   RO         3339    i.I2C_IsAcknowledgeFailed  stm32f1xx_hal_i2c.o
    0x08001c86   0x08001c86   0x00000002   PAD
    0x08001c88   0x08001c88   0x000000a8   Code   RO         3350    i.I2C_RequestMemoryWrite  stm32f1xx_hal_i2c.o
    0x08001d30   0x08001d30   0x00000056   Code   RO         3354    i.I2C_WaitOnBTFFlagUntilTimeout  stm32f1xx_hal_i2c.o
    0x08001d86   0x08001d86   0x00000002   PAD
    0x08001d88   0x08001d88   0x00000090   Code   RO         3355    i.I2C_WaitOnFlagUntilTimeout  stm32f1xx_hal_i2c.o
    0x08001e18   0x08001e18   0x000000bc   Code   RO         3356    i.I2C_WaitOnMasterAddressFlagUntilTimeout  stm32f1xx_hal_i2c.o
    0x08001ed4   0x08001ed4   0x00000056   Code   RO         3358    i.I2C_WaitOnTXEFlagUntilTimeout  stm32f1xx_hal_i2c.o
    0x08001f2a   0x08001f2a   0x00000002   PAD
    0x08001f2c   0x08001f2c   0x000000e4   Code   RO          269    i.MX_GPIO_Init      gpio.o
    0x08002010   0x08002010   0x00000040   Code   RO          839    i.MX_I2C1_Init      i2c.o
    0x08002050   0x08002050   0x0000006c   Code   RO          556    i.MX_TIM1_Init      tim.o
    0x080020bc   0x080020bc   0x000000a8   Code   RO          557    i.MX_TIM2_Init      tim.o
    0x08002164   0x08002164   0x0000006c   Code   RO          558    i.MX_TIM3_Init      tim.o
    0x080021d0   0x080021d0   0x0000009c   Code   RO          559    i.MX_TIM4_Init      tim.o
    0x0800226c   0x0800226c   0x00000038   Code   RO          296    i.MX_USART1_UART_Init  usart.o
    0x080022a4   0x080022a4   0x00000002   Code   RO          349    i.MemManage_Handler  stm32f1xx_it.o
    0x080022a6   0x080022a6   0x00000002   Code   RO          350    i.NMI_Handler       stm32f1xx_it.o
    0x080022a8   0x080022a8   0x0000008c   Code   RO          743    i.Oled_Show_Char    oled.o
    0x08002334   0x08002334   0x00000002   Code   RO          351    i.PendSV_Handler    stm32f1xx_it.o
    0x08002336   0x08002336   0x00000002   Code   RO          352    i.SVC_Handler       stm32f1xx_it.o
    0x08002338   0x08002338   0x00000004   Code   RO          353    i.SysTick_Handler   stm32f1xx_it.o
    0x0800233c   0x0800233c   0x0000005e   Code   RO          180    i.SystemClock_Config  main.o
    0x0800239a   0x0800239a   0x00000002   Code   RO         3723    i.SystemInit        system_stm32f1xx_1.o
    0x0800239c   0x0800239c   0x0000000c   Code   RO          354    i.TIM3_IRQHandler   stm32f1xx_it.o
    0x080023a8   0x080023a8   0x0000006c   Code   RO         1067    i.TIM_Base_SetConfig  stm32f1xx_hal_tim.o
    0x08002414   0x08002414   0x0000001a   Code   RO         1068    i.TIM_CCxChannelCmd  stm32f1xx_hal_tim.o
    0x0800242e   0x0800242e   0x00000014   Code   RO         1078    i.TIM_ETR_SetConfig  stm32f1xx_hal_tim.o
    0x08002442   0x08002442   0x00000010   Code   RO         1079    i.TIM_ITRx_SetConfig  stm32f1xx_hal_tim.o
    0x08002452   0x08002452   0x00000002   PAD
    0x08002454   0x08002454   0x00000050   Code   RO         1080    i.TIM_OC1_SetConfig  stm32f1xx_hal_tim.o
    0x080024a4   0x080024a4   0x00000058   Code   RO         1081    i.TIM_OC2_SetConfig  stm32f1xx_hal_tim.o
    0x080024fc   0x080024fc   0x00000058   Code   RO         1082    i.TIM_OC3_SetConfig  stm32f1xx_hal_tim.o
    0x08002554   0x08002554   0x00000044   Code   RO         1083    i.TIM_OC4_SetConfig  stm32f1xx_hal_tim.o
    0x08002598   0x08002598   0x00000022   Code   RO         1085    i.TIM_TI1_ConfigInputStage  stm32f1xx_hal_tim.o
    0x080025ba   0x080025ba   0x00000024   Code   RO         1087    i.TIM_TI2_ConfigInputStage  stm32f1xx_hal_tim.o
    0x080025de   0x080025de   0x00000010   Code   RO         1988    i.UART_DMAAbortOnError  stm32f1xx_hal_uart.o
    0x080025ee   0x080025ee   0x0000004e   Code   RO         1998    i.UART_EndRxTransfer  stm32f1xx_hal_uart.o
    0x0800263c   0x0800263c   0x000000c2   Code   RO         2000    i.UART_Receive_IT   stm32f1xx_hal_uart.o
    0x080026fe   0x080026fe   0x00000002   PAD
    0x08002700   0x08002700   0x000000b8   Code   RO         2001    i.UART_SetConfig    stm32f1xx_hal_uart.o
    0x080027b8   0x080027b8   0x00000036   Code   RO         2003    i.UART_Start_Receive_IT  stm32f1xx_hal_uart.o
    0x080027ee   0x080027ee   0x00000002   PAD
    0x080027f0   0x080027f0   0x0000000c   Code   RO          355    i.USART1_IRQHandler  stm32f1xx_it.o
    0x080027fc   0x080027fc   0x00000002   Code   RO          356    i.UsageFault_Handler  stm32f1xx_it.o
    0x080027fe   0x080027fe   0x00000002   PAD
    0x08002800   0x08002800   0x00000028   Code   RO         3923    i.__0sprintf$6      mc_w.l(printf6.o)
    0x08002828   0x08002828   0x00000020   Code   RO         2798    i.__NVIC_SetPriority  stm32f1xx_hal_cortex.o
    0x08002848   0x08002848   0x0000000e   Code   RO         4075    i.__scatterload_copy  mc_w.l(handlers.o)
    0x08002856   0x08002856   0x00000002   Code   RO         4076    i.__scatterload_null  mc_w.l(handlers.o)
    0x08002858   0x08002858   0x0000000e   Code   RO         4077    i.__scatterload_zeroinit  mc_w.l(handlers.o)
    0x08002866   0x08002866   0x00000002   PAD
    0x08002868   0x08002868   0x000002f0   Code   RO         3928    i._printf_core      mc_w.l(printf6.o)
    0x08002b58   0x08002b58   0x00000024   Code   RO         3929    i._printf_post_padding  mc_w.l(printf6.o)
    0x08002b7c   0x08002b7c   0x0000002e   Code   RO         3930    i._printf_pre_padding  mc_w.l(printf6.o)
    0x08002baa   0x08002baa   0x0000000a   Code   RO         3932    i._sputc            mc_w.l(printf6.o)
    0x08002bb4   0x08002bb4   0x00000108   Code   RO          682    i.avoid             car_function.o
    0x08002cbc   0x08002cbc   0x00000048   Code   RO           13    i.backward          motor.o
    0x08002d04   0x08002d04   0x00000048   Code   RO           14    i.changeMode        motor.o
    0x08002d4c   0x08002d4c   0x00000090   Code   RO          683    i.follow            car_function.o
    0x08002ddc   0x08002ddc   0x00000058   Code   RO           15    i.forward           motor.o
    0x08002e34   0x08002e34   0x00000088   Code   RO          619    i.get_distance      sr04.o
    0x08002ebc   0x08002ebc   0x000000b4   Code   RO          652    i.get_mode          su03.o
    0x08002f70   0x08002f70   0x00000024   Code   RO          744    i.iic_write_cmd     oled.o
    0x08002f94   0x08002f94   0x00000024   Code   RO          745    i.iic_write_data    oled.o
    0x08002fb8   0x08002fb8   0x00000050   Code   RO           16    i.init_port         motor.o
    0x08003008   0x08003008   0x0000000c   Code   RO          508    i.leftFollowValue   sensor.o
    0x08003014   0x08003014   0x0000000c   Code   RO          509    i.leftTraceValue    sensor.o
    0x08003020   0x08003020   0x00000058   Code   RO           17    i.leftward          motor.o
    0x08003078   0x08003078   0x000000a0   Code   RO          182    i.main              main.o
    0x08003118   0x08003118   0x0000000c   Code   RO          748    i.oled_clear        oled.o
    0x08003124   0x08003124   0x0000000c   Code   RO          749    i.oled_clear_1_line  oled.o
    0x08003130   0x08003130   0x0000004c   Code   RO          751    i.oled_clear_base   oled.o
    0x0800317c   0x0800317c   0x000000a8   Code   RO          753    i.oled_init         oled.o
    0x08003224   0x08003224   0x00000020   Code   RO          754    i.oled_show_string  oled.o
    0x08003244   0x08003244   0x00000010   Code   RO          510    i.rightFollowValue  sensor.o
    0x08003254   0x08003254   0x0000000c   Code   RO          511    i.rightTraceValue   sensor.o
    0x08003260   0x08003260   0x00000058   Code   RO           18    i.rightward         motor.o
    0x080032b8   0x080032b8   0x00000018   Code   RO          463    i.sg90_init         sg90.o
    0x080032d0   0x080032d0   0x00000058   Code   RO           19    i.stop              motor.o
    0x08003328   0x08003328   0x00000038   Code   RO          685    i.stop_car          car_function.o
    0x08003360   0x08003360   0x0000003c   Code   RO          620    i.time1_delay_us    sr04.o
    0x0800339c   0x0800339c   0x00000094   Code   RO          686    i.traceing          car_function.o
    0x08003430   0x08003430   0x00000010   Code   RO          464    i.turn_0_degree     sg90.o
    0x08003440   0x08003440   0x00000010   Code   RO          465    i.turn_180_degree   sg90.o
    0x08003450   0x08003450   0x00000010   Code   RO          466    i.turn_90_degree    sg90.o
    0x08003460   0x08003460   0x000005f0   Data   RO          755    .constdata          oled.o
    0x08003a50   0x08003a50   0x00000012   Data   RO         2496    .constdata          stm32f1xx_hal_rcc.o
    0x08003a62   0x08003a62   0x00000010   Data   RO         3724    .constdata          system_stm32f1xx_1.o
    0x08003a72   0x08003a72   0x00000008   Data   RO         3725    .constdata          system_stm32f1xx_1.o
    0x08003a7a   0x08003a7a   0x00000002   PAD
    0x08003a7c   0x08003a7c   0x00000020   Data   RO         4073    Region$$Table       anon$$obj.o


    Execution Region RW_IRAM1 (Exec base: 0x20000000, Load base: 0x08003a9c, Size: 0x000006e0, Max: 0x00005000, ABSOLUTE)

    Exec Addr    Load Addr    Size         Type   Attr      Idx    E Section Name        Object

    0x20000000   0x08003a9c   0x00000001   Data   RW           20    .data               motor.o
    0x20000001   0x08003a9d   0x00000003   PAD
    0x20000004   0x08003aa0   0x00000004   Data   RW          184    .data               main.o
    0x20000008   0x08003aa4   0x00000004   Data   RW          298    .data               usart.o
    0x2000000c   0x08003aa8   0x00000001   Data   RW          653    .data               su03.o
    0x2000000d   0x08003aa9   0x00000003   PAD
    0x20000010   0x08003aac   0x00000020   Data   RW          687    .data               car_function.o
    0x20000030   0x08003acc   0x0000000c   Data   RW         2333    .data               stm32f1xx_hal.o
    0x2000003c   0x08003ad8   0x00000004   Data   RW         3726    .data               system_stm32f1xx_1.o
    0x20000040        -       0x00000018   Zero   RW          183    .bss                main.o
    0x20000058        -       0x00000110   Zero   RW          297    .bss                usart.o
    0x20000168        -       0x00000120   Zero   RW          560    .bss                tim.o
    0x20000288        -       0x00000054   Zero   RW          840    .bss                i2c.o
    0x200002dc   0x08003adc   0x00000004   PAD
    0x200002e0        -       0x00000400   Zero   RW            1    STACK               startup_stm32f103xb.o


==============================================================================

Image component sizes


      Code (inc. data)   RO Data    RW Data    ZI Data      Debug   Object Name

       612        104          0         32          0       2927   car_function.o
       228         16          0          0          0        911   gpio.o
       156         26          0          0         84       1521   i2c.o
       354         66          0          4         24       3284   main.o
       576         96          0          1          0     437695   motor.o
       512         22       1520          0          0       4956   oled.o
        52         18          0          0          0       1656   sensor.o
        72         22          0          0          0       1587   sg90.o
       196         26          0          0          0        964   sr04.o
        36          8        236          0       1024        776   startup_stm32f103xb.o
       164         28          0         12          0       5685   stm32f1xx_hal.o
       198         14          0          0          0      28779   stm32f1xx_hal_cortex.o
       222          4          0          0          0       1687   stm32f1xx_hal_dma.o
       524         40          0          0          0       3974   stm32f1xx_hal_gpio.o
      1414         32          0          0          0       9147   stm32f1xx_hal_i2c.o
        60          8          0          0          0        818   stm32f1xx_hal_msp.o
      1240         84         18          0          0       4948   stm32f1xx_hal_rcc.o
      2010         76          0          0          0      17250   stm32f1xx_hal_tim.o
       108         12          0          0          0       2293   stm32f1xx_hal_tim_ex.o
      1280         10          0          0          0       8520   stm32f1xx_hal_uart.o
        52         12          0          0          0       4851   stm32f1xx_it.o
       180         10          0          1          0       1029   su03.o
         2          0         24          4          0       1035   system_stm32f1xx_1.o
       788         70          0          0        288       4299   tim.o
       376         54          0          4        272       2465   usart.o

    ----------------------------------------------------------------------
     11434        858       1832         64       1696     553057   Object Totals
         0          0         32          0          0          0   (incl. Generated)
        22          0          2          6          4          0   (incl. Padding)

    ----------------------------------------------------------------------

      Code (inc. data)   RO Data    RW Data    ZI Data      Debug   Library Member Name

         0          0          0          0          0          0   entry.o
         0          0          0          0          0          0   entry10a.o
         0          0          0          0          0          0   entry11a.o
         4          0          0          0          0          0   entry12b.o
         8          4          0          0          0          0   entry2.o
         4          0          0          0          0          0   entry5.o
         0          0          0          0          0          0   entry7b.o
         0          0          0          0          0          0   entry8b.o
         8          4          0          0          0          0   entry9a.o
        30          0          0          0          0          0   handlers.o
        36          8          0          0          0         68   init.o
         0          0          0          0          0          0   iusefp.o
        30          0          0          0          0         68   llshl.o
        32          0          0          0          0         68   llushr.o
        36          0          0          0          0        108   memseta.o
       884         10          0          0          0        420   printf6.o
        28          0          0          0          0         76   strcmp.o
        44          0          0          0          0         80   uidiv.o
        48          0          0          0          0         68   cdcmple.o
        48          0          0          0          0         68   cdrcmple.o
       186          0          0          0          0        176   depilogue.o
        34          0          0          0          0         76   dflti.o
       228          0          0          0          0         96   dmul.o
        46          0          0          0          0         80   dscalb.o

    ----------------------------------------------------------------------
      1738         26          0          0          0       1452   Library Totals
         4          0          0          0          0          0   (incl. Padding)

    ----------------------------------------------------------------------

      Code (inc. data)   RO Data    RW Data    ZI Data      Debug   Library Name

      1144         26          0          0          0        888   mc_w.l
       590          0          0          0          0        564   mf_w.l

    ----------------------------------------------------------------------
      1738         26          0          0          0       1452   Library Totals

    ----------------------------------------------------------------------

==============================================================================


      Code (inc. data)   RO Data    RW Data    ZI Data      Debug   

     13172        884       1832         64       1696     547381   Grand Totals
     13172        884       1832         64       1696     547381   ELF Image Totals
     13172        884       1832         64          0          0   ROM Totals

==============================================================================

    Total RO  Size (Code + RO Data)                15004 (  14.65kB)
    Total RW  Size (RW Data + ZI Data)              1760 (   1.72kB)
    Total ROM Size (Code + RO Data + RW Data)      15068 (  14.71kB)

==============================================================================

