C51 COMPILER V9.52.0.0   MAIN                                                              09/06/2023 22:19:44 PAGE 1   


C51 COMPILER V9.52.0.0, COMPILATION OF MODULE MAIN
OBJECT MODULE PLACED IN main.OBJ
COMPILER INVOKED BY: D:\Program Files (x86)\keilc51\C51\BIN\C51.EXE main.c BROWSE DEBUG OBJECTEXTEND TABS(2)

line level    source

   1          #include "reg52.h"
   2          #include <intrins.h>
   3          #include "UART.h"
   4          #include "timer.h"
   5          #include "motor.h"
   6          
   7          sbit leftTracing = P2^7;
   8          sbit rightTracing = P2^6;
   9          void main() {
  10   1        
  11   1        timer0Init();
  12   1        timer1Init();
  13   1        //uart_init();
  14   1      
  15   1        
  16   1        while(1) {
  17   2          if(leftTracing == 0 && rightTracing == 0) {
  18   3            leftSpeed = Phase;
  19   3            rightSpeed = Phase-10;
  20   3            //forward();
  21   3          }
  22   2          
  23   2          if(leftTracing == 1 && rightTracing == 0) {
  24   3            leftSpeed = Phase - 70;
  25   3            rightSpeed = Phase;
  26   3            //leftward();
  27   3          } 
  28   2          
  29   2          if(leftTracing == 0 && rightTracing == 1) {
  30   3            leftSpeed = Phase;
  31   3            rightSpeed = Phase - 70;
  32   3            //rightward();
  33   3          }
  34   2          
  35   2          if(leftTracing == 1 && rightTracing == 1) {
  36   3            stop();
  37   3          }
  38   2          
  39   2          
  40   2        }
  41   1      }
  42          


MODULE INFORMATION:   STATIC OVERLAYABLE
   CODE SIZE        =     71    ----
   CONSTANT SIZE    =   ----    ----
   XDATA SIZE       =   ----    ----
   PDATA SIZE       =   ----    ----
   DATA SIZE        =   ----    ----
   IDATA SIZE       =   ----    ----
   BIT SIZE         =   ----    ----
END OF MODULE INFORMATION.


C51 COMPILATION COMPLETE.  0 WARNING(S),  0 ERROR(S)
