Component: ARM Compiler 5.06 update 7 (build 960) Tool: armlink [4d3601]

==============================================================================

Section Cross References

    startup_stm32f103xb.o(RESET) refers to startup_stm32f103xb.o(STACK) for __initial_sp
    startup_stm32f103xb.o(RESET) refers to startup_stm32f103xb.o(.text) for Reset_Handler
    startup_stm32f103xb.o(RESET) refers to stm32f1xx_it.o(i.NMI_Handler) for NMI_Handler
    startup_stm32f103xb.o(RESET) refers to stm32f1xx_it.o(i.HardFault_Handler) for HardFault_Handler
    startup_stm32f103xb.o(RESET) refers to stm32f1xx_it.o(i.MemManage_Handler) for MemManage_Handler
    startup_stm32f103xb.o(RESET) refers to stm32f1xx_it.o(i.BusFault_Handler) for BusFault_Handler
    startup_stm32f103xb.o(RESET) refers to stm32f1xx_it.o(i.UsageFault_Handler) for UsageFault_Handler
    startup_stm32f103xb.o(RESET) refers to port.o(.emb_text) for SVC_Handler
    startup_stm32f103xb.o(RESET) refers to stm32f1xx_it.o(i.DebugMon_Handler) for DebugMon_Handler
    startup_stm32f103xb.o(RESET) refers to port.o(i.SysTick_Handler) for SysTick_Handler
    startup_stm32f103xb.o(RESET) refers to stm32f1xx_it.o(i.EXTI9_5_IRQHandler) for EXTI9_5_IRQHandler
    startup_stm32f103xb.o(RESET) refers to stm32f1xx_it.o(i.TIM3_IRQHandler) for TIM3_IRQHandler
    startup_stm32f103xb.o(RESET) refers to stm32f1xx_it.o(i.USART1_IRQHandler) for USART1_IRQHandler
    startup_stm32f103xb.o(RESET) refers to stm32f1xx_it.o(i.EXTI15_10_IRQHandler) for EXTI15_10_IRQHandler
    startup_stm32f103xb.o(.text) refers to system_stm32f1xx.o(i.SystemInit) for SystemInit
    startup_stm32f103xb.o(.text) refers to entry.o(.ARM.Collect$$$$00000000) for __main
    su03.o(i.get_mode) refers to stm32f1xx_hal_gpio.o(i.HAL_GPIO_ReadPin) for HAL_GPIO_ReadPin
    su03.o(i.get_mode) refers to su03.o(.data) for .data
    car_function.o(i.HAL_GPIO_EXTI_Callback) refers to stm32f1xx_hal_gpio.o(i.HAL_GPIO_ReadPin) for HAL_GPIO_ReadPin
    car_function.o(i.HAL_GPIO_EXTI_Callback) refers to stm32f1xx_hal_tim.o(i.HAL_TIM_Base_Start) for HAL_TIM_Base_Start
    car_function.o(i.HAL_GPIO_EXTI_Callback) refers to stm32f1xx_hal_tim.o(i.HAL_TIM_Base_Stop) for HAL_TIM_Base_Stop
    car_function.o(i.HAL_GPIO_EXTI_Callback) refers to dflti.o(.text) for __aeabi_i2d
    car_function.o(i.HAL_GPIO_EXTI_Callback) refers to dmul.o(.text) for __aeabi_dmul
    car_function.o(i.HAL_GPIO_EXTI_Callback) refers to dscalb.o(.text) for __ARM_scalbn
    car_function.o(i.HAL_GPIO_EXTI_Callback) refers to iic_paj7620.o(i.paj7620_get_gesture) for paj7620_get_gesture
    car_function.o(i.HAL_GPIO_EXTI_Callback) refers to printfa.o(i.__0printf) for __2printf
    car_function.o(i.HAL_GPIO_EXTI_Callback) refers to car_function.o(.data) for .data
    car_function.o(i.HAL_GPIO_EXTI_Callback) refers to tim.o(.bss) for htim1
    car_function.o(i.HAL_GPIO_EXTI_Callback) refers to sr04.o(.data) for distance
    car_function.o(i.HAL_GPIO_EXTI_Callback) refers to iic_paj7620.o(.data) for status
    car_function.o(i.avoid) refers to motor.o(i.changeMode) for changeMode
    car_function.o(i.avoid) refers to cmsis_os.o(i.osTimerStart) for osTimerStart
    car_function.o(i.avoid) refers to oled.o(i.oled_clear_1_line) for oled_clear_1_line
    car_function.o(i.avoid) refers to oled.o(i.oled_show_string) for oled_show_string
    car_function.o(i.avoid) refers to stm32f1xx_hal.o(i.HAL_Delay) for HAL_Delay
    car_function.o(i.avoid) refers to sg90.o(i.turn_90_degree) for turn_90_degree
    car_function.o(i.avoid) refers to sr04.o(i.trig) for trig
    car_function.o(i.avoid) refers to cdcmple.o(.text) for __aeabi_cdcmpeq
    car_function.o(i.avoid) refers to dadd.o(.text) for __aeabi_dsub
    car_function.o(i.avoid) refers to printfa.o(i.__0printf) for __2printf
    car_function.o(i.avoid) refers to cdrcmple.o(.text) for __aeabi_cdrcmple
    car_function.o(i.avoid) refers to motor.o(i.forward) for forward
    car_function.o(i.avoid) refers to motor.o(i.backward) for backward
    car_function.o(i.avoid) refers to motor.o(i.stop) for stop
    car_function.o(i.avoid) refers to sg90.o(i.turn_180_degree) for turn_180_degree
    car_function.o(i.avoid) refers to sg90.o(i.turn_0_degree) for turn_0_degree
    car_function.o(i.avoid) refers to motor.o(i.rightward) for rightward
    car_function.o(i.avoid) refers to motor.o(i.leftward) for leftward
    car_function.o(i.avoid) refers to su03.o(.data) for runMode
    car_function.o(i.avoid) refers to car_function.o(.data) for .data
    car_function.o(i.avoid) refers to sr04.o(.data) for distance
    car_function.o(i.display_temp_humi) refers to dht11.o(i.trig_dht) for trig_dht
    car_function.o(i.display_temp_humi) refers to dht11.o(i.receive_data) for receive_data
    car_function.o(i.display_temp_humi) refers to oled.o(i.oled_clear) for oled_clear
    car_function.o(i.display_temp_humi) refers to printfa.o(i.__0sprintf) for __2sprintf
[...]
    i.vPortFree                              0x08005550   Section        0  heap_4.o(i.vPortFree)
    i.vPortSetupTimerInterrupt               0x080055ac   Section        0  port.o(i.vPortSetupTimerInterrupt)
    i.vPortValidateInterruptPriority         0x080055d0   Section        0  port.o(i.vPortValidateInterruptPriority)
    i.vQueueAddToRegistry                    0x08005624   Section        0  queue.o(i.vQueueAddToRegistry)
    i.vQueueWaitForMessageRestricted         0x0800564c   Section        0  queue.o(i.vQueueWaitForMessageRestricted)
    i.vTaskDelay                             0x08005690   Section        0  tasks.o(i.vTaskDelay)
    i.vTaskInternalSetTimeOutState           0x080056dc   Section        0  tasks.o(i.vTaskInternalSetTimeOutState)
    i.vTaskMissedYield                       0x080056ec   Section        0  tasks.o(i.vTaskMissedYield)
    i.vTaskPlaceOnEventList                  0x080056f8   Section        0  tasks.o(i.vTaskPlaceOnEventList)
    i.vTaskPlaceOnEventListRestricted        0x08005728   Section        0  tasks.o(i.vTaskPlaceOnEventListRestricted)
    i.vTaskStartScheduler                    0x08005760   Section        0  tasks.o(i.vTaskStartScheduler)
    i.vTaskSuspendAll                        0x080057e8   Section        0  tasks.o(i.vTaskSuspendAll)
    i.vTaskSwitchContext                     0x080057f8   Section        0  tasks.o(i.vTaskSwitchContext)
    i.xPortStartScheduler                    0x08005854   Section        0  port.o(i.xPortStartScheduler)
    i.xQueueGenericCreateStatic              0x080058fc   Section        0  queue.o(i.xQueueGenericCreateStatic)
    i.xQueueGenericReset                     0x08005964   Section        0  queue.o(i.xQueueGenericReset)
    i.xQueueGenericSend                      0x080059ec   Section        0  queue.o(i.xQueueGenericSend)
    i.xQueueGenericSendFromISR               0x08005b4c   Section        0  queue.o(i.xQueueGenericSendFromISR)
    i.xQueueReceive                          0x08005c08   Section        0  queue.o(i.xQueueReceive)
    i.xTaskCheckForTimeOut                   0x08005d40   Section        0  tasks.o(i.xTaskCheckForTimeOut)
    i.xTaskCreate                            0x08005db4   Section        0  tasks.o(i.xTaskCreate)
    i.xTaskCreateStatic                      0x08005e0e   Section        0  tasks.o(i.xTaskCreateStatic)
    i.xTaskGetSchedulerState                 0x08005e64   Section        0  tasks.o(i.xTaskGetSchedulerState)
    i.xTaskGetTickCount                      0x08005e80   Section        0  tasks.o(i.xTaskGetTickCount)
    i.xTaskIncrementTick                     0x08005e8c   Section        0  tasks.o(i.xTaskIncrementTick)
    i.xTaskPriorityDisinherit                0x08005f54   Section        0  tasks.o(i.xTaskPriorityDisinherit)
    i.xTaskRemoveFromEventList               0x08005fec   Section        0  tasks.o(i.xTaskRemoveFromEventList)
    i.xTaskResumeAll                         0x08006060   Section        0  tasks.o(i.xTaskResumeAll)
    i.xTimerCreate                           0x08006124   Section        0  timers.o(i.xTimerCreate)
    i.xTimerCreateStatic                     0x08006158   Section        0  timers.o(i.xTimerCreateStatic)
    i.xTimerCreateTimerTask                  0x08006188   Section        0  timers.o(i.xTimerCreateTimerTask)
    i.xTimerGenericCommand                   0x080061e8   Section        0  timers.o(i.xTimerGenericCommand)
    .constdata                               0x08006248   Section     1520  oled.o(.constdata)
    .constdata                               0x08006838   Section       36  freertos.o(.constdata)
    .constdata                               0x0800685c   Section       18  stm32f1xx_hal_rcc.o(.constdata)
    aPredivFactorTable                       0x0800685c   Data           2  stm32f1xx_hal_rcc.o(.constdata)
    aPLLMULFactorTable                       0x0800685e   Data          16  stm32f1xx_hal_rcc.o(.constdata)
    .constdata                               0x0800686e   Section       16  system_stm32f1xx.o(.constdata)
    .constdata                               0x0800687e   Section        8  system_stm32f1xx.o(.constdata)
    .conststring                             0x08006888   Section       11  freertos.o(.conststring)
    .data                                    0x20000000   Section        1  su03.o(.data)
    .data                                    0x20000008   Section       40  car_function.o(.data)
    .data                                    0x20000030   Section        1  motor.o(.data)
    .data                                    0x20000038   Section        8  sr04.o(.data)
    .data                                    0x20000040   Section      440  iic_paj7620.o(.data)
    .data                                    0x200001f8   Section        5  dht11.o(.data)
    .data                                    0x20000200   Section        8  freertos.o(.data)
    .data                                    0x20000208   Section        4  usart.o(.data)
    .data                                    0x2000020c   Section       12  stm32f1xx_hal.o(.data)
    .data                                    0x20000218   Section        4  system_stm32f1xx.o(.data)
    .data                                    0x2000021c   Section       60  tasks.o(.data)
    pxDelayedTaskList                        0x20000220   Data           4  tasks.o(.data)
    pxOverflowDelayedTaskList                0x20000224   Data           4  tasks.o(.data)
    uxDeletedTasksWaitingCleanUp             0x20000228   Data           4  tasks.o(.data)
    uxCurrentNumberOfTasks                   0x2000022c   Data           4  tasks.o(.data)
    xTickCount                               0x20000230   Data           4  tasks.o(.data)
    uxTopReadyPriority                       0x20000234   Data           4  tasks.o(.data)
    xSchedulerRunning                        0x20000238   Data           4  tasks.o(.data)
    uxPendedTicks                            0x2000023c   Data           4  tasks.o(.data)
    xYieldPending                            0x20000240   Data           4  tasks.o(.data)
    xNumOfOverflows                          0x20000244   Data           4  tasks.o(.data)
    uxTaskNumber                             0x20000248   Data           4  tasks.o(.data)
    xNextTaskUnblockTime                     0x2000024c   Data           4  tasks.o(.data)
    xIdleTaskHandle                          0x20000250   Data           4  tasks.o(.data)
    uxSchedulerSuspended                     0x20000254   Data           4  tasks.o(.data)
    .data                                    0x20000258   Section       20  timers.o(.data)
    pxCurrentTimerList                       0x20000258   Data           4  timers.o(.data)
    pxOverflowTimerList                      0x2000025c   Data           4  timers.o(.data)
    xTimerQueue                              0x20000260   Data           4  timers.o(.data)
    xTimerTaskHandle                         0x20000264   Data           4  timers.o(.data)
    xLastTime                                0x20000268   Data           4  timers.o(.data)
    .data                                    0x2000026c   Section       24  heap_4.o(.data)
    pxEnd                                    0x2000026c   Data           4  heap_4.o(.data)
    xFreeBytesRemaining                      0x20000270   Data           4  heap_4.o(.data)
    xMinimumEverFreeBytesRemaining           0x20000274   Data           4  heap_4.o(.data)
    xBlockAllocatedBit                       0x20000278   Data           4  heap_4.o(.data)
    xStart                                   0x2000027c   Data           8  heap_4.o(.data)
    .data                                    0x20000284   Section       12  port.o(.data)
    ucMaxSysCallPriority                     0x20000284   Data           1  port.o(.data)
    uxCriticalNesting                        0x20000288   Data           4  port.o(.data)
    ulMaxPRIGROUPValue                       0x2000028c   Data           4  port.o(.data)
    .data                                    0x20000290   Section        4  stdout.o(.data)
    .bss                                     0x20000294   Section       24  car_function.o(.bss)
    .bss                                     0x200002ac   Section     1704  freertos.o(.bss)
    xIdleTaskTCBBuffer                       0x200002ac   Data          84  freertos.o(.bss)
    xIdleStack                               0x20000300   Data         512  freertos.o(.bss)
    xTimerTaskTCBBuffer                      0x20000500   Data          84  freertos.o(.bss)
    xTimerStack                              0x20000554   Data        1024  freertos.o(.bss)
    .bss                                     0x20000954   Section       84  i2c.o(.bss)
    .bss                                     0x200009a8   Section      216  tim.o(.bss)
    .bss                                     0x20000a80   Section      272  usart.o(.bss)
    .bss                                     0x20000b90   Section       72  stm32f1xx_hal_timebase_tim.o(.bss)
    .bss                                     0x20000bd8   Section       64  queue.o(.bss)
    .bss                                     0x20000c18   Section      240  tasks.o(.bss)
    pxReadyTasksLists                        0x20000c18   Data         140  tasks.o(.bss)
    xDelayedTaskList1                        0x20000ca4   Data          20  tasks.o(.bss)
    xDelayedTaskList2                        0x20000cb8   Data          20  tasks.o(.bss)
    xPendingReadyList                        0x20000ccc   Data          20  tasks.o(.bss)
    xTasksWaitingTermination                 0x20000ce0   Data          20  tasks.o(.bss)
    xSuspendedTaskList                       0x20000cf4   Data          20  tasks.o(.bss)
    .bss                                     0x20000d08   Section      232  timers.o(.bss)
    xActiveTimerList1                        0x20000d08   Data          20  timers.o(.bss)
    xActiveTimerList2                        0x20000d1c   Data          20  timers.o(.bss)
    xStaticTimerQueue                        0x20000d30   Data          72  timers.o(.bss)
    ucStaticTimerQueueStorage                0x20000d78   Data         120  timers.o(.bss)
    .bss                                     0x20000df0   Section     3072  heap_4.o(.bss)
    ucHeap                                   0x20000df0   Data        3072  heap_4.o(.bss)
    STACK                                    0x200019f0   Section     1024  startup_stm32f103xb.o(STACK)

    Global Symbols

    Symbol Name                              Value     Ov Type        Size  Object(Section)

    BuildAttributes$$THM_ISAv4$P$D$K$B$S$PE$A:L22UL41UL21$X:L11$S22US41US21$IEEE1$IW$USESV6$~STKCKD$USESV7$~SHL$OSPACE$ROPI$EBA8$MICROLIB$REQ8$PRES8$EABIv2 0x00000000   Number         0  anon$$obj.o ABSOLUTE
    __ARM_use_no_argv                        0x00000000   Number         0  main.o ABSOLUTE
    _printf_a                                0x00000000   Number         0  stubs.o ABSOLUTE
    _printf_c                                0x00000000   Number         0  stubs.o ABSOLUTE
    _printf_charcount                        0x00000000   Number         0  stubs.o ABSOLUTE
    _printf_d                                0x00000000   Number         0  stubs.o ABSOLUTE
    _printf_e                                0x00000000   Number         0  stubs.o ABSOLUTE
    _printf_f                                0x00000000   Number         0  stubs.o ABSOLUTE
    _printf_flags                            0x00000000   Number         0  stubs.o ABSOLUTE
    _printf_fp_dec                           0x00000000   Number         0  stubs.o ABSOLUTE
    _printf_fp_hex                           0x00000000   Number         0  stubs.o ABSOLUTE
    _printf_g                                0x00000000   Number         0  stubs.o ABSOLUTE
    _printf_i                                0x00000000   Number         0  stubs.o ABSOLUTE
    _printf_int_dec                          0x00000000   Number         0  stubs.o ABSOLUTE
    _printf_l                                0x00000000   Number         0  stubs.o ABSOLUTE
    _printf_lc                               0x00000000   Number         0  stubs.o ABSOLUTE
    _printf_ll                               0x00000000   Number         0  stubs.o ABSOLUTE
    _printf_lld                              0x00000000   Number         0  stubs.o ABSOLUTE
    _printf_lli                              0x00000000   Number         0  stubs.o ABSOLUTE
    _printf_llo                              0x00000000   Number         0  stubs.o ABSOLUTE
    _printf_llu                              0x00000000   Number         0  stubs.o ABSOLUTE
    _printf_llx                              0x00000000   Number         0  stubs.o ABSOLUTE
    _printf_longlong_dec                     0x00000000   Number         0  stubs.o ABSOLUTE
    _printf_longlong_hex                     0x00000000   Number         0  stubs.o ABSOLUTE
    _printf_longlong_oct                     0x00000000   Number         0  stubs.o ABSOLUTE
    _printf_ls                               0x00000000   Number         0  stubs.o ABSOLUTE
    _printf_mbtowc                           0x00000000   Number         0  stubs.o ABSOLUTE
    _printf_n                                0x00000000   Number         0  stubs.o ABSOLUTE
    _printf_o                                0x00000000   Number         0  stubs.o ABSOLUTE
    _printf_p                                0x00000000   Number         0  stubs.o ABSOLUTE
    _printf_percent                          0x00000000   Number         0  stubs.o ABSOLUTE
    _printf_pre_padding                      0x00000000   Number         0  stubs.o ABSOLUTE
    _printf_return_value                     0x00000000   Number         0  stubs.o ABSOLUTE
    _printf_s                                0x00000000   Number         0  stubs.o ABSOLUTE
    _printf_sizespec                         0x00000000   Number         0  stubs.o ABSOLUTE
    _printf_str                              0x00000000   Number         0  stubs.o ABSOLUTE
    _printf_truncate_signed                  0x00000000   Number         0  stubs.o ABSOLUTE
    _printf_truncate_unsigned                0x00000000   Number         0  stubs.o ABSOLUTE
    _printf_u                                0x00000000   Number         0  stubs.o ABSOLUTE
    _printf_wc                               0x00000000   Number         0  stubs.o ABSOLUTE
    _printf_wctomb                           0x00000000   Number         0  stubs.o ABSOLUTE
    _printf_widthprec                        0x00000000   Number         0  stubs.o ABSOLUTE
    _printf_x                                0x00000000   Number         0  stubs.o ABSOLUTE
    __arm_fini_                               - Undefined Weak Reference
    __cpp_initialize__aeabi_                  - Undefined Weak Reference
    __cxa_finalize                            - Undefined Weak Reference
    _clock_init                               - Undefined Weak Reference
    _microlib_exit                            - Undefined Weak Reference
    __Vectors_Size                           0x000000ec   Number         0  startup_stm32f103xb.o ABSOLUTE
    __Vectors                                0x08000000   Data           4  startup_stm32f103xb.o(RESET)
    __Vectors_End                            0x080000ec   Data           0  startup_stm32f103xb.o(RESET)
    __main                                   0x080000ed   Thumb Code     0  entry.o(.ARM.Collect$$$$00000000)
    _main_stk                                0x080000ed   Thumb Code     0  entry2.o(.ARM.Collect$$$$00000001)
    _main_scatterload                        0x080000f1   Thumb Code     0  entry5.o(.ARM.Collect$$$$00000004)
    __main_after_scatterload                 0x080000f5   Thumb Code     0  entry5.o(.ARM.Collect$$$$00000004)
    _main_clock                              0x080000f5   Thumb Code     0  entry7b.o(.ARM.Collect$$$$00000008)
    _main_cpp_init                           0x080000f5   Thumb Code     0  entry8b.o(.ARM.Collect$$$$0000000A)
    _main_init                               0x080000f5   Thumb Code     0  entry9a.o(.ARM.Collect$$$$0000000B)
    __rt_lib_shutdown_fini                   0x080000fd   Thumb Code     0  entry12b.o(.ARM.Collect$$$$0000000E)
    __rt_final_cpp                           0x08000101   Thumb Code     0  entry10a.o(.ARM.Collect$$$$0000000F)
    __rt_final_exit                          0x08000101   Thumb Code     0  entry11a.o(.ARM.Collect$$$$00000011)
    SVC_Handler                              0x08000105   Thumb Code    32  port.o(.emb_text)
    __asm___6_port_c_39a90d8d__prvStartFirstTask 0x08000129   Thumb Code    28  port.o(.emb_text)
    PendSV_Handler                           0x08000149   Thumb Code    72  port.o(.emb_text)
    vPortGetIPSR                             0x08000195   Thumb Code     6  port.o(.emb_text)
    Reset_Handler                            0x0800019d   Thumb Code     8  startup_stm32f103xb.o(.text)
    ADC1_2_IRQHandler                        0x080001b7   Thumb Code     0  startup_stm32f103xb.o(.text)
    CAN1_RX1_IRQHandler                      0x080001b7   Thumb Code     0  startup_stm32f103xb.o(.text)
    CAN1_SCE_IRQHandler                      0x080001b7   Thumb Code     0  startup_stm32f103xb.o(.text)
    DMA1_Channel1_IRQHandler                 0x080001b7   Thumb Code     0  startup_stm32f103xb.o(.text)
    DMA1_Channel2_IRQHandler                 0x080001b7   Thumb Code     0  startup_stm32f103xb.o(.text)
    DMA1_Channel3_IRQHandler                 0x080001b7   Thumb Code     0  startup_stm32f103xb.o(.text)
    DMA1_Channel4_IRQHandler                 0x080001b7   Thumb Code     0  startup_stm32f103xb.o(.text)
    DMA1_Channel5_IRQHandler                 0x080001b7   Thumb Code     0  startup_stm32f103xb.o(.text)
    DMA1_Channel6_IRQHandler                 0x080001b7   Thumb Code     0  startup_stm32f103xb.o(.text)
    DMA1_Channel7_IRQHandler                 0x080001b7   Thumb Code     0  startup_stm32f103xb.o(.text)
    EXTI0_IRQHandler                         0x080001b7   Thumb Code     0  startup_stm32f103xb.o(.text)
    EXTI1_IRQHandler                         0x080001b7   Thumb Code     0  startup_stm32f103xb.o(.text)
    EXTI2_IRQHandler                         0x080001b7   Thumb Code     0  startup_stm32f103xb.o(.text)
    EXTI3_IRQHandler                         0x080001b7   Thumb Code     0  startup_stm32f103xb.o(.text)
    EXTI4_IRQHandler                         0x080001b7   Thumb Code     0  startup_stm32f103xb.o(.text)
    FLASH_IRQHandler                         0x080001b7   Thumb Code     0  startup_stm32f103xb.o(.text)
    I2C1_ER_IRQHandler                       0x080001b7   Thumb Code     0  startup_stm32f103xb.o(.text)
    I2C1_EV_IRQHandler                       0x080001b7   Thumb Code     0  startup_stm32f103xb.o(.text)
    I2C2_ER_IRQHandler                       0x080001b7   Thumb Code     0  startup_stm32f103xb.o(.text)
    I2C2_EV_IRQHandler                       0x080001b7   Thumb Code     0  startup_stm32f103xb.o(.text)
    PVD_IRQHandler                           0x080001b7   Thumb Code     0  startup_stm32f103xb.o(.text)
    RCC_IRQHandler                           0x080001b7   Thumb Code     0  startup_stm32f103xb.o(.text)
    RTC_Alarm_IRQHandler                     0x080001b7   Thumb Code     0  startup_stm32f103xb.o(.text)
    RTC_IRQHandler                           0x080001b7   Thumb Code     0  startup_stm32f103xb.o(.text)
    SPI1_IRQHandler                          0x080001b7   Thumb Code     0  startup_stm32f103xb.o(.text)
    SPI2_IRQHandler                          0x080001b7   Thumb Code     0  startup_stm32f103xb.o(.text)
    TAMPER_IRQHandler                        0x080001b7   Thumb Code     0  startup_stm32f103xb.o(.text)
    TIM1_BRK_IRQHandler                      0x080001b7   Thumb Code     0  startup_stm32f103xb.o(.text)
    TIM1_CC_IRQHandler                       0x080001b7   Thumb Code     0  startup_stm32f103xb.o(.text)
    TIM1_TRG_COM_IRQHandler                  0x080001b7   Thumb Code     0  startup_stm32f103xb.o(.text)
    TIM1_UP_IRQHandler                       0x080001b7   Thumb Code     0  startup_stm32f103xb.o(.text)
    TIM2_IRQHandler                          0x080001b7   Thumb Code     0  startup_stm32f103xb.o(.text)
    TIM4_IRQHandler                          0x080001b7   Thumb Code     0  startup_stm32f103xb.o(.text)
    USART2_IRQHandler                        0x080001b7   Thumb Code     0  startup_stm32f103xb.o(.text)
    USART3_IRQHandler                        0x080001b7   Thumb Code     0  startup_stm32f103xb.o(.text)
    USBWakeUp_IRQHandler                     0x080001b7   Thumb Code     0  startup_stm32f103xb.o(.text)
    USB_HP_CAN1_TX_IRQHandler                0x080001b7   Thumb Code     0  startup_stm32f103xb.o(.text)
    USB_LP_CAN1_RX0_IRQHandler               0x080001b7   Thumb Code     0  startup_stm32f103xb.o(.text)
    WWDG_IRQHandler                          0x080001b7   Thumb Code     0  startup_stm32f103xb.o(.text)
    __aeabi_llsr                             0x080001c1   Thumb Code    32  llushr.o(.text)
    _ll_ushift_r                             0x080001c1   Thumb Code     0  llushr.o(.text)
    __aeabi_memcpy                           0x080001e1   Thumb Code    36  memcpya.o(.text)
    __aeabi_memcpy4                          0x080001e1   Thumb Code     0  memcpya.o(.text)
    __aeabi_memcpy8                          0x080001e1   Thumb Code     0  memcpya.o(.text)
    __aeabi_memset                           0x08000205   Thumb Code    14  memseta.o(.text)
    __aeabi_memset4                          0x08000205   Thumb Code     0  memseta.o(.text)
    __aeabi_memset8                          0x08000205   Thumb Code     0  memseta.o(.text)
    __aeabi_memclr                           0x08000213   Thumb Code     4  memseta.o(.text)
    __aeabi_memclr4                          0x08000213   Thumb Code     0  memseta.o(.text)
    __aeabi_memclr8                          0x08000213   Thumb Code     0  memseta.o(.text)
    memset                                   0x08000217   Thumb Code    18  memseta.o(.text)
    strcmp                                   0x08000229   Thumb Code    28  strcmp.o(.text)
    __aeabi_dadd                             0x08000245   Thumb Code   322  dadd.o(.text)
    __aeabi_dsub                             0x08000387   Thumb Code     6  dadd.o(.text)
    __aeabi_drsub                            0x0800038d   Thumb Code     6  dadd.o(.text)
    __aeabi_dmul                             0x08000393   Thumb Code   228  dmul.o(.text)
    __ARM_scalbn                             0x08000477   Thumb Code    46  dscalb.o(.text)
    scalbn                                   0x08000477   Thumb Code     0  dscalb.o(.text)
    __aeabi_i2d                              0x080004a5   Thumb Code    34  dflti.o(.text)
    __aeabi_cdcmpeq                          0x080004c9   Thumb Code     0  cdcmple.o(.text)
    __aeabi_cdcmple                          0x080004c9   Thumb Code    48  cdcmple.o(.text)
    __aeabi_cdrcmple                         0x080004f9   Thumb Code    48  cdrcmple.o(.text)
    __aeabi_uidiv                            0x08000529   Thumb Code     0  uidiv.o(.text)
    __aeabi_uidivmod                         0x08000529   Thumb Code    44  uidiv.o(.text)
    __aeabi_uldivmod                         0x08000555   Thumb Code    98  uldiv.o(.text)
    __aeabi_llsl                             0x080005b7   Thumb Code    30  llshl.o(.text)
    _ll_shift_l                              0x080005b7   Thumb Code     0  llshl.o(.text)
    __aeabi_lasr                             0x080005d5   Thumb Code    36  llsshr.o(.text)
    _ll_sshift_r                             0x080005d5   Thumb Code     0  llsshr.o(.text)
    __I$use$fp                               0x080005f9   Thumb Code     0  iusefp.o(.text)
    _double_round                            0x080005f9   Thumb Code    30  depilogue.o(.text)
    _double_epilogue                         0x08000617   Thumb Code   156  depilogue.o(.text)
    __aeabi_ddiv                             0x080006b3   Thumb Code   222  ddiv.o(.text)
    __aeabi_d2ulz                            0x08000791   Thumb Code    48  dfixul.o(.text)
    __scatterload                            0x080007c1   Thumb Code    28  init.o(.text)
    __scatterload_rt2                        0x080007c1   Thumb Code     0  init.o(.text)
    __decompress                             0x080007e5   Thumb Code     0  __dczerorl.o(.text)
    __decompress0                            0x080007e5   Thumb Code    58  __dczerorl.o(.text)
    BusFault_Handler                         0x0800081f   Thumb Code     2  stm32f1xx_it.o(i.BusFault_Handler)
    DebugMon_Handler                         0x08000821   Thumb Code     2  stm32f1xx_it.o(i.DebugMon_Handler)
    EXTI15_10_IRQHandler                     0x08000823   Thumb Code    22  stm32f1xx_it.o(i.EXTI15_10_IRQHandler)
    EXTI9_5_IRQHandler                       0x08000839   Thumb Code     6  stm32f1xx_it.o(i.EXTI9_5_IRQHandler)
    Error_Handler                            0x0800083f   Thumb Code     4  main.o(i.Error_Handler)
    HAL_DMA_Abort                            0x08000843   Thumb Code    70  stm32f1xx_hal_dma.o(i.HAL_DMA_Abort)
    HAL_DMA_Abort_IT                         0x08000889   Thumb Code   148  stm32f1xx_hal_dma.o(i.HAL_DMA_Abort_IT)
    HAL_Delay                                0x08000921   Thumb Code    32  stm32f1xx_hal.o(i.HAL_Delay)
    HAL_GPIO_EXTI_Callback                   0x08000945   Thumb Code   136  car_function.o(i.HAL_GPIO_EXTI_Callback)
    HAL_GPIO_EXTI_IRQHandler                 0x080009fd   Thumb Code    18  stm32f1xx_hal_gpio.o(i.HAL_GPIO_EXTI_IRQHandler)
    HAL_GPIO_Init                            0x08000a15   Thumb Code   446  stm32f1xx_hal_gpio.o(i.HAL_GPIO_Init)
    HAL_GPIO_ReadPin                         0x08000bf5   Thumb Code    10  stm32f1xx_hal_gpio.o(i.HAL_GPIO_ReadPin)
    HAL_GPIO_TogglePin                       0x08000bff   Thumb Code    16  stm32f1xx_hal_gpio.o(i.HAL_GPIO_TogglePin)
    HAL_GPIO_WritePin                        0x08000c0f   Thumb Code    10  stm32f1xx_hal_gpio.o(i.HAL_GPIO_WritePin)
    HAL_GetTick                              0x08000c19   Thumb Code     6  stm32f1xx_hal.o(i.HAL_GetTick)
    HAL_I2C_Init                             0x08000c25   Thumb Code   376  stm32f1xx_hal_i2c.o(i.HAL_I2C_Init)
    HAL_I2C_Mem_Write                        0x08000dad   Thumb Code   294  stm32f1xx_hal_i2c.o(i.HAL_I2C_Mem_Write)
    HAL_I2C_MspInit                          0x08000edd   Thumb Code    80  i2c.o(i.HAL_I2C_MspInit)
    HAL_IncTick                              0x08000f39   Thumb Code    12  stm32f1xx_hal.o(i.HAL_IncTick)
    HAL_Init                                 0x08000f49   Thumb Code    32  stm32f1xx_hal.o(i.HAL_Init)
    HAL_InitTick                             0x08000f6d   Thumb Code   132  stm32f1xx_hal_timebase_tim.o(i.HAL_InitTick)
    HAL_MspInit                              0x08001005   Thumb Code    62  stm32f1xx_hal_msp.o(i.HAL_MspInit)
    HAL_NVIC_EnableIRQ                       0x0800104d   Thumb Code    26  stm32f1xx_hal_cortex.o(i.HAL_NVIC_EnableIRQ)
    HAL_NVIC_SetPriority                     0x08001069   Thumb Code    60  stm32f1xx_hal_cortex.o(i.HAL_NVIC_SetPriority)
    HAL_NVIC_SetPriorityGrouping             0x080010a9   Thumb Code    26  stm32f1xx_hal_cortex.o(i.HAL_NVIC_SetPriorityGrouping)
    HAL_RCC_ClockConfig                      0x080010cd   Thumb Code   280  stm32f1xx_hal_rcc.o(i.HAL_RCC_ClockConfig)
    HAL_RCC_GetClockConfig                   0x080011f9   Thumb Code    54  stm32f1xx_hal_rcc.o(i.HAL_RCC_GetClockConfig)
    HAL_RCC_GetPCLK1Freq                     0x08001239   Thumb Code    20  stm32f1xx_hal_rcc.o(i.HAL_RCC_GetPCLK1Freq)
    HAL_RCC_GetPCLK2Freq                     0x08001259   Thumb Code    20  stm32f1xx_hal_rcc.o(i.HAL_RCC_GetPCLK2Freq)
    HAL_RCC_GetSysClockFreq                  0x08001279   Thumb Code    58  stm32f1xx_hal_rcc.o(i.HAL_RCC_GetSysClockFreq)
    HAL_RCC_OscConfig                        0x080012c5   Thumb Code   778  stm32f1xx_hal_rcc.o(i.HAL_RCC_OscConfig)
    HAL_TIMEx_BreakCallback                  0x080015e5   Thumb Code     2  stm32f1xx_hal_tim_ex.o(i.HAL_TIMEx_BreakCallback)
    HAL_TIMEx_CommutCallback                 0x080015e7   Thumb Code     2  stm32f1xx_hal_tim_ex.o(i.HAL_TIMEx_CommutCallback)
    HAL_TIMEx_MasterConfigSynchronization    0x080015e9   Thumb Code    92  stm32f1xx_hal_tim_ex.o(i.HAL_TIMEx_MasterConfigSynchronization)
    HAL_TIM_Base_Init                        0x08001651   Thumb Code    90  stm32f1xx_hal_tim.o(i.HAL_TIM_Base_Init)
    HAL_TIM_Base_MspInit                     0x080016ad   Thumb Code    74  tim.o(i.HAL_TIM_Base_MspInit)
    HAL_TIM_Base_Start                       0x08001705   Thumb Code    66  stm32f1xx_hal_tim.o(i.HAL_TIM_Base_Start)
    HAL_TIM_Base_Start_IT                    0x08001755   Thumb Code    76  stm32f1xx_hal_tim.o(i.HAL_TIM_Base_Start_IT)
    HAL_TIM_Base_Stop                        0x080017ad   Thumb Code    38  stm32f1xx_hal_tim.o(i.HAL_TIM_Base_Stop)
    HAL_TIM_ConfigClockSource                0x080017d3   Thumb Code   220  stm32f1xx_hal_tim.o(i.HAL_TIM_ConfigClockSource)
    HAL_TIM_IC_CaptureCallback               0x080018af   Thumb Code     2  stm32f1xx_hal_tim.o(i.HAL_TIM_IC_CaptureCallback)
    HAL_TIM_IRQHandler                       0x080018b1   Thumb Code   358  stm32f1xx_hal_tim.o(i.HAL_TIM_IRQHandler)
    HAL_TIM_MspPostInit                      0x08001a19   Thumb Code    98  tim.o(i.HAL_TIM_MspPostInit)
    HAL_TIM_OC_DelayElapsedCallback          0x08001a8d   Thumb Code     2  stm32f1xx_hal_tim.o(i.HAL_TIM_OC_DelayElapsedCallback)
    HAL_TIM_PWM_ConfigChannel                0x08001a8f   Thumb Code   204  stm32f1xx_hal_tim.o(i.HAL_TIM_PWM_ConfigChannel)
    HAL_TIM_PWM_Init                         0x08001b5b   Thumb Code    90  stm32f1xx_hal_tim.o(i.HAL_TIM_PWM_Init)
    HAL_TIM_PWM_MspInit                      0x08001bb5   Thumb Code     2  stm32f1xx_hal_tim.o(i.HAL_TIM_PWM_MspInit)
    HAL_TIM_PWM_PulseFinishedCallback        0x08001bb7   Thumb Code     2  stm32f1xx_hal_tim.o(i.HAL_TIM_PWM_PulseFinishedCallback)
    HAL_TIM_PWM_Start                        0x08001bb9   Thumb Code   144  stm32f1xx_hal_tim.o(i.HAL_TIM_PWM_Start)
    HAL_TIM_PWM_Stop                         0x08001c55   Thumb Code   108  stm32f1xx_hal_tim.o(i.HAL_TIM_PWM_Stop)
    HAL_TIM_PeriodElapsedCallback            0x08001cc5   Thumb Code    14  main.o(i.HAL_TIM_PeriodElapsedCallback)
    HAL_TIM_TriggerCallback                  0x08001cd9   Thumb Code     2  stm32f1xx_hal_tim.o(i.HAL_TIM_TriggerCallback)
    HAL_UARTEx_RxEventCallback               0x08001cdb   Thumb Code     2  stm32f1xx_hal_uart.o(i.HAL_UARTEx_RxEventCallback)
    HAL_UART_ErrorCallback                   0x08001cdd   Thumb Code     2  stm32f1xx_hal_uart.o(i.HAL_UART_ErrorCallback)
    HAL_UART_IRQHandler                      0x08001ce1   Thumb Code   616  stm32f1xx_hal_uart.o(i.HAL_UART_IRQHandler)
    HAL_UART_Init                            0x08001f4d   Thumb Code   100  stm32f1xx_hal_uart.o(i.HAL_UART_Init)
    HAL_UART_MspInit                         0x08001fb1   Thumb Code   116  usart.o(i.HAL_UART_MspInit)
    HAL_UART_Receive_IT                      0x08002031   Thumb Code    28  stm32f1xx_hal_uart.o(i.HAL_UART_Receive_IT)
    HAL_UART_RxCpltCallback                  0x0800204d   Thumb Code   172  usart.o(i.HAL_UART_RxCpltCallback)
    HAL_UART_Transmit                        0x0800211d   Thumb Code   154  stm32f1xx_hal_uart.o(i.HAL_UART_Transmit)
    HAL_UART_TxCpltCallback                  0x080021b7   Thumb Code     2  stm32f1xx_hal_uart.o(i.HAL_UART_TxCpltCallback)
    HardFault_Handler                        0x080021b9   Thumb Code     2  stm32f1xx_it.o(i.HardFault_Handler)
    MX_FREERTOS_Init                         0x0800248d   Thumb Code    54  freertos.o(i.MX_FREERTOS_Init)
    MX_GPIO_Init                             0x080024cd   Thumb Code   260  gpio.o(i.MX_GPIO_Init)
    MX_I2C1_Init                             0x080025e5   Thumb Code    50  i2c.o(i.MX_I2C1_Init)
    MX_TIM1_Init                             0x08002625   Thumb Code    98  tim.o(i.MX_TIM1_Init)
    MX_TIM2_Init                             0x08002691   Thumb Code   162  tim.o(i.MX_TIM2_Init)
    MX_TIM4_Init                             0x08002739   Thumb Code   146  tim.o(i.MX_TIM4_Init)
    MX_USART1_UART_Init                      0x080027d5   Thumb Code    48  usart.o(i.MX_USART1_UART_Init)
    MemManage_Handler                        0x0800280d   Thumb Code     2  stm32f1xx_it.o(i.MemManage_Handler)
    NMI_Handler                              0x0800280f   Thumb Code     2  stm32f1xx_it.o(i.NMI_Handler)
    Oled_Show_Char                           0x08002811   Thumb Code   130  oled.o(i.Oled_Show_Char)
    SpeedCallback                            0x0800289d   Thumb Code    30  freertos.o(i.SpeedCallback)
    SysTick_Handler                          0x080028d5   Thumb Code    38  port.o(i.SysTick_Handler)
    SystemClock_Config                       0x08002901   Thumb Code    94  main.o(i.SystemClock_Config)
    SystemInit                               0x0800295f   Thumb Code     2  system_stm32f1xx.o(i.SystemInit)
    TIM3_IRQHandler                          0x08002961   Thumb Code     6  stm32f1xx_it.o(i.TIM3_IRQHandler)
    TIM_Base_SetConfig                       0x0800296d   Thumb Code    94  stm32f1xx_hal_tim.o(i.TIM_Base_SetConfig)
    TIM_CCxChannelCmd                        0x080029d9   Thumb Code    26  stm32f1xx_hal_tim.o(i.TIM_CCxChannelCmd)
    TIM_ETR_SetConfig                        0x080029f3   Thumb Code    20  stm32f1xx_hal_tim.o(i.TIM_ETR_SetConfig)
    TIM_OC2_SetConfig                        0x08002a69   Thumb Code    84  stm32f1xx_hal_tim.o(i.TIM_OC2_SetConfig)
    TaskMicrophone                           0x08002ba5   Thumb Code    78  freertos.o(i.TaskMicrophone)
    UART_Start_Receive_IT                    0x08002dd5   Thumb Code    54  stm32f1xx_hal_uart.o(i.UART_Start_Receive_IT)
    USART1_IRQHandler                        0x08002e85   Thumb Code     6  stm32f1xx_it.o(i.USART1_IRQHandler)
    UsageFault_Handler                       0x08002e91   Thumb Code     2  stm32f1xx_it.o(i.UsageFault_Handler)
    __0printf                                0x08002e95   Thumb Code    22  printfa.o(i.__0printf)
    __1printf                                0x08002e95   Thumb Code     0  printfa.o(i.__0printf)
    __2printf                                0x08002e95   Thumb Code     0  printfa.o(i.__0printf)
    __c89printf                              0x08002e95   Thumb Code     0  printfa.o(i.__0printf)
    printf                                   0x08002e95   Thumb Code     0  printfa.o(i.__0printf)
    __0sprintf                               0x08002eb5   Thumb Code    34  printfa.o(i.__0sprintf)
    __1sprintf                               0x08002eb5   Thumb Code     0  printfa.o(i.__0sprintf)
    __2sprintf                               0x08002eb5   Thumb Code     0  printfa.o(i.__0sprintf)
    __c89sprintf                             0x08002eb5   Thumb Code     0  printfa.o(i.__0sprintf)
    sprintf                                  0x08002eb5   Thumb Code     0  printfa.o(i.__0sprintf)
    __scatterload_copy                       0x08002efd   Thumb Code    14  handlers.o(i.__scatterload_copy)
    __scatterload_null                       0x08002f0b   Thumb Code     2  handlers.o(i.__scatterload_null)
    __scatterload_zeroinit                   0x08002f0d   Thumb Code    14  handlers.o(i.__scatterload_zeroinit)
    avoid                                    0x080037b1   Thumb Code   456  car_function.o(i.avoid)
    backward                                 0x080039c9   Thumb Code    60  motor.o(i.backward)
    changeMode                               0x08003a11   Thumb Code    64  motor.o(i.changeMode)
    delay_us                                 0x08003a59   Thumb Code    74  dht11.o(i.delay_us)
    dht_mode                                 0x08003aa9   Thumb Code    50  dht11.o(i.dht_mode)
    display_temp_humi                        0x08003ae5   Thumb Code    90  car_function.o(i.display_temp_humi)
    follow                                   0x08003b6d   Thumb Code   134  car_function.o(i.follow)
    forward                                  0x08003c0d   Thumb Code    72  motor.o(i.forward)
    fputc                                    0x08003c65   Thumb Code    26  main.o(i.fputc)
    gesture                                  0x08003c85   Thumb Code    66  car_function.o(i.gesture)
    get_mode                                 0x08003ce1   Thumb Code   242  su03.o(i.get_mode)
    iic_delay_us                             0x08003ddd   Thumb Code    20  iic.o(i.iic_delay_us)
    iic_read_7620                            0x08003df1   Thumb Code   136  iic.o(i.iic_read_7620)
    iic_read_byte                            0x08003e79   Thumb Code    66  iic.o(i.iic_read_byte)
    iic_send_ack                             0x08003ec1   Thumb Code    58  iic.o(i.iic_send_ack)
    iic_send_byte                            0x08003f01   Thumb Code    76  iic.o(i.iic_send_byte)
    iic_start                                0x08003f51   Thumb Code    34  iic.o(i.iic_start)
    iic_stop                                 0x08003f79   Thumb Code    34  iic.o(i.iic_stop)
    iic_wait_ack                             0x08003fa1   Thumb Code    40  iic.o(i.iic_wait_ack)
    iic_write_7620                           0x08003fcd   Thumb Code   102  iic.o(i.iic_write_7620)
    iic_write_cmd                            0x08004035   Thumb Code    30  oled.o(i.iic_write_cmd)
    iic_write_data                           0x08004059   Thumb Code    30  oled.o(i.iic_write_data)
    init                                     0x08004089   Thumb Code    84  car_function.o(i.init)
    initTask                                 0x08004115   Thumb Code     6  car_function.o(i.initTask)
    init_port                                0x08004121   Thumb Code    70  motor.o(i.init_port)
    leftFollowValue                          0x08004171   Thumb Code     8  sensor.o(i.leftFollowValue)
    leftTraceValue                           0x0800417d   Thumb Code     8  sensor.o(i.leftTraceValue)
    leftward                                 0x08004189   Thumb Code    72  motor.o(i.leftward)
    main                                     0x080041e1   Thumb Code    52  main.o(i.main)
    oled_clear                               0x08004229   Thumb Code    84  oled.o(i.oled_clear)
    oled_clear_1_line                        0x0800427d   Thumb Code    12  oled.o(i.oled_clear_1_line)
    oled_clear_all                           0x08004289   Thumb Code    12  oled.o(i.oled_clear_all)
    oled_init                                0x08004295   Thumb Code   168  oled.o(i.oled_init)
    oled_show_string                         0x0800433d   Thumb Code    32  oled.o(i.oled_show_string)
    osDelay                                  0x0800435d   Thumb Code    14  cmsis_os.o(i.osDelay)
    osKernelStart                            0x0800436b   Thumb Code    10  cmsis_os.o(i.osKernelStart)
    osThreadCreate                           0x08004375   Thumb Code    84  cmsis_os.o(i.osThreadCreate)
    osTimerCreate                            0x080043c9   Thumb Code    60  cmsis_os.o(i.osTimerCreate)
    osTimerStart                             0x08004409   Thumb Code    88  cmsis_os.o(i.osTimerStart)
    osTimerStop                              0x08004465   Thumb Code    82  cmsis_os.o(i.osTimerStop)
    paj7620_action                           0x080044bd   Thumb Code    90  iic_paj7620.o(i.paj7620_action)
    paj7620_down                             0x0800451d   Thumb Code    34  iic_paj7620.o(i.paj7620_down)
    paj7620_error                            0x0800454d   Thumb Code     6  iic_paj7620.o(i.paj7620_error)
    paj7620_get_gesture                      0x0800455d   Thumb Code    28  iic_paj7620.o(i.paj7620_get_gesture)
    paj7620_init                             0x08004579   Thumb Code    26  iic_paj7620.o(i.paj7620_init)
    paj7620_left                             0x0800459d   Thumb Code    34  iic_paj7620.o(i.paj7620_left)
    paj7620_nothing                          0x080045cd   Thumb Code     6  iic_paj7620.o(i.paj7620_nothing)
    paj7620_pop                              0x080045e1   Thumb Code     6  iic_paj7620.o(i.paj7620_pop)
    paj7620_push                             0x080045f1   Thumb Code    34  iic_paj7620.o(i.paj7620_push)
    paj7620_right                            0x08004621   Thumb Code    34  iic_paj7620.o(i.paj7620_right)
    paj7620_rotate_left                      0x08004651   Thumb Code     6  iic_paj7620.o(i.paj7620_rotate_left)
    paj7620_rotate_right                     0x08004669   Thumb Code     6  iic_paj7620.o(i.paj7620_rotate_right)
    paj7620_sekect_bank                      0x08004681   Thumb Code    42  iic_paj7620.o(i.paj7620_sekect_bank)
    paj7620_up                               0x080046ad   Thumb Code    34  iic_paj7620.o(i.paj7620_up)
    paj7620_wave                             0x080046dd   Thumb Code     6  iic_paj7620.o(i.paj7620_wave)
    paj_iic_init                             0x080046ed   Thumb Code    84  iic_paj7620.o(i.paj_iic_init)
    paj_init                                 0x08004749   Thumb Code   138  iic_paj7620.o(i.paj_init)
    paj_it_init                              0x080047e5   Thumb Code    42  iic_paj7620.o(i.paj_it_init)
    pvPortMalloc                             0x08004f8d   Thumb Code   210  heap_4.o(i.pvPortMalloc)
    pxPortInitialiseStack                    0x08005065   Thumb Code    32  port.o(i.pxPortInitialiseStack)
    receive_data                             0x08005089   Thumb Code   106  dht11.o(i.receive_data)
    reset                                    0x080050fd   Thumb Code    22  car_function.o(i.reset)
    rightFollowValue                         0x08005119   Thumb Code    10  sensor.o(i.rightFollowValue)
    rightTraceValue                          0x08005129   Thumb Code     8  sensor.o(i.rightTraceValue)
    rightward                                0x08005135   Thumb Code    72  motor.o(i.rightward)
    sg90_init                                0x0800518d   Thumb Code    24  sg90.o(i.sg90_init)
    stop                                     0x080051a9   Thumb Code    70  motor.o(i.stop)
    stop_car                                 0x08005201   Thumb Code    54  car_function.o(i.stop_car)
    test                                     0x0800524d   Thumb Code    50  car_function.o(i.test)
    time1_delay_us                           0x08005295   Thumb Code    56  sr04.o(i.time1_delay_us)
    traceing                                 0x080052d1   Thumb Code   136  car_function.o(i.traceing)
    trig                                     0x08005371   Thumb Code    36  sr04.o(i.trig)
    trig_dht                                 0x08005399   Thumb Code   100  dht11.o(i.trig_dht)
    turn_0_degree                            0x08005401   Thumb Code    10  sg90.o(i.turn_0_degree)
    turn_180_degree                          0x08005411   Thumb Code    10  sg90.o(i.turn_180_degree)
    turn_90_degree                           0x08005421   Thumb Code    10  sg90.o(i.turn_90_degree)
    uxListRemove                             0x08005431   Thumb Code    38  list.o(i.uxListRemove)
    vApplicationGetIdleTaskMemory            0x08005459   Thumb Code    16  freertos.o(i.vApplicationGetIdleTaskMemory)
    vApplicationGetTimerTaskMemory           0x0800546d   Thumb Code    18  freertos.o(i.vApplicationGetTimerTaskMemory)
    vListInitialise                          0x08005485   Thumb Code    22  list.o(i.vListInitialise)
    vListInitialiseItem                      0x0800549b   Thumb Code     6  list.o(i.vListInitialiseItem)
    vListInsert                              0x080054a1   Thumb Code    48  list.o(i.vListInsert)
    vListInsertEnd                           0x080054d1   Thumb Code    24  list.o(i.vListInsertEnd)
    vPortEnterCritical                       0x080054e9   Thumb Code    54  port.o(i.vPortEnterCritical)
    vPortExitCritical                        0x08005529   Thumb Code    34  port.o(i.vPortExitCritical)
    vPortFree                                0x08005551   Thumb Code    88  heap_4.o(i.vPortFree)
    vPortSetupTimerInterrupt                 0x080055ad   Thumb Code    32  port.o(i.vPortSetupTimerInterrupt)
    vPortValidateInterruptPriority           0x080055d1   Thumb Code    74  port.o(i.vPortValidateInterruptPriority)
    vQueueAddToRegistry                      0x08005625   Thumb Code    34  queue.o(i.vQueueAddToRegistry)
    vQueueWaitForMessageRestricted           0x0800564d   Thumb Code    68  queue.o(i.vQueueWaitForMessageRestricted)
    vTaskDelay                               0x08005691   Thumb Code    66  tasks.o(i.vTaskDelay)
    vTaskInternalSetTimeOutState             0x080056dd   Thumb Code    12  tasks.o(i.vTaskInternalSetTimeOutState)
    vTaskMissedYield                         0x080056ed   Thumb Code     8  tasks.o(i.vTaskMissedYield)
    vTaskPlaceOnEventList                    0x080056f9   Thumb Code    44  tasks.o(i.vTaskPlaceOnEventList)
    vTaskPlaceOnEventListRestricted          0x08005729   Thumb Code    52  tasks.o(i.vTaskPlaceOnEventListRestricted)
    vTaskStartScheduler                      0x08005761   Thumb Code   118  tasks.o(i.vTaskStartScheduler)
    vTaskSuspendAll                          0x080057e9   Thumb Code    10  tasks.o(i.vTaskSuspendAll)
    vTaskSwitchContext                       0x080057f9   Thumb Code    82  tasks.o(i.vTaskSwitchContext)
    xPortStartScheduler                      0x08005855   Thumb Code   154  port.o(i.xPortStartScheduler)
    xQueueGenericCreateStatic                0x080058fd   Thumb Code   102  queue.o(i.xQueueGenericCreateStatic)
    xQueueGenericReset                       0x08005965   Thumb Code   132  queue.o(i.xQueueGenericReset)
    xQueueGenericSend                        0x080059ed   Thumb Code   346  queue.o(i.xQueueGenericSend)
    xQueueGenericSendFromISR                 0x08005b4d   Thumb Code   188  queue.o(i.xQueueGenericSendFromISR)
    xQueueReceive                            0x08005c09   Thumb Code   308  queue.o(i.xQueueReceive)
    xTaskCheckForTimeOut                     0x08005d41   Thumb Code   112  tasks.o(i.xTaskCheckForTimeOut)
    xTaskCreate                              0x08005db5   Thumb Code    90  tasks.o(i.xTaskCreate)
    xTaskCreateStatic                        0x08005e0f   Thumb Code    86  tasks.o(i.xTaskCreateStatic)
    xTaskGetSchedulerState                   0x08005e65   Thumb Code    22  tasks.o(i.xTaskGetSchedulerState)
    xTaskGetTickCount                        0x08005e81   Thumb Code     6  tasks.o(i.xTaskGetTickCount)
    xTaskIncrementTick                       0x08005e8d   Thumb Code   192  tasks.o(i.xTaskIncrementTick)
    xTaskPriorityDisinherit                  0x08005f55   Thumb Code   144  tasks.o(i.xTaskPriorityDisinherit)
    xTaskRemoveFromEventList                 0x08005fed   Thumb Code   108  tasks.o(i.xTaskRemoveFromEventList)
    xTaskResumeAll                           0x08006061   Thumb Code   182  tasks.o(i.xTaskResumeAll)
    xTimerCreate                             0x08006125   Thumb Code    52  timers.o(i.xTimerCreate)
    xTimerCreateStatic                       0x08006159   Thumb Code    46  timers.o(i.xTimerCreateStatic)
    xTimerCreateTimerTask                    0x08006189   Thumb Code    78  timers.o(i.xTimerCreateTimerTask)
    xTimerGenericCommand                     0x080061e9   Thumb Code    92  timers.o(i.xTimerGenericCommand)
    F8X16                                    0x08006248   Data        1520  oled.o(.constdata)
    AHBPrescTable                            0x0800686e   Data          16  system_stm32f1xx.o(.constdata)
    APBPrescTable                            0x0800687e   Data           8  system_stm32f1xx.o(.constdata)
    Region$$Table$$Base                      0x08006894   Number         0  anon$$obj.o(Region$$Table)
    Region$$Table$$Limit                     0x080068b4   Number         0  anon$$obj.o(Region$$Table)
    runMode                                  0x20000000   Data           1  su03.o(.data)
    dir                                      0x20000008   Data           1  car_function.o(.data)
    lastMode                                 0x20000009   Data           1  car_function.o(.data)
    count                                    0x2000000c   Data           4  car_function.o(.data)
    speedCnt                                 0x20000010   Data           4  car_function.o(.data)
    SpeedHandle                              0x20000014   Data           4  car_function.o(.data)
    disLeft                                  0x20000018   Data           8  car_function.o(.data)
    disMiddle                                0x20000020   Data           8  car_function.o(.data)
    disRight                                 0x20000028   Data           8  car_function.o(.data)
    mode                                     0x20000030   Data           1  motor.o(.data)
    distance                                 0x20000038   Data           8  sr04.o(.data)
    status                                   0x20000040   Data           2  iic_paj7620.o(.data)
    initRegisterArray                        0x20000042   Data         438  iic_paj7620.o(.data)
    datas                                    0x200001f8   Data           5  dht11.o(.data)
    MicrophoneHandle                         0x20000200   Data           4  freertos.o(.data)
    SpeedTimerHandle                         0x20000204   Data           4  freertos.o(.data)
    buf                                      0x20000208   Data           1  usart.o(.data)
    UART1_RX_STA                             0x2000020a   Data           2  usart.o(.data)
    uwTickFreq                               0x2000020c   Data           1  stm32f1xx_hal.o(.data)
    uwTickPrio                               0x20000210   Data           4  stm32f1xx_hal.o(.data)
    uwTick                                   0x20000214   Data           4  stm32f1xx_hal.o(.data)
    SystemCoreClock                          0x20000218   Data           4  system_stm32f1xx.o(.data)
    pxCurrentTCB                             0x2000021c   Data           4  tasks.o(.data)
    __stdout                                 0x20000290   Data           4  stdout.o(.data)
    speedString                              0x20000294   Data          24  car_function.o(.bss)
    hi2c1                                    0x20000954   Data          84  i2c.o(.bss)
    htim1                                    0x200009a8   Data          72  tim.o(.bss)
    htim2                                    0x200009f0   Data          72  tim.o(.bss)
    htim4                                    0x20000a38   Data          72  tim.o(.bss)
    UART1_RX_Buffer                          0x20000a80   Data         200  usart.o(.bss)
    huart1                                   0x20000b48   Data          72  usart.o(.bss)
    htim3                                    0x20000b90   Data          72  stm32f1xx_hal_timebase_tim.o(.bss)
    xQueueRegistry                           0x20000bd8   Data          64  queue.o(.bss)
    __initial_sp                             0x20001df0   Data           0  startup_stm32f103xb.o(STACK)



==============================================================================

Memory Map of the image

  Image Entry point : 0x080000ed

  Load Region LR_IROM1 (Base: 0x08000000, Size: 0x00006b48, Max: 0x00010000, ABSOLUTE, COMPRESSED[0x00006a80])

    Execution Region ER_IROM1 (Exec base: 0x08000000, Load base: 0x08000000, Size: 0x000068b4, Max: 0x00010000, ABSOLUTE)

    Exec Addr    Load Addr    Size         Type   Attr      Idx    E Section Name        Object

    0x08000000   0x08000000   0x000000ec   Data   RO            3    RESET               startup_stm32f103xb.o
    0x080000ec   0x080000ec   0x00000000   Code   RO         5543  * .ARM.Collect$$$$00000000  mc_w.l(entry.o)
    0x080000ec   0x080000ec   0x00000004   Code   RO         5831    .ARM.Collect$$$$00000001  mc_w.l(entry2.o)
    0x080000f0   0x080000f0   0x00000004   Code   RO         5834    .ARM.Collect$$$$00000004  mc_w.l(entry5.o)
    0x080000f4   0x080000f4   0x00000000   Code   RO         5836    .ARM.Collect$$$$00000008  mc_w.l(entry7b.o)
    0x080000f4   0x080000f4   0x00000000   Code   RO         5838    .ARM.Collect$$$$0000000A  mc_w.l(entry8b.o)
    0x080000f4   0x080000f4   0x00000008   Code   RO         5839    .ARM.Collect$$$$0000000B  mc_w.l(entry9a.o)
    0x080000fc   0x080000fc   0x00000004   Code   RO         5846    .ARM.Collect$$$$0000000E  mc_w.l(entry12b.o)
    0x08000100   0x08000100   0x00000000   Code   RO         5841    .ARM.Collect$$$$0000000F  mc_w.l(entry10a.o)
    0x08000100   0x08000100   0x00000000   Code   RO         5843    .ARM.Collect$$$$00000011  mc_w.l(entry11a.o)
    0x08000100   0x08000100   0x00000004   Code   RO         5832    .ARM.Collect$$$$00002712  mc_w.l(entry2.o)
    0x08000104   0x08000104   0x00000096   Code   RO         5466    .emb_text           port.o
    0x0800019a   0x0800019a   0x00000002   PAD
    0x0800019c   0x0800019c   0x00000024   Code   RO            4    .text               startup_stm32f103xb.o
    0x080001c0   0x080001c0   0x00000020   Code   RO         5546    .text               mc_w.l(llushr.o)
    0x080001e0   0x080001e0   0x00000024   Code   RO         5548    .text               mc_w.l(memcpya.o)
    0x08000204   0x08000204   0x00000024   Code   RO         5552    .text               mc_w.l(memseta.o)
    0x08000228   0x08000228   0x0000001c   Code   RO         5554    .text               mc_w.l(strcmp.o)
    0x08000244   0x08000244   0x0000014e   Code   RO         5819    .text               mf_w.l(dadd.o)
    0x08000392   0x08000392   0x000000e4   Code   RO         5821    .text               mf_w.l(dmul.o)
    0x08000476   0x08000476   0x0000002e   Code   RO         5823    .text               mf_w.l(dscalb.o)
    0x080004a4   0x080004a4   0x00000022   Code   RO         5825    .text               mf_w.l(dflti.o)
    0x080004c6   0x080004c6   0x00000002   PAD
    0x080004c8   0x080004c8   0x00000030   Code   RO         5827    .text               mf_w.l(cdcmple.o)
    0x080004f8   0x080004f8   0x00000030   Code   RO         5829    .text               mf_w.l(cdrcmple.o)
    0x08000528   0x08000528   0x0000002c   Code   RO         5848    .text               mc_w.l(uidiv.o)
    0x08000554   0x08000554   0x00000062   Code   RO         5850    .text               mc_w.l(uldiv.o)
    0x080005b6   0x080005b6   0x0000001e   Code   RO         5852    .text               mc_w.l(llshl.o)
    0x080005d4   0x080005d4   0x00000024   Code   RO         5854    .text               mc_w.l(llsshr.o)
    0x080005f8   0x080005f8   0x00000000   Code   RO         5856    .text               mc_w.l(iusefp.o)
    0x080005f8   0x080005f8   0x000000ba   Code   RO         5857    .text               mf_w.l(depilogue.o)
    0x080006b2   0x080006b2   0x000000de   Code   RO         5859    .text               mf_w.l(ddiv.o)
    0x08000790   0x08000790   0x00000030   Code   RO         5861    .text               mf_w.l(dfixul.o)
    0x080007c0   0x080007c0   0x00000024   Code   RO         5863    .text               mc_w.l(init.o)
    0x080007e4   0x080007e4   0x0000003a   Code   RO         5873    .text               mc_w.l(__dczerorl.o)
    0x0800081e   0x0800081e   0x00000002   Code   RO         1189    i.BusFault_Handler  stm32f1xx_it.o
    0x08000820   0x08000820   0x00000002   Code   RO         1190    i.DebugMon_Handler  stm32f1xx_it.o
    0x08000822   0x08000822   0x00000016   Code   RO         1191    i.EXTI15_10_IRQHandler  stm32f1xx_it.o
    0x08000838   0x08000838   0x00000006   Code   RO         1192    i.EXTI9_5_IRQHandler  stm32f1xx_it.o
    0x0800083e   0x0800083e   0x00000004   Code   RO          899    i.Error_Handler     main.o
    0x08000842   0x08000842   0x00000046   Code   RO         1751    i.HAL_DMA_Abort     stm32f1xx_hal_dma.o
    0x08000888   0x08000888   0x00000098   Code   RO         1752    i.HAL_DMA_Abort_IT  stm32f1xx_hal_dma.o
    0x08000920   0x08000920   0x00000024   Code   RO         1377    i.HAL_Delay         stm32f1xx_hal.o
    0x08000944   0x08000944   0x000000b8   Code   RO          137    i.HAL_GPIO_EXTI_Callback  car_function.o
    0x080009fc   0x080009fc   0x00000018   Code   RO         1686    i.HAL_GPIO_EXTI_IRQHandler  stm32f1xx_hal_gpio.o
    0x08000a14   0x08000a14   0x000001e0   Code   RO         1687    i.HAL_GPIO_Init     stm32f1xx_hal_gpio.o
    0x08000bf4   0x08000bf4   0x0000000a   Code   RO         1689    i.HAL_GPIO_ReadPin  stm32f1xx_hal_gpio.o
    0x08000bfe   0x08000bfe   0x00000010   Code   RO         1690    i.HAL_GPIO_TogglePin  stm32f1xx_hal_gpio.o
    0x08000c0e   0x08000c0e   0x0000000a   Code   RO         1691    i.HAL_GPIO_WritePin  stm32f1xx_hal_gpio.o
    0x08000c18   0x08000c18   0x0000000c   Code   RO         1381    i.HAL_GetTick       stm32f1xx_hal.o
    0x08000c24   0x08000c24   0x00000188   Code   RO         2358    i.HAL_I2C_Init      stm32f1xx_hal_i2c.o
    0x08000dac   0x08000dac   0x00000130   Code   RO         2379    i.HAL_I2C_Mem_Write  stm32f1xx_hal_i2c.o
    0x08000edc   0x08000edc   0x0000005c   Code   RO         1036    i.HAL_I2C_MspInit   i2c.o
    0x08000f38   0x08000f38   0x00000010   Code   RO         1387    i.HAL_IncTick       stm32f1xx_hal.o
    0x08000f48   0x08000f48   0x00000024   Code   RO         1388    i.HAL_Init          stm32f1xx_hal.o
    0x08000f6c   0x08000f6c   0x00000098   Code   RO         1295    i.HAL_InitTick      stm32f1xx_hal_timebase_tim.o
    0x08001004   0x08001004   0x00000048   Code   RO         1271    i.HAL_MspInit       stm32f1xx_hal_msp.o
    0x0800104c   0x0800104c   0x0000001a   Code   RO         1847    i.HAL_NVIC_EnableIRQ  stm32f1xx_hal_cortex.o
    0x08001066   0x08001066   0x00000002   PAD
    0x08001068   0x08001068   0x00000040   Code   RO         1853    i.HAL_NVIC_SetPriority  stm32f1xx_hal_cortex.o
    0x080010a8   0x080010a8   0x00000024   Code   RO         1854    i.HAL_NVIC_SetPriorityGrouping  stm32f1xx_hal_cortex.o
    0x080010cc   0x080010cc   0x0000012c   Code   RO         1545    i.HAL_RCC_ClockConfig  stm32f1xx_hal_rcc.o
    0x080011f8   0x080011f8   0x00000040   Code   RO         1549    i.HAL_RCC_GetClockConfig  stm32f1xx_hal_rcc.o
    0x08001238   0x08001238   0x00000020   Code   RO         1552    i.HAL_RCC_GetPCLK1Freq  stm32f1xx_hal_rcc.o
    0x08001258   0x08001258   0x00000020   Code   RO         1553    i.HAL_RCC_GetPCLK2Freq  stm32f1xx_hal_rcc.o
    0x08001278   0x08001278   0x0000004c   Code   RO         1554    i.HAL_RCC_GetSysClockFreq  stm32f1xx_hal_rcc.o
    0x080012c4   0x080012c4   0x00000320   Code   RO         1557    i.HAL_RCC_OscConfig  stm32f1xx_hal_rcc.o
    0x080015e4   0x080015e4   0x00000002   Code   RO         3490    i.HAL_TIMEx_BreakCallback  stm32f1xx_hal_tim_ex.o
    0x080015e6   0x080015e6   0x00000002   Code   RO         3491    i.HAL_TIMEx_CommutCallback  stm32f1xx_hal_tim_ex.o
    0x080015e8   0x080015e8   0x00000068   Code   RO         3509    i.HAL_TIMEx_MasterConfigSynchronization  stm32f1xx_hal_tim_ex.o
    0x08001650   0x08001650   0x0000005a   Code   RO         2786    i.HAL_TIM_Base_Init  stm32f1xx_hal_tim.o
    0x080016aa   0x080016aa   0x00000002   PAD
    0x080016ac   0x080016ac   0x00000058   Code   RO         1078    i.HAL_TIM_Base_MspInit  tim.o
    0x08001704   0x08001704   0x00000050   Code   RO         2789    i.HAL_TIM_Base_Start  stm32f1xx_hal_tim.o
    0x08001754   0x08001754   0x00000058   Code   RO         2791    i.HAL_TIM_Base_Start_IT  stm32f1xx_hal_tim.o
    0x080017ac   0x080017ac   0x00000026   Code   RO         2792    i.HAL_TIM_Base_Stop  stm32f1xx_hal_tim.o
    0x080017d2   0x080017d2   0x000000dc   Code   RO         2795    i.HAL_TIM_ConfigClockSource  stm32f1xx_hal_tim.o
    0x080018ae   0x080018ae   0x00000002   Code   RO         2820    i.HAL_TIM_IC_CaptureCallback  stm32f1xx_hal_tim.o
    0x080018b0   0x080018b0   0x00000166   Code   RO         2834    i.HAL_TIM_IRQHandler  stm32f1xx_hal_tim.o
    0x08001a16   0x08001a16   0x00000002   PAD
    0x08001a18   0x08001a18   0x00000074   Code   RO         1079    i.HAL_TIM_MspPostInit  tim.o
    0x08001a8c   0x08001a8c   0x00000002   Code   RO         2837    i.HAL_TIM_OC_DelayElapsedCallback  stm32f1xx_hal_tim.o
    0x08001a8e   0x08001a8e   0x000000cc   Code   RO         2858    i.HAL_TIM_PWM_ConfigChannel  stm32f1xx_hal_tim.o
    0x08001b5a   0x08001b5a   0x0000005a   Code   RO         2861    i.HAL_TIM_PWM_Init  stm32f1xx_hal_tim.o
    0x08001bb4   0x08001bb4   0x00000002   Code   RO         2863    i.HAL_TIM_PWM_MspInit  stm32f1xx_hal_tim.o
    0x08001bb6   0x08001bb6   0x00000002   Code   RO         2864    i.HAL_TIM_PWM_PulseFinishedCallback  stm32f1xx_hal_tim.o
    0x08001bb8   0x08001bb8   0x0000009c   Code   RO         2866    i.HAL_TIM_PWM_Start  stm32f1xx_hal_tim.o
    0x08001c54   0x08001c54   0x00000070   Code   RO         2869    i.HAL_TIM_PWM_Stop  stm32f1xx_hal_tim.o
    0x08001cc4   0x08001cc4   0x00000014   Code   RO          900    i.HAL_TIM_PeriodElapsedCallback  main.o
    0x08001cd8   0x08001cd8   0x00000002   Code   RO         2877    i.HAL_TIM_TriggerCallback  stm32f1xx_hal_tim.o
    0x08001cda   0x08001cda   0x00000002   Code   RO         3769    i.HAL_UARTEx_RxEventCallback  stm32f1xx_hal_uart.o
    0x08001cdc   0x08001cdc   0x00000002   Code   RO         3783    i.HAL_UART_ErrorCallback  stm32f1xx_hal_uart.o
    0x08001cde   0x08001cde   0x00000002   PAD
    0x08001ce0   0x08001ce0   0x0000026c   Code   RO         3786    i.HAL_UART_IRQHandler  stm32f1xx_hal_uart.o
    0x08001f4c   0x08001f4c   0x00000064   Code   RO         3787    i.HAL_UART_Init     stm32f1xx_hal_uart.o
    0x08001fb0   0x08001fb0   0x00000080   Code   RO         1138    i.HAL_UART_MspInit  usart.o
    0x08002030   0x08002030   0x0000001c   Code   RO         3792    i.HAL_UART_Receive_IT  stm32f1xx_hal_uart.o
    0x0800204c   0x0800204c   0x000000d0   Code   RO         1139    i.HAL_UART_RxCpltCallback  usart.o
    0x0800211c   0x0800211c   0x0000009a   Code   RO         3795    i.HAL_UART_Transmit  stm32f1xx_hal_uart.o
    0x080021b6   0x080021b6   0x00000002   Code   RO         3798    i.HAL_UART_TxCpltCallback  stm32f1xx_hal_uart.o
    0x080021b8   0x080021b8   0x00000002   Code   RO         1193    i.HardFault_Handler  stm32f1xx_it.o
    0x080021ba   0x080021ba   0x0000002e   Code   RO         2401    i.I2C_IsAcknowledgeFailed  stm32f1xx_hal_i2c.o
    0x080021e8   0x080021e8   0x000000a8   Code   RO         2412    i.I2C_RequestMemoryWrite  stm32f1xx_hal_i2c.o
    0x08002290   0x08002290   0x00000056   Code   RO         2416    i.I2C_WaitOnBTFFlagUntilTimeout  stm32f1xx_hal_i2c.o
    0x080022e6   0x080022e6   0x00000002   PAD
    0x080022e8   0x080022e8   0x00000090   Code   RO         2417    i.I2C_WaitOnFlagUntilTimeout  stm32f1xx_hal_i2c.o
    0x08002378   0x08002378   0x000000bc   Code   RO         2418    i.I2C_WaitOnMasterAddressFlagUntilTimeout  stm32f1xx_hal_i2c.o
    0x08002434   0x08002434   0x00000056   Code   RO         2420    i.I2C_WaitOnTXEFlagUntilTimeout  stm32f1xx_hal_i2c.o
    0x0800248a   0x0800248a   0x00000002   PAD
    0x0800248c   0x0800248c   0x00000040   Code   RO          981    i.MX_FREERTOS_Init  freertos.o
    0x080024cc   0x080024cc   0x00000118   Code   RO          957    i.MX_GPIO_Init      gpio.o
    0x080025e4   0x080025e4   0x00000040   Code   RO         1037    i.MX_I2C1_Init      i2c.o
    0x08002624   0x08002624   0x0000006c   Code   RO         1080    i.MX_TIM1_Init      tim.o
    0x08002690   0x08002690   0x000000a8   Code   RO         1081    i.MX_TIM2_Init      tim.o
    0x08002738   0x08002738   0x0000009c   Code   RO         1082    i.MX_TIM4_Init      tim.o
    0x080027d4   0x080027d4   0x00000038   Code   RO         1140    i.MX_USART1_UART_Init  usart.o
    0x0800280c   0x0800280c   0x00000002   Code   RO         1194    i.MemManage_Handler  stm32f1xx_it.o
    0x0800280e   0x0800280e   0x00000002   Code   RO         1195    i.NMI_Handler       stm32f1xx_it.o
    0x08002810   0x08002810   0x0000008c   Code   RO          420    i.Oled_Show_Char    oled.o
    0x0800289c   0x0800289c   0x00000038   Code   RO          982    i.SpeedCallback     freertos.o
    0x080028d4   0x080028d4   0x0000002c   Code   RO         5467    i.SysTick_Handler   port.o
    0x08002900   0x08002900   0x0000005e   Code   RO          901    i.SystemClock_Config  main.o
    0x0800295e   0x0800295e   0x00000002   Code   RO         4121    i.SystemInit        system_stm32f1xx.o
    0x08002960   0x08002960   0x0000000c   Code   RO         1196    i.TIM3_IRQHandler   stm32f1xx_it.o
    0x0800296c   0x0800296c   0x0000006c   Code   RO         2879    i.TIM_Base_SetConfig  stm32f1xx_hal_tim.o
    0x080029d8   0x080029d8   0x0000001a   Code   RO         2880    i.TIM_CCxChannelCmd  stm32f1xx_hal_tim.o
    0x080029f2   0x080029f2   0x00000014   Code   RO         2890    i.TIM_ETR_SetConfig  stm32f1xx_hal_tim.o
    0x08002a06   0x08002a06   0x00000010   Code   RO         2891    i.TIM_ITRx_SetConfig  stm32f1xx_hal_tim.o
    0x08002a16   0x08002a16   0x00000002   PAD
    0x08002a18   0x08002a18   0x00000050   Code   RO         2892    i.TIM_OC1_SetConfig  stm32f1xx_hal_tim.o
    0x08002a68   0x08002a68   0x00000058   Code   RO         2893    i.TIM_OC2_SetConfig  stm32f1xx_hal_tim.o
    0x08002ac0   0x08002ac0   0x00000058   Code   RO         2894    i.TIM_OC3_SetConfig  stm32f1xx_hal_tim.o
    0x08002b18   0x08002b18   0x00000044   Code   RO         2895    i.TIM_OC4_SetConfig  stm32f1xx_hal_tim.o
    0x08002b5c   0x08002b5c   0x00000022   Code   RO         2897    i.TIM_TI1_ConfigInputStage  stm32f1xx_hal_tim.o
    0x08002b7e   0x08002b7e   0x00000024   Code   RO         2899    i.TIM_TI2_ConfigInputStage  stm32f1xx_hal_tim.o
    0x08002ba2   0x08002ba2   0x00000002   PAD
    0x08002ba4   0x08002ba4   0x00000058   Code   RO          983    i.TaskMicrophone    freertos.o
    0x08002bfc   0x08002bfc   0x00000010   Code   RO         3800    i.UART_DMAAbortOnError  stm32f1xx_hal_uart.o
    0x08002c0c   0x08002c0c   0x0000004e   Code   RO         3810    i.UART_EndRxTransfer  stm32f1xx_hal_uart.o
    0x08002c5a   0x08002c5a   0x000000c2   Code   RO         3812    i.UART_Receive_IT   stm32f1xx_hal_uart.o
    0x08002d1c   0x08002d1c   0x000000b8   Code   RO         3813    i.UART_SetConfig    stm32f1xx_hal_uart.o
    0x08002dd4   0x08002dd4   0x00000036   Code   RO         3815    i.UART_Start_Receive_IT  stm32f1xx_hal_uart.o
    0x08002e0a   0x08002e0a   0x00000078   Code   RO         3816    i.UART_WaitOnFlagUntilTimeout  stm32f1xx_hal_uart.o
    0x08002e82   0x08002e82   0x00000002   PAD
    0x08002e84   0x08002e84   0x0000000c   Code   RO         1197    i.USART1_IRQHandler  stm32f1xx_it.o
    0x08002e90   0x08002e90   0x00000002   Code   RO         1198    i.UsageFault_Handler  stm32f1xx_it.o
    0x08002e92   0x08002e92   0x00000002   PAD
    0x08002e94   0x08002e94   0x00000020   Code   RO         5791    i.__0printf         mc_w.l(printfa.o)
    0x08002eb4   0x08002eb4   0x00000028   Code   RO         5793    i.__0sprintf        mc_w.l(printfa.o)
    0x08002edc   0x08002edc   0x00000020   Code   RO         1860    i.__NVIC_SetPriority  stm32f1xx_hal_cortex.o
    0x08002efc   0x08002efc   0x0000000e   Code   RO         5867    i.__scatterload_copy  mc_w.l(handlers.o)
    0x08002f0a   0x08002f0a   0x00000002   Code   RO         5868    i.__scatterload_null  mc_w.l(handlers.o)
    0x08002f0c   0x08002f0c   0x0000000e   Code   RO         5869    i.__scatterload_zeroinit  mc_w.l(handlers.o)
    0x08002f1a   0x08002f1a   0x00000002   PAD
    0x08002f1c   0x08002f1c   0x00000184   Code   RO         5798    i._fp_digits        mc_w.l(printfa.o)
    0x080030a0   0x080030a0   0x000006b4   Code   RO         5799    i._printf_core      mc_w.l(printfa.o)
    0x08003754   0x08003754   0x00000024   Code   RO         5800    i._printf_post_padding  mc_w.l(printfa.o)
    0x08003778   0x08003778   0x0000002e   Code   RO         5801    i._printf_pre_padding  mc_w.l(printfa.o)
    0x080037a6   0x080037a6   0x0000000a   Code   RO         5803    i._sputc            mc_w.l(printfa.o)
    0x080037b0   0x080037b0   0x00000218   Code   RO          138    i.avoid             car_function.o
    0x080039c8   0x080039c8   0x00000048   Code   RO          357    i.backward          motor.o
    0x08003a10   0x08003a10   0x00000048   Code   RO          358    i.changeMode        motor.o
    0x08003a58   0x08003a58   0x00000050   Code   RO          843    i.delay_us          dht11.o
    0x08003aa8   0x08003aa8   0x0000003c   Code   RO          844    i.dht_mode          dht11.o
    0x08003ae4   0x08003ae4   0x00000088   Code   RO          139    i.display_temp_humi  car_function.o
    0x08003b6c   0x08003b6c   0x000000a0   Code   RO          140    i.follow            car_function.o
    0x08003c0c   0x08003c0c   0x00000058   Code   RO          359    i.forward           motor.o
    0x08003c64   0x08003c64   0x00000020   Code   RO          902    i.fputc             main.o
    0x08003c84   0x08003c84   0x0000005c   Code   RO          141    i.gesture           car_function.o
    0x08003ce0   0x08003ce0   0x000000fc   Code   RO           13    i.get_mode          su03.o
    0x08003ddc   0x08003ddc   0x00000014   Code   RO          623    i.iic_delay_us      iic.o
    0x08003df0   0x08003df0   0x00000088   Code   RO          624    i.iic_read_7620     iic.o
    0x08003e78   0x08003e78   0x00000048   Code   RO          625    i.iic_read_byte     iic.o
    0x08003ec0   0x08003ec0   0x00000040   Code   RO          626    i.iic_send_ack      iic.o
    0x08003f00   0x08003f00   0x00000050   Code   RO          627    i.iic_send_byte     iic.o
    0x08003f50   0x08003f50   0x00000028   Code   RO          628    i.iic_start         iic.o
    0x08003f78   0x08003f78   0x00000028   Code   RO          629    i.iic_stop          iic.o
    0x08003fa0   0x08003fa0   0x0000002c   Code   RO          630    i.iic_wait_ack      iic.o
    0x08003fcc   0x08003fcc   0x00000066   Code   RO          631    i.iic_write_7620    iic.o
    0x08004032   0x08004032   0x00000002   PAD
    0x08004034   0x08004034   0x00000024   Code   RO          421    i.iic_write_cmd     oled.o
    0x08004058   0x08004058   0x00000024   Code   RO          422    i.iic_write_data    oled.o
    0x0800407c   0x0800407c   0x0000000c   Code   RO         5048    i.inHandlerMode     cmsis_os.o
    0x08004088   0x08004088   0x0000008c   Code   RO          142    i.init              car_function.o
    0x08004114   0x08004114   0x0000000c   Code   RO          143    i.initTask          car_function.o
    0x08004120   0x08004120   0x00000050   Code   RO          360    i.init_port         motor.o
    0x08004170   0x08004170   0x0000000c   Code   RO          315    i.leftFollowValue   sensor.o
    0x0800417c   0x0800417c   0x0000000c   Code   RO          316    i.leftTraceValue    sensor.o
    0x08004188   0x08004188   0x00000058   Code   RO          361    i.leftward          motor.o
    0x080041e0   0x080041e0   0x0000003c   Code   RO          903    i.main              main.o
    0x0800421c   0x0800421c   0x0000000c   Code   RO         5050    i.makeFreeRtosPriority  cmsis_os.o
    0x08004228   0x08004228   0x00000054   Code   RO          425    i.oled_clear        oled.o
    0x0800427c   0x0800427c   0x0000000c   Code   RO          426    i.oled_clear_1_line  oled.o
    0x08004288   0x08004288   0x0000000c   Code   RO          430    i.oled_clear_all    oled.o
    0x08004294   0x08004294   0x000000a8   Code   RO          432    i.oled_init         oled.o
    0x0800433c   0x0800433c   0x00000020   Code   RO          433    i.oled_show_string  oled.o
    0x0800435c   0x0800435c   0x0000000e   Code   RO         5052    i.osDelay           cmsis_os.o
    0x0800436a   0x0800436a   0x0000000a   Code   RO         5055    i.osKernelStart     cmsis_os.o
    0x08004374   0x08004374   0x00000054   Code   RO         5089    i.osThreadCreate    cmsis_os.o
    0x080043c8   0x080043c8   0x00000040   Code   RO         5100    i.osTimerCreate     cmsis_os.o
    0x08004408   0x08004408   0x0000005c   Code   RO         5102    i.osTimerStart      cmsis_os.o
    0x08004464   0x08004464   0x00000058   Code   RO         5103    i.osTimerStop       cmsis_os.o
    0x080044bc   0x080044bc   0x00000060   Code   RO          709    i.paj7620_action    iic_paj7620.o
    0x0800451c   0x0800451c   0x00000030   Code   RO          710    i.paj7620_down      iic_paj7620.o
    0x0800454c   0x0800454c   0x00000010   Code   RO          711    i.paj7620_error     iic_paj7620.o
    0x0800455c   0x0800455c   0x0000001c   Code   RO          713    i.paj7620_get_gesture  iic_paj7620.o
    0x08004578   0x08004578   0x00000024   Code   RO          714    i.paj7620_init      iic_paj7620.o
    0x0800459c   0x0800459c   0x00000030   Code   RO          715    i.paj7620_left      iic_paj7620.o
    0x080045cc   0x080045cc   0x00000014   Code   RO          716    i.paj7620_nothing   iic_paj7620.o
    0x080045e0   0x080045e0   0x00000010   Code   RO          717    i.paj7620_pop       iic_paj7620.o
    0x080045f0   0x080045f0   0x00000030   Code   RO          718    i.paj7620_push      iic_paj7620.o
    0x08004620   0x08004620   0x00000030   Code   RO          719    i.paj7620_right     iic_paj7620.o
    0x08004650   0x08004650   0x00000018   Code   RO          720    i.paj7620_rotate_left  iic_paj7620.o
    0x08004668   0x08004668   0x00000018   Code   RO          721    i.paj7620_rotate_right  iic_paj7620.o
    0x08004680   0x08004680   0x0000002a   Code   RO          722    i.paj7620_sekect_bank  iic_paj7620.o
    0x080046aa   0x080046aa   0x00000002   PAD
    0x080046ac   0x080046ac   0x00000030   Code   RO          723    i.paj7620_up        iic_paj7620.o
    0x080046dc   0x080046dc   0x00000010   Code   RO          724    i.paj7620_wave      iic_paj7620.o
    0x080046ec   0x080046ec   0x0000005c   Code   RO          725    i.paj_iic_init      iic_paj7620.o
    0x08004748   0x08004748   0x0000009c   Code   RO          726    i.paj_init          iic_paj7620.o
    0x080047e4   0x080047e4   0x00000038   Code   RO          727    i.paj_it_init       iic_paj7620.o
    0x0800481c   0x0800481c   0x00000070   Code   RO         4620    i.prvAddCurrentTaskToDelayedList  tasks.o
    0x0800488c   0x0800488c   0x000000d0   Code   RO         4621    i.prvAddNewTaskToReadyList  tasks.o
    0x0800495c   0x0800495c   0x00000058   Code   RO         4919    i.prvCheckForValidListAndQueue  timers.o
    0x080049b4   0x080049b4   0x00000026   Code   RO         4299    i.prvCopyDataFromQueue  queue.o
    0x080049da   0x080049da   0x0000006c   Code   RO         4300    i.prvCopyDataToQueue  queue.o
    0x08004a46   0x08004a46   0x00000034   Code   RO         4622    i.prvDeleteTCB      tasks.o
    0x08004a7a   0x08004a7a   0x00000002   PAD
    0x08004a7c   0x08004a7c   0x0000004c   Code   RO         5417    i.prvHeapInit       heap_4.o
    0x08004ac8   0x08004ac8   0x00000060   Code   RO         4623    i.prvIdleTask       tasks.o
    0x08004b28   0x08004b28   0x00000016   Code   RO         4302    i.prvInitialiseNewQueue  queue.o
    0x08004b3e   0x08004b3e   0x0000008e   Code   RO         4624    i.prvInitialiseNewTask  tasks.o
    0x08004bcc   0x08004bcc   0x00000044   Code   RO         4920    i.prvInitialiseNewTimer  timers.o
    0x08004c10   0x08004c10   0x0000004c   Code   RO         5418    i.prvInsertBlockIntoFreeList  heap_4.o
    0x08004c5c   0x08004c5c   0x00000038   Code   RO         4921    i.prvInsertTimerInActiveList  timers.o
    0x08004c94   0x08004c94   0x0000001c   Code   RO         4303    i.prvIsQueueEmpty   queue.o
    0x08004cb0   0x08004cb0   0x000000bc   Code   RO         4922    i.prvProcessReceivedCommands  timers.o
    0x08004d6c   0x08004d6c   0x000000b4   Code   RO         4923    i.prvProcessTimerOrBlockTask  timers.o
    0x08004e20   0x08004e20   0x00000020   Code   RO         4625    i.prvResetNextTaskUnblockTime  tasks.o
    0x08004e40   0x08004e40   0x00000028   Code   RO         4924    i.prvSampleTimeNow  timers.o
    0x08004e68   0x08004e68   0x0000006c   Code   RO         4925    i.prvSwitchTimerLists  timers.o
    0x08004ed4   0x08004ed4   0x00000028   Code   RO         5468    i.prvTaskExitError  port.o
    0x08004efc   0x08004efc   0x00000024   Code   RO         4926    i.prvTimerTask      timers.o
    0x08004f20   0x08004f20   0x0000006a   Code   RO         4304    i.prvUnlockQueue    queue.o
    0x08004f8a   0x08004f8a   0x00000002   PAD
    0x08004f8c   0x08004f8c   0x000000d8   Code   RO         5419    i.pvPortMalloc      heap_4.o
    0x08005064   0x08005064   0x00000024   Code   RO         5469    i.pxPortInitialiseStack  port.o
    0x08005088   0x08005088   0x00000074   Code   RO          845    i.receive_data      dht11.o
    0x080050fc   0x080050fc   0x0000001c   Code   RO          144    i.reset             car_function.o
    0x08005118   0x08005118   0x00000010   Code   RO          317    i.rightFollowValue  sensor.o
    0x08005128   0x08005128   0x0000000c   Code   RO          318    i.rightTraceValue   sensor.o
    0x08005134   0x08005134   0x00000058   Code   RO          362    i.rightward         motor.o
    0x0800518c   0x0800518c   0x0000001c   Code   RO          536    i.sg90_init         sg90.o
    0x080051a8   0x080051a8   0x00000058   Code   RO          363    i.stop              motor.o
    0x08005200   0x08005200   0x0000004c   Code   RO          145    i.stop_car          car_function.o
    0x0800524c   0x0800524c   0x00000048   Code   RO          146    i.test              car_function.o
    0x08005294   0x08005294   0x0000003c   Code   RO          579    i.time1_delay_us    sr04.o
    0x080052d0   0x080052d0   0x000000a0   Code   RO          147    i.traceing          car_function.o
    0x08005370   0x08005370   0x00000028   Code   RO          580    i.trig              sr04.o
    0x08005398   0x08005398   0x00000068   Code   RO          846    i.trig_dht          dht11.o
    0x08005400   0x08005400   0x00000010   Code   RO          537    i.turn_0_degree     sg90.o
    0x08005410   0x08005410   0x00000010   Code   RO          538    i.turn_180_degree   sg90.o
    0x08005420   0x08005420   0x00000010   Code   RO          539    i.turn_90_degree    sg90.o
    0x08005430   0x08005430   0x00000026   Code   RO         4259    i.uxListRemove      list.o
    0x08005456   0x08005456   0x00000002   PAD
    0x08005458   0x08005458   0x00000014   Code   RO          984    i.vApplicationGetIdleTaskMemory  freertos.o
    0x0800546c   0x0800546c   0x00000018   Code   RO          985    i.vApplicationGetTimerTaskMemory  freertos.o
    0x08005484   0x08005484   0x00000016   Code   RO         4260    i.vListInitialise   list.o
    0x0800549a   0x0800549a   0x00000006   Code   RO         4261    i.vListInitialiseItem  list.o
    0x080054a0   0x080054a0   0x00000030   Code   RO         4262    i.vListInsert       list.o
    0x080054d0   0x080054d0   0x00000018   Code   RO         4263    i.vListInsertEnd    list.o
    0x080054e8   0x080054e8   0x00000040   Code   RO         5471    i.vPortEnterCritical  port.o
    0x08005528   0x08005528   0x00000028   Code   RO         5472    i.vPortExitCritical  port.o
    0x08005550   0x08005550   0x0000005c   Code   RO         5420    i.vPortFree         heap_4.o
    0x080055ac   0x080055ac   0x00000024   Code   RO         5473    i.vPortSetupTimerInterrupt  port.o
    0x080055d0   0x080055d0   0x00000054   Code   RO         5474    i.vPortValidateInterruptPriority  port.o
    0x08005624   0x08005624   0x00000028   Code   RO         4308    i.vQueueAddToRegistry  queue.o
    0x0800564c   0x0800564c   0x00000044   Code   RO         4311    i.vQueueWaitForMessageRestricted  queue.o
    0x08005690   0x08005690   0x0000004c   Code   RO         4633    i.vTaskDelay        tasks.o
    0x080056dc   0x080056dc   0x00000010   Code   RO         4636    i.vTaskInternalSetTimeOutState  tasks.o
    0x080056ec   0x080056ec   0x0000000c   Code   RO         4637    i.vTaskMissedYield  tasks.o
    0x080056f8   0x080056f8   0x00000030   Code   RO         4639    i.vTaskPlaceOnEventList  tasks.o
    0x08005728   0x08005728   0x00000038   Code   RO         4640    i.vTaskPlaceOnEventListRestricted  tasks.o
    0x08005760   0x08005760   0x00000088   Code   RO         4647    i.vTaskStartScheduler  tasks.o
    0x080057e8   0x080057e8   0x00000010   Code   RO         4649    i.vTaskSuspendAll   tasks.o
    0x080057f8   0x080057f8   0x0000005c   Code   RO         4650    i.vTaskSwitchContext  tasks.o
    0x08005854   0x08005854   0x000000a8   Code   RO         5475    i.xPortStartScheduler  port.o
    0x080058fc   0x080058fc   0x00000066   Code   RO         4315    i.xQueueGenericCreateStatic  queue.o
    0x08005962   0x08005962   0x00000002   PAD
    0x08005964   0x08005964   0x00000088   Code   RO         4316    i.xQueueGenericReset  queue.o
    0x080059ec   0x080059ec   0x00000160   Code   RO         4317    i.xQueueGenericSend  queue.o
    0x08005b4c   0x08005b4c   0x000000bc   Code   RO         4318    i.xQueueGenericSendFromISR  queue.o
    0x08005c08   0x08005c08   0x00000138   Code   RO         4324    i.xQueueReceive     queue.o
    0x08005d40   0x08005d40   0x00000074   Code   RO         4651    i.xTaskCheckForTimeOut  tasks.o
    0x08005db4   0x08005db4   0x0000005a   Code   RO         4652    i.xTaskCreate       tasks.o
    0x08005e0e   0x08005e0e   0x00000056   Code   RO         4653    i.xTaskCreateStatic  tasks.o
    0x08005e64   0x08005e64   0x0000001c   Code   RO         4657    i.xTaskGetSchedulerState  tasks.o
    0x08005e80   0x08005e80   0x0000000c   Code   RO         4658    i.xTaskGetTickCount  tasks.o
    0x08005e8c   0x08005e8c   0x000000c8   Code   RO         4660    i.xTaskIncrementTick  tasks.o
    0x08005f54   0x08005f54   0x00000098   Code   RO         4663    i.xTaskPriorityDisinherit  tasks.o
    0x08005fec   0x08005fec   0x00000074   Code   RO         4665    i.xTaskRemoveFromEventList  tasks.o
    0x08006060   0x08006060   0x000000c4   Code   RO         4666    i.xTaskResumeAll    tasks.o
    0x08006124   0x08006124   0x00000034   Code   RO         4929    i.xTimerCreate      timers.o
    0x08006158   0x08006158   0x0000002e   Code   RO         4930    i.xTimerCreateStatic  timers.o
    0x08006186   0x08006186   0x00000002   PAD
    0x08006188   0x08006188   0x00000060   Code   RO         4931    i.xTimerCreateTimerTask  timers.o
    0x080061e8   0x080061e8   0x00000060   Code   RO         4932    i.xTimerGenericCommand  timers.o
    0x08006248   0x08006248   0x000005f0   Data   RO          435    .constdata          oled.o
    0x08006838   0x08006838   0x00000024   Data   RO          987    .constdata          freertos.o
    0x0800685c   0x0800685c   0x00000012   Data   RO         1558    .constdata          stm32f1xx_hal_rcc.o
    0x0800686e   0x0800686e   0x00000010   Data   RO         4122    .constdata          system_stm32f1xx.o
    0x0800687e   0x0800687e   0x00000008   Data   RO         4123    .constdata          system_stm32f1xx.o
    0x08006886   0x08006886   0x00000002   PAD
    0x08006888   0x08006888   0x0000000b   Data   RO          988    .conststring        freertos.o
    0x08006893   0x08006893   0x00000001   PAD
    0x08006894   0x08006894   0x00000020   Data   RO         5865    Region$$Table       anon$$obj.o


    Execution Region RW_IRAM1 (Exec base: 0x20000000, Load base: 0x080068b4, Size: 0x00001df0, Max: 0x00005000, ABSOLUTE, COMPRESSED[0x000001cc])

    Exec Addr    Load Addr    Size         Type   Attr      Idx    E Section Name        Object

    0x20000000   COMPRESSED   0x00000001   Data   RW           14    .data               su03.o
    0x20000001   COMPRESSED   0x00000007   PAD
    0x20000008   COMPRESSED   0x00000028   Data   RW          149    .data               car_function.o
    0x20000030   COMPRESSED   0x00000001   Data   RW          364    .data               motor.o
    0x20000031   COMPRESSED   0x00000007   PAD
    0x20000038   COMPRESSED   0x00000008   Data   RW          581    .data               sr04.o
    0x20000040   COMPRESSED   0x000001b8   Data   RW          728    .data               iic_paj7620.o
    0x200001f8   COMPRESSED   0x00000005   Data   RW          847    .data               dht11.o
    0x200001fd   COMPRESSED   0x00000003   PAD
    0x20000200   COMPRESSED   0x00000008   Data   RW          989    .data               freertos.o
    0x20000208   COMPRESSED   0x00000004   Data   RW         1142    .data               usart.o
    0x2000020c   COMPRESSED   0x0000000c   Data   RW         1395    .data               stm32f1xx_hal.o
    0x20000218   COMPRESSED   0x00000004   Data   RW         4124    .data               system_stm32f1xx.o
    0x2000021c   COMPRESSED   0x0000003c   Data   RW         4669    .data               tasks.o
    0x20000258   COMPRESSED   0x00000014   Data   RW         4938    .data               timers.o
    0x2000026c   COMPRESSED   0x00000018   Data   RW         5425    .data               heap_4.o
    0x20000284   COMPRESSED   0x0000000c   Data   RW         5476    .data               port.o
    0x20000290   COMPRESSED   0x00000004   Data   RW         5847    .data               mc_w.l(stdout.o)
    0x20000294        -       0x00000018   Zero   RW          148    .bss                car_function.o
    0x200002ac        -       0x000006a8   Zero   RW          986    .bss                freertos.o
    0x20000954        -       0x00000054   Zero   RW         1038    .bss                i2c.o
    0x200009a8        -       0x000000d8   Zero   RW         1083    .bss                tim.o
    0x20000a80        -       0x00000110   Zero   RW         1141    .bss                usart.o
    0x20000b90        -       0x00000048   Zero   RW         1298    .bss                stm32f1xx_hal_timebase_tim.o
    0x20000bd8        -       0x00000040   Zero   RW         4327    .bss                queue.o
    0x20000c18        -       0x000000f0   Zero   RW         4668    .bss                tasks.o
    0x20000d08        -       0x000000e8   Zero   RW         4937    .bss                timers.o
    0x20000df0        -       0x00000c00   Zero   RW         5424    .bss                heap_4.o
    0x200019f0        -       0x00000400   Zero   RW            1    STACK               startup_stm32f103xb.o


==============================================================================

Image component sizes


      Code (inc. data)   RO Data    RW Data    ZI Data      Debug   Object Name

      1596        362          0         40         24      39338   car_function.o
       376         14          0          0          0      28454   cmsis_os.o
       360         30          0          5          0       2928   dht11.o
         0          0          0          0          0      18084   event_groups.o
       252         62         47          8       1704       3621   freertos.o
       280         20          0          0          0        947   gpio.o
       460         24          0         24       3072       4543   heap_4.o
       156         26          0          0         84       1545   i2c.o
       598         32          0          0          0       5657   iic.o
       862        216          0        440          0       9185   iic_paj7620.o
       138          0          0          0          0       3270   list.o
       210         20          0          0          0       7460   main.o
       576         96          0          1          0       4467   motor.o
       520         22       1520          0          0       4999   oled.o
       662         70          0         12          0      10909   port.o
      1500         20          0          0         64      14004   queue.o
        52         18          0          0          0       1684   sensor.o
        76         22          0          0          0       1891   sg90.o
       100          8          0          8          0       1375   sr04.o
        36          8        236          0       1024        780   startup_stm32f103xb.o
       100         18          0         12          0       5094   stm32f1xx_hal.o
       158         14          0          0          0      28078   stm32f1xx_hal_cortex.o
       222          4          0          0          0       1707   stm32f1xx_hal_dma.o
       540         40          0          0          0       4591   stm32f1xx_hal_gpio.o
      1414         32          0          0          0       9187   stm32f1xx_hal_i2c.o
        72         10          0          0          0        826   stm32f1xx_hal_msp.o
      1304         94         18          0          0       5597   stm32f1xx_hal_rcc.o
      2010         76          0          0          0      17438   stm32f1xx_hal_tim.o
       108         12          0          0          0       2321   stm32f1xx_hal_tim_ex.o
       152         20          0          0         72       1415   stm32f1xx_hal_timebase_tim.o
      1554         10          0          0          0      10584   stm32f1xx_hal_uart.o
        64         12          0          0          0       4167   stm32f1xx_it.o
         0          0          0          0          0        392   stream_buffer.o
       252         10          0          1          0     434977   su03.o
         2          0         24          4          0       1055   system_stm32f1xx.o
      2090        158          0         60        240      22512   tasks.o
       636         58          0          0        216       3650   tim.o
      1054         78          0         20        232      28899   timers.o
       392         56          0          4        272       2477   usart.o

    ----------------------------------------------------------------------
     20970       1772       1880        656       7004     750108   Object Totals
         0          0         32          0          0          0   (incl. Generated)
        36          0          3         17          0          0   (incl. Padding)

    ----------------------------------------------------------------------

      Code (inc. data)   RO Data    RW Data    ZI Data      Debug   Library Member Name

        58          0          0          0          0          0   __dczerorl.o
         0          0          0          0          0          0   entry.o
         0          0          0          0          0          0   entry10a.o
         0          0          0          0          0          0   entry11a.o
         4          0          0          0          0          0   entry12b.o
         8          4          0          0          0          0   entry2.o
         4          0          0          0          0          0   entry5.o
         0          0          0          0          0          0   entry7b.o
         0          0          0          0          0          0   entry8b.o
         8          4          0          0          0          0   entry9a.o
        30          0          0          0          0          0   handlers.o
        36          8          0          0          0         68   init.o
         0          0          0          0          0          0   iusefp.o
        30          0          0          0          0         68   llshl.o
        36          0          0          0          0         68   llsshr.o
        32          0          0          0          0         68   llushr.o
        36          0          0          0          0         68   memcpya.o
        36          0          0          0          0        108   memseta.o
      2268         96          0          0          0        616   printfa.o
         0          0          0          4          0          0   stdout.o
        28          0          0          0          0         76   strcmp.o
        44          0          0          0          0         80   uidiv.o
        98          0          0          0          0         92   uldiv.o
        48          0          0          0          0         68   cdcmple.o
        48          0          0          0          0         68   cdrcmple.o
       334          0          0          0          0        148   dadd.o
       222          0          0          0          0        100   ddiv.o
       186          0          0          0          0        176   depilogue.o
        48          0          0          0          0         68   dfixul.o
        34          0          0          0          0         76   dflti.o
       228          0          0          0          0         96   dmul.o
        46          0          0          0          0         80   dscalb.o

    ----------------------------------------------------------------------
      3954        112          0          4          0       2192   Library Totals
         4          0          0          0          0          0   (incl. Padding)

    ----------------------------------------------------------------------

      Code (inc. data)   RO Data    RW Data    ZI Data      Debug   Library Name

      2756        112          0          4          0       1312   mc_w.l
      1194          0          0          0          0        880   mf_w.l

    ----------------------------------------------------------------------
      3954        112          0          4          0       2192   Library Totals

    ----------------------------------------------------------------------

==============================================================================


      Code (inc. data)   RO Data    RW Data    ZI Data      Debug   

     24924       1884       1880        660       7004     738856   Grand Totals
     24924       1884       1880        460       7004     738856   ELF Image Totals (compressed)
     24924       1884       1880        460          0          0   ROM Totals

==============================================================================

    Total RO  Size (Code + RO Data)                26804 (  26.18kB)
    Total RW  Size (RW Data + ZI Data)              7664 (   7.48kB)
    Total ROM Size (Code + RO Data + RW Data)      27264 (  26.63kB)

==============================================================================

